Component: ARM Compiler 6.15 Tool: armlink [5dd79300]

==============================================================================

Memory Map of the image

  Image Entry point : 0x08008189

  Load Region LR_IROM1 (Base: 0x08008000, Size: 0x000082f4, Max: 0x000f8000, ABSOLUTE)

    Execution Region ER_IROM1 (Base: 0x08008000, Size: 0x000081f4, Max: 0x000f8000, ABSOLUTE)

    Base Addr    Size         Type   Attr      Idx    E Section Name        Object

    0x08008000   0x00000188   Data   RO        29754    RESET               BUILD/SKRV2/ARMC6/mbed-os/targets/TARGET_STM/TARGET_STM32F4/TARGET_STM32F407xG/device/TOOLCHAIN_ARM_STD/startup_STM32F407xx.o
    0x08008188   0x00000008   Code   RO        34105  * !!!main             c:\ProgramData\Mbed Studio\mbed-studio-tools\ac6\bin\..\lib\armlib\c_w.l(__main.o)
    0x08008190   0x00000034   Code   RO        34705    !!!scatter          c:\ProgramData\Mbed Studio\mbed-studio-tools\ac6\bin\..\lib\armlib\c_w.l(__scatter.o)
    0x080081c4   0x0000001a   Code   RO        34707    !!handler_copy      c:\ProgramData\Mbed Studio\mbed-studio-tools\ac6\bin\..\lib\armlib\c_w.l(__scatter_copy.o)
    0x080081de   0x00000002   PAD
    0x080081e0   0x0000001c   Code   RO        34709    !!handler_zi        c:\ProgramData\Mbed Studio\mbed-studio-tools\ac6\bin\..\lib\armlib\c_w.l(__scatter_zi.o)
    0x080081fc   0x00000000   Code   RO        33971    .ARM.Collect$$_printf_percent$$00000000  c:\ProgramData\Mbed Studio\mbed-studio-tools\ac6\bin\..\lib\armlib\c_w.l(_printf_percent.o)
    0x080081fc   0x00000006   Code   RO        33963    .ARM.Collect$$_printf_percent$$00000001  c:\ProgramData\Mbed Studio\mbed-studio-tools\ac6\bin\..\lib\armlib\c_w.l(_printf_n.o)
    0x08008202   0x00000006   Code   RO        33965    .ARM.Collect$$_printf_percent$$00000002  c:\ProgramData\Mbed Studio\mbed-studio-tools\ac6\bin\..\lib\armlib\c_w.l(_printf_p.o)
    0x08008208   0x00000006   Code   RO        33970    .ARM.Collect$$_printf_percent$$00000003  c:\ProgramData\Mbed Studio\mbed-studio-tools\ac6\bin\..\lib\armlib\c_w.l(_printf_f.o)
    0x0800820e   0x00000006   Code   RO        34285    .ARM.Collect$$_printf_percent$$00000004  c:\ProgramData\Mbed Studio\mbed-studio-tools\ac6\bin\..\lib\armlib\c_w.l(_printf_e.o)
    0x08008214   0x00000006   Code   RO        34286    .ARM.Collect$$_printf_percent$$00000005  c:\ProgramData\Mbed Studio\mbed-studio-tools\ac6\bin\..\lib\armlib\c_w.l(_printf_g.o)
    0x0800821a   0x00000006   Code   RO        34287    .ARM.Collect$$_printf_percent$$00000006  c:\ProgramData\Mbed Studio\mbed-studio-tools\ac6\bin\..\lib\armlib\c_w.l(_printf_a.o)
    0x08008220   0x0000000a   Code   RO        34292    .ARM.Collect$$_printf_percent$$00000007  c:\ProgramData\Mbed Studio\mbed-studio-tools\ac6\bin\..\lib\armlib\c_w.l(_printf_ll.o)
    0x0800822a   0x00000006   Code   RO        33967    .ARM.Collect$$_printf_percent$$00000008  c:\ProgramData\Mbed Studio\mbed-studio-tools\ac6\bin\..\lib\armlib\c_w.l(_printf_i.o)
    0x08008230   0x00000006   Code   RO        33968    .ARM.Collect$$_printf_percent$$00000009  c:\ProgramData\Mbed Studio\mbed-studio-tools\ac6\bin\..\lib\armlib\c_w.l(_printf_d.o)
    0x08008236   0x00000006   Code   RO        33969    .ARM.Collect$$_printf_percent$$0000000A  c:\ProgramData\Mbed Studio\mbed-studio-tools\ac6\bin\..\lib\armlib\c_w.l(_printf_u.o)
    0x0800823c   0x00000006   Code   RO        33966    .ARM.Collect$$_printf_percent$$0000000B  c:\ProgramData\Mbed Studio\mbed-studio-tools\ac6\bin\..\lib\armlib\c_w.l(_printf_o.o)
    0x08008242   0x00000006   Code   RO        33964    .ARM.Collect$$_printf_percent$$0000000C  c:\ProgramData\Mbed Studio\mbed-studio-tools\ac6\bin\..\lib\armlib\c_w.l(_printf_x.o)
    0x08008248   0x00000006   Code   RO        34289    .ARM.Collect$$_printf_percent$$0000000D  c:\ProgramData\Mbed Studio\mbed-studio-tools\ac6\bin\..\lib\armlib\c_w.l(_printf_lli.o)
    0x0800824e   0x00000006   Code   RO        34290    .ARM.Collect$$_printf_percent$$0000000E  c:\ProgramData\Mbed Studio\mbed-studio-tools\ac6\bin\..\lib\armlib\c_w.l(_printf_lld.o)
    0x08008254   0x00000006   Code   RO        34291    .ARM.Collect$$_printf_percent$$0000000F  c:\ProgramData\Mbed Studio\mbed-studio-tools\ac6\bin\..\lib\armlib\c_w.l(_printf_llu.o)
    0x0800825a   0x00000006   Code   RO        34295    .ARM.Collect$$_printf_percent$$00000010  c:\ProgramData\Mbed Studio\mbed-studio-tools\ac6\bin\..\lib\armlib\c_w.l(_printf_llo.o)
    0x08008260   0x00000006   Code   RO        34296    .ARM.Collect$$_printf_percent$$00000011  c:\ProgramData\Mbed Studio\mbed-studio-tools\ac6\bin\..\lib\armlib\c_w.l(_printf_llx.o)
    0x08008266   0x0000000a   Code   RO        34293    .ARM.Collect$$_printf_percent$$00000012  c:\ProgramData\Mbed Studio\mbed-studio-tools\ac6\bin\..\lib\armlib\c_w.l(_printf_l.o)
[...]
    0x080082ac   0x00000000   Code   RO        34369    .ARM.Collect$$libinit$$00000015  c:\ProgramData\Mbed Studio\mbed-studio-tools\ac6\bin\..\lib\armlib\c_w.l(libinit2.o)
    0x080082ac   0x0000000a   Code   RO        34370    .ARM.Collect$$libinit$$00000016  c:\ProgramData\Mbed Studio\mbed-studio-tools\ac6\bin\..\lib\armlib\c_w.l(libinit2.o)
    0x080082b6   0x00000000   Code   RO        34371    .ARM.Collect$$libinit$$00000017  c:\ProgramData\Mbed Studio\mbed-studio-tools\ac6\bin\..\lib\armlib\c_w.l(libinit2.o)
    0x080082b6   0x00000000   Code   RO        34373    .ARM.Collect$$libinit$$00000019  c:\ProgramData\Mbed Studio\mbed-studio-tools\ac6\bin\..\lib\armlib\c_w.l(libinit2.o)
    0x080082b6   0x00000000   Code   RO        34375    .ARM.Collect$$libinit$$0000001B  c:\ProgramData\Mbed Studio\mbed-studio-tools\ac6\bin\..\lib\armlib\c_w.l(libinit2.o)
    0x080082b6   0x00000000   Code   RO        34377    .ARM.Collect$$libinit$$0000001D  c:\ProgramData\Mbed Studio\mbed-studio-tools\ac6\bin\..\lib\armlib\c_w.l(libinit2.o)
    0x080082b6   0x00000000   Code   RO        34379    .ARM.Collect$$libinit$$0000001F  c:\ProgramData\Mbed Studio\mbed-studio-tools\ac6\bin\..\lib\armlib\c_w.l(libinit2.o)
    0x080082b6   0x00000000   Code   RO        34381    .ARM.Collect$$libinit$$00000021  c:\ProgramData\Mbed Studio\mbed-studio-tools\ac6\bin\..\lib\armlib\c_w.l(libinit2.o)
    0x080082b6   0x00000000   Code   RO        34383    .ARM.Collect$$libinit$$00000023  c:\ProgramData\Mbed Studio\mbed-studio-tools\ac6\bin\..\lib\armlib\c_w.l(libinit2.o)
    0x080082b6   0x00000004   Code   RO        34384    .ARM.Collect$$libinit$$00000024  c:\ProgramData\Mbed Studio\mbed-studio-tools\ac6\bin\..\lib\armlib\c_w.l(libinit2.o)
    0x080082ba   0x00000000   Code   RO        34385    .ARM.Collect$$libinit$$00000025  c:\ProgramData\Mbed Studio\mbed-studio-tools\ac6\bin\..\lib\armlib\c_w.l(libinit2.o)
    0x080082ba   0x00000000   Code   RO        34389    .ARM.Collect$$libinit$$0000002C  c:\ProgramData\Mbed Studio\mbed-studio-tools\ac6\bin\..\lib\armlib\c_w.l(libinit2.o)
    0x080082ba   0x00000000   Code   RO        34391    .ARM.Collect$$libinit$$0000002E  c:\ProgramData\Mbed Studio\mbed-studio-tools\ac6\bin\..\lib\armlib\c_w.l(libinit2.o)
    0x080082ba   0x00000000   Code   RO        34393    .ARM.Collect$$libinit$$00000030  c:\ProgramData\Mbed Studio\mbed-studio-tools\ac6\bin\..\lib\armlib\c_w.l(libinit2.o)
    0x080082ba   0x00000004   Code   RO        34394    .ARM.Collect$$libinit$$00000031  c:\ProgramData\Mbed Studio\mbed-studio-tools\ac6\bin\..\lib\armlib\c_w.l(libinit2.o)
    0x080082be   0x00000000   Code   RO        34395    .ARM.Collect$$libinit$$00000032  c:\ProgramData\Mbed Studio\mbed-studio-tools\ac6\bin\..\lib\armlib\c_w.l(libinit2.o)
    0x080082be   0x00000002   Code   RO        34396    .ARM.Collect$$libinit$$00000033  c:\ProgramData\Mbed Studio\mbed-studio-tools\ac6\bin\..\lib\armlib\c_w.l(libinit2.o)
    0x080082c0   0x00000000   Code   RO        34560    .ARM.Collect$$libshutdown$$00000004  c:\ProgramData\Mbed Studio\mbed-studio-tools\ac6\bin\..\lib\armlib\c_w.l(libshutdown2.o)
    0x080082c0   0x00000000   Code   RO        34571    .ARM.Collect$$libshutdown$$0000000F  c:\ProgramData\Mbed Studio\mbed-studio-tools\ac6\bin\..\lib\armlib\c_w.l(libshutdown2.o)
    0x080082c0   0x000000c8   Code   RO        28288    .text               BUILD/SKRV2/ARMC6/mbed-os/platform/source/TARGET_CORTEX_M/TOOLCHAIN_ARM/except.o
    0x08008388   0x000000c4   Code   RO        29099    .text               BUILD/SKRV2/ARMC6/mbed-os/rtos/source/TARGET_CORTEX/rtx5/RTX/Source/TOOLCHAIN_ARM/TARGET_RTOS_M4_M7/irq_cm4f.o
    0x0800844c   0x00000024   Code   RO        29755    .text               BUILD/SKRV2/ARMC6/mbed-os/targets/TARGET_STM/TARGET_STM32F4/TARGET_STM32F407xG/device/TOOLCHAIN_ARM_STD/startup_STM32F407xx.o
    0x08008470   0x00000002   Code   RO        33796    .text               c:\ProgramData\Mbed Studio\mbed-studio-tools\ac6\bin\..\lib\armlib\c_w.l(use_no_semi_2.o)
    0x08008472   0x00000002   PAD
    0x08008474   0x00000010   Code   RO        33798    .text               c:\ProgramData\Mbed Studio\mbed-studio-tools\ac6\bin\..\lib\armlib\c_w.l(rt_ctype_table.o)
    0x08008484   0x00000004   Code   RO        33805    .text               c:\ProgramData\Mbed Studio\mbed-studio-tools\ac6\bin\..\lib\armlib\c_w.l(rt_errno_addr_twolibspace.o)
    0x08008488   0x000000a6   Code   RO        33817    .text               c:\ProgramData\Mbed Studio\mbed-studio-tools\ac6\bin\..\lib\armlib\c_w.l(h1_alloc_threads.o)
    0x0800852e   0x00000076   Code   RO        33819    .text               c:\ProgramData\Mbed Studio\mbed-studio-tools\ac6\bin\..\lib\armlib\c_w.l(h1_free_threads.o)
    0x080085a4   0x000000f0   Code   RO        33871    .text               c:\ProgramData\Mbed Studio\mbed-studio-tools\ac6\bin\..\lib\armlib\c_w.l(lludivv7m.o)
    0x08008694   0x00000026   Code   RO        33873    .text               c:\ProgramData\Mbed Studio\mbed-studio-tools\ac6\bin\..\lib\armlib\c_w.l(llshl.o)
    0x080086ba   0x00000026   Code   RO        33875    .text               c:\ProgramData\Mbed Studio\mbed-studio-tools\ac6\bin\..\lib\armlib\c_w.l(llushr.o)
    0x080086e0   0x0000000a   Code   RO        33881    .text               c:\ProgramData\Mbed Studio\mbed-studio-tools\ac6\bin\..\lib\armlib\c_w.l(vfprintf.o)
    0x080086ea   0x00000002   PAD
    0x080086ec   0x00000034   Code   RO        33885    .text               c:\ProgramData\Mbed Studio\mbed-studio-tools\ac6\bin\..\lib\armlib\c_w.l(vsnprintf.o)
    0x08008720   0x0000004e   Code   RO        33901    .text               c:\ProgramData\Mbed Studio\mbed-studio-tools\ac6\bin\..\lib\armlib\c_w.l(_printf_pad.o)
    0x0800876e   0x00000024   Code   RO        33903    .text               c:\ProgramData\Mbed Studio\mbed-studio-tools\ac6\bin\..\lib\armlib\c_w.l(_printf_truncate.o)
    0x08008792   0x00000052   Code   RO        33905    .text               c:\ProgramData\Mbed Studio\mbed-studio-tools\ac6\bin\..\lib\armlib\c_w.l(_printf_str.o)
    0x080087e4   0x00000078   Code   RO        33907    .text               c:\ProgramData\Mbed Studio\mbed-studio-tools\ac6\bin\..\lib\armlib\c_w.l(_printf_dec.o)
    0x0800885c   0x00000028   Code   RO        33909    .text               c:\ProgramData\Mbed Studio\mbed-studio-tools\ac6\bin\..\lib\armlib\c_w.l(_printf_charcount.o)
    0x08008884   0x000000bc   Code   RO        33911    .text               c:\ProgramData\Mbed Studio\mbed-studio-tools\ac6\bin\..\lib\armlib\c_w.l(_printf_wctomb.o)
    0x08008940   0x00000070   Code   RO        33918    .text               c:\ProgramData\Mbed Studio\mbed-studio-tools\ac6\bin\..\lib\armlib\c_w.l(_printf_oct_int_ll.o)
    0x080089b0   0x00000094   Code   RO        33938    .text               c:\ProgramData\Mbed Studio\mbed-studio-tools\ac6\bin\..\lib\armlib\c_w.l(_printf_hex_int_ll_ptr.o)
    0x08008a44   0x00000188   Code   RO        33958    .text               c:\ProgramData\Mbed Studio\mbed-studio-tools\ac6\bin\..\lib\armlib\c_w.l(__printf_flags_ss_wp.o)
    0x08008bcc   0x000000f8   Code   RO        34005    .text               c:\ProgramData\Mbed Studio\mbed-studio-tools\ac6\bin\..\lib\armlib\c_w.l(fseek.o)
    0x08008cc4   0x00000042   Code   RO        34007    .text               c:\ProgramData\Mbed Studio\mbed-studio-tools\ac6\bin\..\lib\armlib\c_w.l(ftell.o)
    0x08008d06   0x00000014   Code   RO        34019    .text               c:\ProgramData\Mbed Studio\mbed-studio-tools\ac6\bin\..\lib\armlib\c_w.l(setbuf.o)
    0x08008d1a   0x0000004c   Code   RO        34027    .text               c:\ProgramData\Mbed Studio\mbed-studio-tools\ac6\bin\..\lib\armlib\c_w.l(fclose.o)
    0x08008d66   0x00000002   PAD
    0x08008d68   0x00000034   Code   RO        34035    .text               c:\ProgramData\Mbed Studio\mbed-studio-tools\ac6\bin\..\lib\armlib\c_w.l(fclose_locked.o)
    0x08008d9c   0x0000002c   Code   RO        34037    .text               c:\ProgramData\Mbed Studio\mbed-studio-tools\ac6\bin\..\lib\armlib\c_w.l(fseek_locked.o)
    0x08008dc8   0x00000090   Code   RO        34039    .text               c:\ProgramData\Mbed Studio\mbed-studio-tools\ac6\bin\..\lib\armlib\c_w.l(fflush_locked.o)
    0x08008e58   0x0000014c   Code   RO        34041    .text               c:\ProgramData\Mbed Studio\mbed-studio-tools\ac6\bin\..\lib\armlib\c_w.l(fopen_locked.o)
    0x08008fa4   0x0000001c   Code   RO        34057    .text               c:\ProgramData\Mbed Studio\mbed-studio-tools\ac6\bin\..\lib\armlib\c_w.l(strspn.o)
    0x08008fc0   0x00000058   Code   RO        34061    .text               c:\ProgramData\Mbed Studio\mbed-studio-tools\ac6\bin\..\lib\armlib\c_w.l(memcmp.o)
    0x08009018   0x0000003e   Code   RO        34067    .text               c:\ProgramData\Mbed Studio\mbed-studio-tools\ac6\bin\..\lib\armlib\c_w.l(strlen.o)
    0x08009056   0x0000008a   Code   RO        34075    .text               c:\ProgramData\Mbed Studio\mbed-studio-tools\ac6\bin\..\lib\armlib\c_w.l(rt_memcpy_v6.o)
    0x080090e0   0x00000064   Code   RO        34079    .text               c:\ProgramData\Mbed Studio\mbed-studio-tools\ac6\bin\..\lib\armlib\c_w.l(rt_memcpy_w.o)
    0x08009144   0x00000044   Code   RO        34089    .text               c:\ProgramData\Mbed Studio\mbed-studio-tools\ac6\bin\..\lib\armlib\c_w.l(rt_memclr.o)
    0x08009188   0x0000004e   Code   RO        34091    .text               c:\ProgramData\Mbed Studio\mbed-studio-tools\ac6\bin\..\lib\armlib\c_w.l(rt_memclr_w.o)
    0x080091d6   0x00000002   PAD
    0x080091d8   0x0000007c   Code   RO        34095    .text               c:\ProgramData\Mbed Studio\mbed-studio-tools\ac6\bin\..\lib\armlib\c_w.l(strcmpv7em.o)
    0x08009254   0x00000006   Code   RO        34102    .text               c:\ProgramData\Mbed Studio\mbed-studio-tools\ac6\bin\..\lib\armlib\c_w.l(heapauxi.o)
    0x0800925a   0x00000002   PAD
    0x0800925c   0x00000024   Code   RO        34110    .text               c:\ProgramData\Mbed Studio\mbed-studio-tools\ac6\bin\..\lib\armlib\c_w.l(init_aeabi.o)
    0x08009280   0x00000008   Code   RO        34218    .text               c:\ProgramData\Mbed Studio\mbed-studio-tools\ac6\bin\..\lib\armlib\c_w.l(libspace.o)
    0x08009288   0x00000002   Code   RO        34221    .text               c:\ProgramData\Mbed Studio\mbed-studio-tools\ac6\bin\..\lib\armlib\c_w.l(use_no_semi.o)
    0x0800928a   0x0000000a   Code   RO        34232    .text               c:\ProgramData\Mbed Studio\mbed-studio-tools\ac6\bin\..\lib\armlib\c_w.l(rt_heap_descriptor_twolibspace.o)
    0x08009294   0x0000000a   Code   RO        34239    .text               c:\ProgramData\Mbed Studio\mbed-studio-tools\ac6\bin\..\lib\armlib\c_w.l(rt_locale_twolibspace.o)
    0x0800929e   0x00000004   Code   RO        34241    .text               c:\ProgramData\Mbed Studio\mbed-studio-tools\ac6\bin\..\lib\armlib\c_w.l(hguard.o)
    0x080092a2   0x0000008a   Code   RO        34243    .text               c:\ProgramData\Mbed Studio\mbed-studio-tools\ac6\bin\..\lib\armlib\c_w.l(init_alloc.o)
    0x0800932c   0x00000012   Code   RO        34251    .text               c:\ProgramData\Mbed Studio\mbed-studio-tools\ac6\bin\..\lib\armlib\c_w.l(h1_init_threads.o)
    0x0800933e   0x000000b2   Code   RO        34265    .text               c:\ProgramData\Mbed Studio\mbed-studio-tools\ac6\bin\..\lib\armlib\c_w.l(_printf_intcommon.o)
    0x080093f0   0x0000041c   Code   RO        34267    .text               c:\ProgramData\Mbed Studio\mbed-studio-tools\ac6\bin\..\lib\armlib\c_w.l(_printf_fp_dec.o)
    0x0800980c   0x00000030   Code   RO        34271    .text               c:\ProgramData\Mbed Studio\mbed-studio-tools\ac6\bin\..\lib\armlib\c_w.l(_printf_char_common.o)
    0x0800983c   0x0000000a   Code   RO        34273    .text               c:\ProgramData\Mbed Studio\mbed-studio-tools\ac6\bin\..\lib\armlib\c_w.l(_sputc.o)
    0x08009846   0x00000010   Code   RO        34275    .text               c:\ProgramData\Mbed Studio\mbed-studio-tools\ac6\bin\..\lib\armlib\c_w.l(_snputc.o)
    0x08009856   0x0000002c   Code   RO        34277    .text               c:\ProgramData\Mbed Studio\mbed-studio-tools\ac6\bin\..\lib\armlib\c_w.l(_printf_char.o)
    0x08009882   0x0000002c   Code   RO        34281    .text               c:\ProgramData\Mbed Studio\mbed-studio-tools\ac6\bin\..\lib\armlib\c_w.l(_printf_wchar.o)
    0x080098ae   0x00000002   PAD
    0x080098b0   0x0000007c   Code   RO        34283    .text               c:\ProgramData\Mbed Studio\mbed-studio-tools\ac6\bin\..\lib\armlib\c_w.l(_printf_longlong_dec.o)
    0x0800992c   0x000001d6   Code   RO        34321    .text               c:\ProgramData\Mbed Studio\mbed-studio-tools\ac6\bin\..\lib\armlib\c_w.l(flsbuf.o)
    0x08009b02   0x00000002   PAD
    0x08009b04   0x000000f0   Code   RO        34325    .text               c:\ProgramData\Mbed Studio\mbed-studio-tools\ac6\bin\..\lib\armlib\c_w.l(stdio.o)
    0x08009bf4   0x00000068   Code   RO        34334    .text               c:\ProgramData\Mbed Studio\mbed-studio-tools\ac6\bin\..\lib\armlib\c_w.l(setvbuf_locked.o)
    0x08009c5c   0x000001c8   Code   RO        34336    .text               c:\ProgramData\Mbed Studio\mbed-studio-tools\ac6\bin\..\lib\armlib\c_w.l(initio_locked.o)
    0x08009e24   0x00000048   Code   RO        34338    .text               c:\ProgramData\Mbed Studio\mbed-studio-tools\ac6\bin\..\lib\armlib\c_w.l(_c16rtomb.o)
    0x08009e6c   0x00000016   Code   RO        34343    .text               c:\ProgramData\Mbed Studio\mbed-studio-tools\ac6\bin\..\lib\armlib\c_w.l(abort.o)
    0x08009e82   0x00000000   Code   RO        34454    .text               c:\ProgramData\Mbed Studio\mbed-studio-tools\ac6\bin\..\lib\armlib\c_w.l(maybetermalloc2.o)
    0x08009e82   0x00000052   Code   RO        34457    .text               c:\ProgramData\Mbed Studio\mbed-studio-tools\ac6\bin\..\lib\armlib\c_w.l(h1_extend_threads.o)
    0x08009ed4   0x0000008a   Code   RO        34459    .text               c:\ProgramData\Mbed Studio\mbed-studio-tools\ac6\bin\..\lib\armlib\c_w.l(lludiv10.o)
    0x08009f5e   0x00000002   PAD
    0x08009f60   0x000002fc   Code   RO        34461    .text               c:\ProgramData\Mbed Studio\mbed-studio-tools\ac6\bin\..\lib\armlib\c_w.l(_printf_fp_hex.o)
    0x0800a25c   0x00000080   Code   RO        34464    .text               c:\ProgramData\Mbed Studio\mbed-studio-tools\ac6\bin\..\lib\armlib\c_w.l(_printf_fp_infnan.o)
    0x0800a2dc   0x00000040   Code   RO        34468    .text               c:\ProgramData\Mbed Studio\mbed-studio-tools\ac6\bin\..\lib\armlib\c_w.l(_printf_char_file_locked.o)
    0x0800a31c   0x000000e4   Code   RO        34482    .text               c:\ProgramData\Mbed Studio\mbed-studio-tools\ac6\bin\..\lib\armlib\c_w.l(bigflt0.o)
    0x0800a400   0x0000000e   Code   RO        34538    .text               c:\ProgramData\Mbed Studio\mbed-studio-tools\ac6\bin\..\lib\armlib\c_w.l(defsig_abrt_outer.o)
    0x0800a40e   0x0000000e   Code   RO        34542    .text               c:\ProgramData\Mbed Studio\mbed-studio-tools\ac6\bin\..\lib\armlib\c_w.l(defsig_rtred_outer.o)
    0x0800a41c   0x0000000e   Code   RO        34546    .text               c:\ProgramData\Mbed Studio\mbed-studio-tools\ac6\bin\..\lib\armlib\c_w.l(defsig_rtmem_outer.o)
    0x0800a42a   0x00000010   Code   RO        34591    .text               c:\ProgramData\Mbed Studio\mbed-studio-tools\ac6\bin\..\lib\armlib\c_w.l(term_alloc.o)
    0x0800a43a   0x0000000a   Code   RO        34600    .text               c:\ProgramData\Mbed Studio\mbed-studio-tools\ac6\bin\..\lib\armlib\c_w.l(defsig_exit.o)
    0x0800a444   0x00000030   Code   RO        34602    .text               c:\ProgramData\Mbed Studio\mbed-studio-tools\ac6\bin\..\lib\armlib\c_w.l(defsig_abrt_inner.o)
    0x0800a474   0x00000034   Code   RO        34608    .text               c:\ProgramData\Mbed Studio\mbed-studio-tools\ac6\bin\..\lib\armlib\c_w.l(defsig_rtred_inner.o)
    0x0800a4a8   0x00000050   Code   RO        34610    .text               c:\ProgramData\Mbed Studio\mbed-studio-tools\ac6\bin\..\lib\armlib\c_w.l(defsig_rtmem_inner.o)
    0x0800a4f8   0x0000000a   Code   RO        34636    .text               c:\ProgramData\Mbed Studio\mbed-studio-tools\ac6\bin\..\lib\armlib\c_w.l(h1_final_threads.o)
    0x0800a502   0x00000032   Code   RO        34646    .text               c:\ProgramData\Mbed Studio\mbed-studio-tools\ac6\bin\..\lib\armlib\c_w.l(defsig_general.o)
    0x0800a534   0x00000028   Code   RO        28652    .text.$Sub$$__rt_lib_init  BUILD/SKRV2/ARMC6/mbed-os/platform/source/mbed_retarget.o
    0x0800a55c   0x00000008   Code   RO        33360    .text.CAN1_RX0_IRQHandler  BUILD/SKRV2/ARMC6/mbed-os/targets/TARGET_STM/can_api.o
    0x0800a564   0x00000008   Code   RO        33366    .text.CAN1_SCE_IRQHandler  BUILD/SKRV2/ARMC6/mbed-os/targets/TARGET_STM/can_api.o
    0x0800a56c   0x0000000c   Code   RO        33364    .text.CAN1_TX_IRQHandler  BUILD/SKRV2/ARMC6/mbed-os/targets/TARGET_STM/can_api.o
    0x0800a578   0x00000008   Code   RO        33368    .text.CAN2_RX0_IRQHandler  BUILD/SKRV2/ARMC6/mbed-os/targets/TARGET_STM/can_api.o
    0x0800a580   0x00000008   Code   RO        33372    .text.CAN2_SCE_IRQHandler  BUILD/SKRV2/ARMC6/mbed-os/targets/TARGET_STM/can_api.o
    0x0800a588   0x0000000c   Code   RO        33370    .text.CAN2_TX_IRQHandler  BUILD/SKRV2/ARMC6/mbed-os/targets/TARGET_STM/can_api.o
    0x0800a594   0x00000002   Code   RO        29162    .text.EvrRtxDelayError  BUILD/SKRV2/ARMC6/mbed-os/rtos/source/TARGET_CORTEX/rtx5/RTX/Source/rtx_evr.o
    0x0800a596   0x00000002   Code   RO        29150    .text.EvrRtxKernelError  BUILD/SKRV2/ARMC6/mbed-os/rtos/source/TARGET_CORTEX/rtx5/RTX/Source/rtx_evr.o
    0x0800a598   0x00000002   Code   RO        29174    .text.EvrRtxMessageQueueError  BUILD/SKRV2/ARMC6/mbed-os/rtos/source/TARGET_CORTEX/rtx5/RTX/Source/rtx_evr.o
    0x0800a59a   0x00000002   Code   RO        29168    .text.EvrRtxMutexError  BUILD/SKRV2/ARMC6/mbed-os/rtos/source/TARGET_CORTEX/rtx5/RTX/Source/rtx_evr.o
    0x0800a59c   0x00000002   Code   RO        29152    .text.EvrRtxThreadError  BUILD/SKRV2/ARMC6/mbed-os/rtos/source/TARGET_CORTEX/rtx5/RTX/Source/rtx_evr.o
    0x0800a59e   0x00000002   PAD
    0x0800a5a0   0x00000018   Code   RO        29033    .text.EvrRtxThreadExit  BUILD/SKRV2/ARMC6/mbed-os/rtos/source/TARGET_CORTEX/mbed_rtx_handlers.o
    0x0800a5b8   0x00000034   Code   RO        33432    .text.HAL_GetTick   BUILD/SKRV2/ARMC6/mbed-os/targets/TARGET_STM/hal_tick_overrides.o
    0x0800a5ec   0x00000034   Code   RO        29776    .text.HAL_Init      BUILD/SKRV2/ARMC6/mbed-os/targets/TARGET_STM/TARGET_STM32F4/device/stm32f4xx_hal.o
    0x0800a620   0x0000000a   Code   RO        33430    .text.HAL_InitTick  BUILD/SKRV2/ARMC6/mbed-os/targets/TARGET_STM/hal_tick_overrides.o
    0x0800a62a   0x00000002   Code   RO        29780    .text.HAL_MspInit   BUILD/SKRV2/ARMC6/mbed-os/targets/TARGET_STM/TARGET_STM32F4/device/stm32f4xx_hal.o
    0x0800a62c   0x00000020   Code   RO        29978    .text.HAL_NVIC_SetPriorityGrouping  BUILD/SKRV2/ARMC6/mbed-os/targets/TARGET_STM/TARGET_STM32F4/device/stm32f4xx_hal_cortex.o
    0x0800a64c   0x00000020   Code   RO        31293    .text.HAL_PWR_EnterSLEEPMode  BUILD/SKRV2/ARMC6/mbed-os/targets/TARGET_STM/TARGET_STM32F4/device/stm32f4xx_hal_pwr.o
    0x0800a66c   0x00000034   Code   RO        31295    .text.HAL_PWR_EnterSTOPMode  BUILD/SKRV2/ARMC6/mbed-os/targets/TARGET_STM/TARGET_STM32F4/device/stm32f4xx_hal_pwr.o
    0x0800a6a0   0x00000108   Code   RO        31332    .text.HAL_RCC_ClockConfig  BUILD/SKRV2/ARMC6/mbed-os/targets/TARGET_STM/TARGET_STM32F4/device/stm32f4xx_hal_rcc.o
    0x0800a7a8   0x00000038   Code   RO        31350    .text.HAL_RCC_GetClockConfig  BUILD/SKRV2/ARMC6/mbed-os/targets/TARGET_STM/TARGET_STM32F4/device/stm32f4xx_hal_rcc.o
    0x0800a7e0   0x00000098   Code   RO        31348    .text.HAL_RCC_GetOscConfig  BUILD/SKRV2/ARMC6/mbed-os/targets/TARGET_STM/TARGET_STM32F4/device/stm32f4xx_hal_rcc.o
    0x0800a878   0x00000014   Code   RO        31344    .text.HAL_RCC_GetPCLK1Freq  BUILD/SKRV2/ARMC6/mbed-os/targets/TARGET_STM/TARGET_STM32F4/device/stm32f4xx_hal_rcc.o
    0x0800a88c   0x00000020   Code   RO        31346    .text.HAL_RCC_GetPCLK2Freq  BUILD/SKRV2/ARMC6/mbed-os/targets/TARGET_STM/TARGET_STM32F4/device/stm32f4xx_hal_rcc.o
    0x0800a8ac   0x0000005c   Code   RO        31334    .text.HAL_RCC_GetSysClockFreq  BUILD/SKRV2/ARMC6/mbed-os/targets/TARGET_STM/TARGET_STM32F4/device/stm32f4xx_hal_rcc.o
    0x0800a908   0x000002d4   Code   RO        31330    .text.HAL_RCC_OscConfig  BUILD/SKRV2/ARMC6/mbed-os/targets/TARGET_STM/TARGET_STM32F4/device/stm32f4xx_hal_rcc.o
    0x0800abdc   0x00000020   Code   RO        32046    .text.HAL_TIM_OC_Init  BUILD/SKRV2/ARMC6/mbed-os/targets/TARGET_STM/TARGET_STM32F4/device/stm32f4xx_hal_tim.o
    0x0800abfc   0x00000002   Code   RO        32048    .text.HAL_TIM_OC_MspInit  BUILD/SKRV2/ARMC6/mbed-os/targets/TARGET_STM/TARGET_STM32F4/device/stm32f4xx_hal_tim.o
    0x0800abfe   0x00000002   PAD
    0x0800ac00   0x00000020   Code   RO        32054    .text.HAL_TIM_OC_Start  BUILD/SKRV2/ARMC6/mbed-os/targets/TARGET_STM/TARGET_STM32F4/device/stm32f4xx_hal_tim.o
    0x0800ac20   0x0000002c   Code   RO        32464    .text.HAL_UART_Init  BUILD/SKRV2/ARMC6/mbed-os/targets/TARGET_STM/TARGET_STM32F4/device/stm32f4xx_hal_uart.o
    0x0800ac4c   0x00000002   Code   RO        32466    .text.HAL_UART_MspInit  BUILD/SKRV2/ARMC6/mbed-os/targets/TARGET_STM/TARGET_STM32F4/device/stm32f4xx_hal_uart.o
    0x0800ac4e   0x00000040   Code   RO        29356    .text.MessageQueueGet  BUILD/SKRV2/ARMC6/mbed-os/rtos/source/TARGET_CORTEX/rtx5/RTX/Source/rtx_msgqueue.o
    0x0800ac8e   0x00000058   Code   RO        29350    .text.MessageQueuePut  BUILD/SKRV2/ARMC6/mbed-os/rtos/source/TARGET_CORTEX/rtx5/RTX/Source/rtx_msgqueue.o
    0x0800ace6   0x0000001c   Code   RO        29348    .text.MessageQueueRemove  BUILD/SKRV2/ARMC6/mbed-os/rtos/source/TARGET_CORTEX/rtx5/RTX/Source/rtx_msgqueue.o
    0x0800ad02   0x00000002   PAD
    0x0800ad04   0x00000008   Code   RO        29638    .text.OS_Tick_AcknowledgeIRQ  BUILD/SKRV2/ARMC6/mbed-os/rtos/source/TARGET_CORTEX/rtx5/Source/os_systick.o
    0x0800ad0c   0x00000024   Code   RO        29634    .text.OS_Tick_Enable  BUILD/SKRV2/ARMC6/mbed-os/rtos/source/TARGET_CORTEX/rtx5/Source/os_systick.o
    0x0800ad30   0x00000006   Code   RO        29640    .text.OS_Tick_GetIRQn  BUILD/SKRV2/ARMC6/mbed-os/rtos/source/TARGET_CORTEX/rtx5/Source/os_systick.o
    0x0800ad36   0x00000002   PAD
    0x0800ad38   0x00000040   Code   RO        29632    .text.OS_Tick_Setup  BUILD/SKRV2/ARMC6/mbed-os/rtos/source/TARGET_CORTEX/rtx5/Source/os_systick.o
    0x0800ad78   0x0000000a   Code   RO        27722    .text.OUTLINED_FUNCTION_0  BUILD/SKRV2/ARMC6/mbed-os/hal/mbed_pinmap_common.o
    0x0800ad82   0x00000006   Code   RO        27763    .text.OUTLINED_FUNCTION_0  BUILD/SKRV2/ARMC6/mbed-os/hal/mbed_ticker_api.o
    0x0800ad88   0x0000000a   Code   RO        27791    .text.OUTLINED_FUNCTION_0  BUILD/SKRV2/ARMC6/mbed-os/hal/mpu/mbed_mpu_v7m.o
    0x0800ad92   0x00000006   Code   RO        27965    .text.OUTLINED_FUNCTION_0  BUILD/SKRV2/ARMC6/mbed-os/platform/source/FileBase.o
    0x0800ad98   0x00000008   Code   RO        28066    .text.OUTLINED_FUNCTION_0  BUILD/SKRV2/ARMC6/mbed-os/platform/source/Stream.o
    0x0800ada0   0x00000008   Code   RO        28748    .text.OUTLINED_FUNCTION_0  BUILD/SKRV2/ARMC6/mbed-os/platform/source/mbed_retarget.o
    0x0800ada8   0x0000000a   Code   RO        28940    .text.OUTLINED_FUNCTION_0  BUILD/SKRV2/ARMC6/mbed-os/rtos/source/Mutex.o
    0x0800adb2   0x0000000c   Code   RO        29232    .text.OUTLINED_FUNCTION_0  BUILD/SKRV2/ARMC6/mbed-os/rtos/source/TARGET_CORTEX/rtx5/RTX/Source/rtx_kernel.o
    0x0800adbe   0x0000000e   Code   RO        29364    .text.OUTLINED_FUNCTION_0  BUILD/SKRV2/ARMC6/mbed-os/rtos/source/TARGET_CORTEX/rtx5/RTX/Source/rtx_msgqueue.o
    0x0800adcc   0x0000000e   Code   RO        29396    .text.OUTLINED_FUNCTION_0  BUILD/SKRV2/ARMC6/mbed-os/rtos/source/TARGET_CORTEX/rtx5/RTX/Source/rtx_mutex.o
    0x0800adda   0x0000000c   Code   RO        31356    .text.OUTLINED_FUNCTION_0  BUILD/SKRV2/ARMC6/mbed-os/targets/TARGET_STM/TARGET_STM32F4/device/stm32f4xx_hal_rcc.o
    0x0800ade6   0x00000016   Code   RO        32568    .text.OUTLINED_FUNCTION_0  BUILD/SKRV2/ARMC6/mbed-os/targets/TARGET_STM/TARGET_STM32F4/device/stm32f4xx_hal_uart.o
    0x0800adfc   0x0000000a   Code   RO        33295    .text.OUTLINED_FUNCTION_0  BUILD/SKRV2/ARMC6/mbed-os/targets/TARGET_STM/TARGET_STM32F4/serial_device.o
    0x0800ae06   0x00000008   Code   RO        33380    .text.OUTLINED_FUNCTION_0  BUILD/SKRV2/ARMC6/mbed-os/targets/TARGET_STM/can_api.o
    0x0800ae0e   0x0000000e   Code   RO        33568    .text.OUTLINED_FUNCTION_0  BUILD/SKRV2/ARMC6/mbed-os/targets/TARGET_STM/pinmap.o
    0x0800ae1c   0x00000018   Code   RO         1757    .text.OUTLINED_FUNCTION_1  BUILD/SKRV2/ARMC6/mbed-os/drivers/source/Serial.o
    0x0800ae34   0x00000006   Code   RO        27765    .text.OUTLINED_FUNCTION_1  BUILD/SKRV2/ARMC6/mbed-os/hal/mbed_ticker_api.o
    0x0800ae3a   0x00000008   Code   RO        28750    .text.OUTLINED_FUNCTION_1  BUILD/SKRV2/ARMC6/mbed-os/platform/source/mbed_retarget.o
    0x0800ae42   0x0000000c   Code   RO        29234    .text.OUTLINED_FUNCTION_1  BUILD/SKRV2/ARMC6/mbed-os/rtos/source/TARGET_CORTEX/rtx5/RTX/Source/rtx_kernel.o
    0x0800ae4e   0x0000000c   Code   RO        29366    .text.OUTLINED_FUNCTION_1  BUILD/SKRV2/ARMC6/mbed-os/rtos/source/TARGET_CORTEX/rtx5/RTX/Source/rtx_msgqueue.o
    0x0800ae5a   0x00000008   Code   RO        29398    .text.OUTLINED_FUNCTION_1  BUILD/SKRV2/ARMC6/mbed-os/rtos/source/TARGET_CORTEX/rtx5/RTX/Source/rtx_mutex.o
    0x0800ae62   0x0000000a   Code   RO        31358    .text.OUTLINED_FUNCTION_1  BUILD/SKRV2/ARMC6/mbed-os/targets/TARGET_STM/TARGET_STM32F4/device/stm32f4xx_hal_rcc.o
    0x0800ae6c   0x0000000c   Code   RO        32570    .text.OUTLINED_FUNCTION_1  BUILD/SKRV2/ARMC6/mbed-os/targets/TARGET_STM/TARGET_STM32F4/device/stm32f4xx_hal_uart.o
    0x0800ae78   0x00000008   Code   RO        32244    .text.OUTLINED_FUNCTION_10  BUILD/SKRV2/ARMC6/mbed-os/targets/TARGET_STM/TARGET_STM32F4/device/stm32f4xx_hal_tim.o
    0x0800ae80   0x0000000a   Code   RO        32246    .text.OUTLINED_FUNCTION_11  BUILD/SKRV2/ARMC6/mbed-os/targets/TARGET_STM/TARGET_STM32F4/device/stm32f4xx_hal_tim.o
    0x0800ae8a   0x00000010   Code   RO        32592    .text.OUTLINED_FUNCTION_12  BUILD/SKRV2/ARMC6/mbed-os/targets/TARGET_STM/TARGET_STM32F4/device/stm32f4xx_hal_uart.o
    0x0800ae9a   0x00000006   Code   RO        32594    .text.OUTLINED_FUNCTION_13  BUILD/SKRV2/ARMC6/mbed-os/targets/TARGET_STM/TARGET_STM32F4/device/stm32f4xx_hal_uart.o
    0x0800aea0   0x0000000a   Code   RO        32256    .text.OUTLINED_FUNCTION_16  BUILD/SKRV2/ARMC6/mbed-os/targets/TARGET_STM/TARGET_STM32F4/device/stm32f4xx_hal_tim.o
    0x0800aeaa   0x00000006   Code   RO         1866    .text.OUTLINED_FUNCTION_2  BUILD/SKRV2/ARMC6/mbed-os/drivers/source/SerialBase.o
    0x0800aeb0   0x00000008   Code   RO        28752    .text.OUTLINED_FUNCTION_2  BUILD/SKRV2/ARMC6/mbed-os/platform/source/mbed_retarget.o
    0x0800aeb8   0x00000008   Code   RO        29236    .text.OUTLINED_FUNCTION_2  BUILD/SKRV2/ARMC6/mbed-os/rtos/source/TARGET_CORTEX/rtx5/RTX/Source/rtx_kernel.o
    0x0800aec0   0x0000000a   Code   RO        29400    .text.OUTLINED_FUNCTION_2  BUILD/SKRV2/ARMC6/mbed-os/rtos/source/TARGET_CORTEX/rtx5/RTX/Source/rtx_mutex.o
    0x0800aeca   0x0000001a   Code   RO        32572    .text.OUTLINED_FUNCTION_2  BUILD/SKRV2/ARMC6/mbed-os/targets/TARGET_STM/TARGET_STM32F4/device/stm32f4xx_hal_uart.o
    0x0800aee4   0x0000000c   Code   RO         1868    .text.OUTLINED_FUNCTION_3  BUILD/SKRV2/ARMC6/mbed-os/drivers/source/SerialBase.o
    0x0800aef0   0x00000006   Code   RO        28072    .text.OUTLINED_FUNCTION_3  BUILD/SKRV2/ARMC6/mbed-os/platform/source/Stream.o
    0x0800aef6   0x00000006   Code   RO        29238    .text.OUTLINED_FUNCTION_3  BUILD/SKRV2/ARMC6/mbed-os/rtos/source/TARGET_CORTEX/rtx5/RTX/Source/rtx_kernel.o
    0x0800aefc   0x00000006   Code   RO        29576    .text.OUTLINED_FUNCTION_3  BUILD/SKRV2/ARMC6/mbed-os/rtos/source/TARGET_CORTEX/rtx5/RTX/Source/rtx_thread.o
    0x0800af02   0x00000008   Code   RO        32230    .text.OUTLINED_FUNCTION_3  BUILD/SKRV2/ARMC6/mbed-os/targets/TARGET_STM/TARGET_STM32F4/device/stm32f4xx_hal_tim.o
    0x0800af0a   0x0000000a   Code   RO        32292    .text.OUTLINED_FUNCTION_34  BUILD/SKRV2/ARMC6/mbed-os/targets/TARGET_STM/TARGET_STM32F4/device/stm32f4xx_hal_tim.o
    0x0800af14   0x00000008   Code   RO         1870    .text.OUTLINED_FUNCTION_4  BUILD/SKRV2/ARMC6/mbed-os/drivers/source/SerialBase.o
    0x0800af1c   0x0000000c   Code   RO        29580    .text.OUTLINED_FUNCTION_5  BUILD/SKRV2/ARMC6/mbed-os/rtos/source/TARGET_CORTEX/rtx5/RTX/Source/rtx_thread.o
    0x0800af28   0x0000000c   Code   RO        32234    .text.OUTLINED_FUNCTION_5  BUILD/SKRV2/ARMC6/mbed-os/targets/TARGET_STM/TARGET_STM32F4/device/stm32f4xx_hal_tim.o
    0x0800af34   0x0000000e   Code   RO        32238    .text.OUTLINED_FUNCTION_7  BUILD/SKRV2/ARMC6/mbed-os/targets/TARGET_STM/TARGET_STM32F4/device/stm32f4xx_hal_tim.o
    0x0800af42   0x0000000a   Code   RO         1878    .text.OUTLINED_FUNCTION_8  BUILD/SKRV2/ARMC6/mbed-os/drivers/source/SerialBase.o
    0x0800af4c   0x00000006   Code   RO        32240    .text.OUTLINED_FUNCTION_8  BUILD/SKRV2/ARMC6/mbed-os/targets/TARGET_STM/TARGET_STM32F4/device/stm32f4xx_hal_tim.o
    0x0800af52   0x00000006   Code   RO        29588    .text.OUTLINED_FUNCTION_9  BUILD/SKRV2/ARMC6/mbed-os/rtos/source/TARGET_CORTEX/rtx5/RTX/Source/rtx_thread.o
    0x0800af58   0x0000002c   Code   RO           25    .text.SetSysClock   BUILD/SKRV2/ARMC6/TARGET_SKRV2/system_clock.o
    0x0800af84   0x00000090   Code   RO           27    .text.SetSysClock_PLL_HSE  BUILD/SKRV2/ARMC6/TARGET_SKRV2/system_clock.o
    0x0800b014   0x0000008c   Code   RO           29    .text.SetSysClock_PLL_HSI  BUILD/SKRV2/ARMC6/TARGET_SKRV2/system_clock.o
    0x0800b0a0   0x00000164   Code   RO        33386    .text.Set_GPIO_Clock  BUILD/SKRV2/ARMC6/mbed-os/targets/TARGET_STM/gpio_api.o
    0x0800b204   0x0000006c   Code   RO        33213    .text.SystemCoreClockUpdate  BUILD/SKRV2/ARMC6/mbed-os/targets/TARGET_STM/TARGET_STM32F4/device/system_stm32f4xx.o
    0x0800b270   0x0000004c   Code   RO           23    .text.SystemInit    BUILD/SKRV2/ARMC6/TARGET_SKRV2/system_clock.o
    0x0800b2bc   0x000000c0   Code   RO        32024    .text.TIM_Base_SetConfig  BUILD/SKRV2/ARMC6/mbed-os/targets/TARGET_STM/TARGET_STM32F4/device/stm32f4xx_hal_tim.o
    0x0800b37c   0x0000001a   Code   RO        32056    .text.TIM_CCxChannelCmd  BUILD/SKRV2/ARMC6/mbed-os/targets/TARGET_STM/TARGET_STM32F4/device/stm32f4xx_hal_tim.o
    0x0800b396   0x00000064   Code   RO        29526    .text.ThreadFlagsCheck  BUILD/SKRV2/ARMC6/mbed-os/rtos/source/TARGET_CORTEX/rtx5/RTX/Source/rtx_thread.o
    0x0800b3fa   0x00000002   PAD
    0x0800b3fc   0x00000048   Code   RO        29612    .text.TimerInsert   BUILD/SKRV2/ARMC6/mbed-os/rtos/source/TARGET_CORTEX/rtx5/RTX/Source/rtx_timer.o
    0x0800b444   0x00000140   Code   RO        32468    .text.UART_SetConfig  BUILD/SKRV2/ARMC6/mbed-os/targets/TARGET_STM/TARGET_STM32F4/device/stm32f4xx_hal_uart.o
    0x0800b584   0x00000044   Code   RO           35    .text._GLOBAL__sub_I_main.cpp  BUILD/SKRV2/ARMC6/main.o
    0x0800b5c8   0x00000010   Code   RO         1664    .text._ZL14singleton_lockv  BUILD/SKRV2/ARMC6/mbed-os/drivers/source/SPI.o
    0x0800b5d8   0x00000010   Code   RO        28716    .text._ZL14singleton_lockv  BUILD/SKRV2/ARMC6/mbed-os/platform/source/mbed_retarget.o
    0x0800b5e8   0x0000000c   Code   RO         1666    .text._ZL16singleton_unlockv  BUILD/SKRV2/ARMC6/mbed-os/drivers/source/SPI.o
    0x0800b5f4   0x00000010   Code   RO        28718    .text._ZL16singleton_unlockv  BUILD/SKRV2/ARMC6/mbed-os/platform/source/mbed_retarget.o
    0x0800b604   0x0000001a   Code   RO        29042    .text._ZL17default_idle_hookv  BUILD/SKRV2/ARMC6/mbed-os/rtos/source/TARGET_CORTEX/mbed_rtx_idle.o
    0x0800b61e   0x00000002   PAD
    0x0800b620   0x00000018   Code   RO        28618    .text._ZL18handle_open_errorsij  BUILD/SKRV2/ARMC6/mbed-os/platform/source/mbed_retarget.o
    0x0800b638   0x0000004c   Code   RO        28604    .text._ZL18reserve_filehandlev  BUILD/SKRV2/ARMC6/mbed-os/platform/source/mbed_retarget.o
    0x0800b684   0x00000010   Code   RO        27872    .text._ZN10CThunkBase11cthunk_freeEPFvvE  BUILD/SKRV2/ARMC6/mbed-os/platform/source/CThunkBase.o
    0x0800b694   0x00000018   Code   RO        28588    .text._ZN12DirectSerial4readEPvj  BUILD/SKRV2/ARMC6/mbed-os/platform/source/mbed_retarget.o
    0x0800b6ac   0x00000006   Code   RO        28777    .text._ZN12DirectSerial4seekEli  BUILD/SKRV2/ARMC6/mbed-os/platform/source/mbed_retarget.o
    0x0800b6b2   0x00000006   Code   RO        28783    .text._ZN12DirectSerial4sizeEv  BUILD/SKRV2/ARMC6/mbed-os/platform/source/mbed_retarget.o
    0x0800b6b8   0x00000004   Code   RO        28779    .text._ZN12DirectSerial5closeEv  BUILD/SKRV2/ARMC6/mbed-os/platform/source/mbed_retarget.o
    0x0800b6bc   0x00000020   Code   RO        28586    .text._ZN12DirectSerial5writeEPKvj  BUILD/SKRV2/ARMC6/mbed-os/platform/source/mbed_retarget.o
    0x0800b6dc   0x00000004   Code   RO        28781    .text._ZN12DirectSerial6isattyEv  BUILD/SKRV2/ARMC6/mbed-os/platform/source/mbed_retarget.o
    0x0800b6e0   0x00000034   Code   RO        28584    .text._ZN12DirectSerialC2ERK15serial_pinmap_ti  BUILD/SKRV2/ARMC6/mbed-os/platform/source/mbed_retarget.o
    0x0800b714   0x00000004   Code   RO        28775    .text._ZN12DirectSerialD0Ev  BUILD/SKRV2/ARMC6/mbed-os/platform/source/mbed_retarget.o
    0x0800b718   0x00000014   Code   RO           47    .text._ZN4mbed10DigitalOut5writeEi  BUILD/SKRV2/ARMC6/main.o
    0x0800b72c   0x00000018   Code   RO           45    .text._ZN4mbed10DigitalOutC2E7PinName  BUILD/SKRV2/ARMC6/main.o
    0x0800b744   0x00000006   Code   RO         1779    .text._ZN4mbed10FileHandle12enable_inputEb  BUILD/SKRV2/ARMC6/mbed-os/drivers/source/Serial.o
    0x0800b74a   0x0000000c   Code   RO         1775    .text._ZN4mbed10FileHandle12set_blockingEb  BUILD/SKRV2/ARMC6/mbed-os/drivers/source/Serial.o
    0x0800b756   0x00000006   Code   RO         1781    .text._ZN4mbed10FileHandle13enable_outputEb  BUILD/SKRV2/ARMC6/mbed-os/drivers/source/Serial.o
    0x0800b75c   0x00000006   Code   RO         1773    .text._ZN4mbed10FileHandle4flenEv  BUILD/SKRV2/ARMC6/mbed-os/drivers/source/Serial.o
    0x0800b762   0x00000038   Code   RO        27971    .text._ZN4mbed10FileHandle4sizeEv  BUILD/SKRV2/ARMC6/mbed-os/platform/source/FileHandle.o
    0x0800b79a   0x00000004   Code   RO        27979    .text._ZN4mbed10FileHandle4syncEv  BUILD/SKRV2/ARMC6/mbed-os/platform/source/FileHandle.o
    0x0800b79e   0x0000000a   Code   RO         2092    .text._ZN4mbed10FileHandle4tellEv  BUILD/SKRV2/ARMC6/mbed-os/drivers/source/UARTSerial.o
    0x0800b7a8   0x00000006   Code   RO         1771    .text._ZN4mbed10FileHandle5fsyncEv  BUILD/SKRV2/ARMC6/mbed-os/drivers/source/Serial.o
    0x0800b7ae   0x00000006   Code   RO         1769    .text._ZN4mbed10FileHandle5lseekEli  BUILD/SKRV2/ARMC6/mbed-os/drivers/source/Serial.o
    0x0800b7b4   0x00000002   Code   RO         1785    .text._ZN4mbed10FileHandle5sigioENS_8CallbackIFvvEEE  BUILD/SKRV2/ARMC6/mbed-os/drivers/source/Serial.o
    0x0800b7b6   0x00000004   Code   RO        27981    .text._ZN4mbed10FileHandle6isattyEv  BUILD/SKRV2/ARMC6/mbed-os/platform/source/FileHandle.o
    0x0800b7ba   0x0000000a   Code   RO         2094    .text._ZN4mbed10FileHandle6rewindEv  BUILD/SKRV2/ARMC6/mbed-os/drivers/source/UARTSerial.o
    0x0800b7c4   0x00000006   Code   RO         1767    .text._ZN4mbed10FileHandle8truncateEl  BUILD/SKRV2/ARMC6/mbed-os/drivers/source/Serial.o
    0x0800b7ca   0x00000002   Code   RO        27977    .text._ZN4mbed10FileHandleD0Ev  BUILD/SKRV2/ARMC6/mbed-os/platform/source/FileHandle.o
    0x0800b7cc   0x00000002   Code   RO        27975    .text._ZN4mbed10FileHandleD2Ev  BUILD/SKRV2/ARMC6/mbed-os/platform/source/FileHandle.o
    0x0800b7ce   0x00000006   Code   RO         1812    .text._ZN4mbed10SerialBase10_base_getcEv  BUILD/SKRV2/ARMC6/mbed-os/drivers/source/SerialBase.o
    0x0800b7d4   0x0000000e   Code   RO         1814    .text._ZN4mbed10SerialBase10_base_putcEi  BUILD/SKRV2/ARMC6/mbed-os/drivers/source/SerialBase.o
    0x0800b7e2   0x00000012   Code   RO         1810    .text._ZN4mbed10SerialBase12_irq_handlerEj9SerialIrq  BUILD/SKRV2/ARMC6/mbed-os/drivers/source/SerialBase.o
    0x0800b7f4   0x00000002   Code   RO         1828    .text._ZN4mbed10SerialBase4lockEv  BUILD/SKRV2/ARMC6/mbed-os/drivers/source/SerialBase.o
    0x0800b7f6   0x00000002   PAD
    0x0800b7f8   0x00000054   Code   RO         1794    .text._ZN4mbed10SerialBase5_initEv  BUILD/SKRV2/ARMC6/mbed-os/drivers/source/SerialBase.o
    0x0800b84c   0x00000094   Code   RO         1808    .text._ZN4mbed10SerialBase6attachENS_8CallbackIFvvEEENS0_7IrqTypeE  BUILD/SKRV2/ARMC6/mbed-os/drivers/source/SerialBase.o
    0x0800b8e0   0x00000002   Code   RO         1830    .text._ZN4mbed10SerialBase6unlockEv  BUILD/SKRV2/ARMC6/mbed-os/drivers/source/SerialBase.o
    0x0800b8e2   0x00000002   PAD
    0x0800b8e4   0x000000cc   Code   RO         1792    .text._ZN4mbed10SerialBaseC2E7PinNameS1_i  BUILD/SKRV2/ARMC6/mbed-os/drivers/source/SerialBase.o
    0x0800b9b0   0x0000000e   Code   RO         1834    .text._ZN4mbed10SerialBaseD0Ev  BUILD/SKRV2/ARMC6/mbed-os/drivers/source/SerialBase.o
    0x0800b9be   0x00000002   PAD
    0x0800b9c0   0x00000078   Code   RO         1832    .text._ZN4mbed10SerialBaseD2Ev  BUILD/SKRV2/ARMC6/mbed-os/drivers/source/SerialBase.o
    0x0800ba38   0x00000014   Code   RO        28602    .text._ZN4mbed10bind_to_fdEPNS_10FileHandleE  BUILD/SKRV2/ARMC6/mbed-os/platform/source/mbed_retarget.o
    0x0800ba4c   0x0000006c   Code   RO        28600    .text._ZN4mbed16mbed_file_handleEi  BUILD/SKRV2/ARMC6/mbed-os/platform/source/mbed_retarget.o
    0x0800bab8   0x0000003c   Code   RO        28580    .text._ZN4mbed17remove_filehandleEPNS_10FileHandleE  BUILD/SKRV2/ARMC6/mbed-os/platform/source/mbed_retarget.o
    0x0800baf4   0x00000004   Code   RO        28598    .text._ZN4mbed21mbed_override_consoleEi  BUILD/SKRV2/ARMC6/mbed-os/platform/source/mbed_retarget.o
    0x0800baf8   0x00000006   Code   RO        28610    .text._ZN4mbed26mbed_set_unbuffered_streamEPSt6__FILE  BUILD/SKRV2/ARMC6/mbed-os/platform/source/mbed_retarget.o
    0x0800bafe   0x00000004   Code   RO        28596    .text._ZN4mbed28mbed_target_override_consoleEi  BUILD/SKRV2/ARMC6/mbed-os/platform/source/mbed_retarget.o
    0x0800bb02   0x00000006   Code   RO         1747    .text._ZN4mbed6Serial4lockEv  BUILD/SKRV2/ARMC6/mbed-os/drivers/source/Serial.o
    0x0800bb08   0x00000004   Code   RO         1739    .text._ZN4mbed6Serial5_getcEv  BUILD/SKRV2/ARMC6/mbed-os/drivers/source/Serial.o
    0x0800bb0c   0x00000004   Code   RO         1743    .text._ZN4mbed6Serial5_putcEi  BUILD/SKRV2/ARMC6/mbed-os/drivers/source/Serial.o
    0x0800bb10   0x00000006   Code   RO         1751    .text._ZN4mbed6Serial6unlockEv  BUILD/SKRV2/ARMC6/mbed-os/drivers/source/Serial.o
    0x0800bb16   0x00000002   PAD
    0x0800bb18   0x00000020   Code   RO         1731    .text._ZN4mbed6SerialC2E7PinNameS1_PKci  BUILD/SKRV2/ARMC6/mbed-os/drivers/source/Serial.o
    0x0800bb38   0x0000000e   Code   RO         1761    .text._ZN4mbed6SerialD0Ev  BUILD/SKRV2/ARMC6/mbed-os/drivers/source/Serial.o
    0x0800bb46   0x00000002   PAD
    0x0800bb48   0x00000038   Code   RO           43    .text._ZN4mbed6SerialD2Ev  BUILD/SKRV2/ARMC6/main.o
    0x0800bb80   0x00000002   Code   RO         2991    .text._ZN4mbed6Stream4lockEv  BUILD/SKRV2/ARMC6/mbed-os/drivers/source/usb/USBKeyboard.o
    0x0800bb82   0x0000003c   Code   RO        28044    .text._ZN4mbed6Stream4readEPvj  BUILD/SKRV2/ARMC6/mbed-os/platform/source/Stream.o
    0x0800bbbe   0x00000004   Code   RO        28046    .text._ZN4mbed6Stream4seekEli  BUILD/SKRV2/ARMC6/mbed-os/platform/source/Stream.o
    0x0800bbc2   0x00000004   Code   RO        28056    .text._ZN4mbed6Stream4sizeEv  BUILD/SKRV2/ARMC6/mbed-os/platform/source/Stream.o
    0x0800bbc6   0x00000004   Code   RO        28054    .text._ZN4mbed6Stream4syncEv  BUILD/SKRV2/ARMC6/mbed-os/platform/source/Stream.o
    0x0800bbca   0x00000004   Code   RO        28048    .text._ZN4mbed6Stream4tellEv  BUILD/SKRV2/ARMC6/mbed-os/platform/source/Stream.o
    0x0800bbce   0x00000004   Code   RO        28040    .text._ZN4mbed6Stream5closeEv  BUILD/SKRV2/ARMC6/mbed-os/platform/source/Stream.o
    0x0800bbd2   0x0000003c   Code   RO        28042    .text._ZN4mbed6Stream5writeEPKvj  BUILD/SKRV2/ARMC6/mbed-os/platform/source/Stream.o
    0x0800bc0e   0x00000004   Code   RO        28052    .text._ZN4mbed6Stream6isattyEv  BUILD/SKRV2/ARMC6/mbed-os/platform/source/Stream.o
    0x0800bc12   0x0000003a   Code   RO        28058    .text._ZN4mbed6Stream6printfEPKcz  BUILD/SKRV2/ARMC6/mbed-os/platform/source/Stream.o
    0x0800bc4c   0x00000002   Code   RO        28050    .text._ZN4mbed6Stream6rewindEv  BUILD/SKRV2/ARMC6/mbed-os/platform/source/Stream.o
    0x0800bc4e   0x00000002   Code   RO         2993    .text._ZN4mbed6Stream6unlockEv  BUILD/SKRV2/ARMC6/mbed-os/drivers/source/usb/USBKeyboard.o
    0x0800bc50   0x00000048   Code   RO        28022    .text._ZN4mbed6StreamC2EPKc  BUILD/SKRV2/ARMC6/mbed-os/platform/source/Stream.o
    0x0800bc98   0x00000002   Code   RO        28028    .text._ZN4mbed6StreamD0Ev  BUILD/SKRV2/ARMC6/mbed-os/platform/source/Stream.o
    0x0800bc9a   0x00000002   PAD
    0x0800bc9c   0x00000028   Code   RO        28024    .text._ZN4mbed6StreamD2Ev  BUILD/SKRV2/ARMC6/mbed-os/platform/source/Stream.o
    0x0800bcc4   0x0000003c   Code   RO        28612    .text._ZN4mbed6fdopenEPNS_10FileHandleEPKc  BUILD/SKRV2/ARMC6/mbed-os/platform/source/mbed_retarget.o
    0x0800bd00   0x00000022   Code   RO          853    .text._ZN4mbed8CallbackIFvvEEC2ERKS2_  BUILD/SKRV2/ARMC6/mbed-os/components/wifi/esp8266-driver/ESP8266Interface.o
    0x0800bd22   0x00000012   Code   RO         1051    .text._ZN4mbed8CallbackIFvvEED2Ev  BUILD/SKRV2/ARMC6/mbed-os/components/wifi/esp8266-driver/ESP8266/ESP8266.o
    0x0800bd34   0x00000018   Code   RO         1053    .text._ZN4mbed8CallbackIFvvEEaSERKS2_  BUILD/SKRV2/ARMC6/mbed-os/components/wifi/esp8266-driver/ESP8266/ESP8266.o
    0x0800bd4c   0x00000004   Code   RO        27953    .text._ZN4mbed8FileBase11getPathTypeEv  BUILD/SKRV2/ARMC6/mbed-os/platform/source/FileBase.o
    0x0800bd50   0x00000084   Code   RO        27959    .text._ZN4mbed8FileBase6lookupEPKcj  BUILD/SKRV2/ARMC6/mbed-os/platform/source/FileBase.o
    0x0800bdd4   0x00000044   Code   RO        27949    .text._ZN4mbed8FileBaseC2EPKcNS_8PathTypeE  BUILD/SKRV2/ARMC6/mbed-os/platform/source/FileBase.o
    0x0800be18   0x0000000e   Code   RO        27955    .text._ZN4mbed8FileBaseD0Ev  BUILD/SKRV2/ARMC6/mbed-os/platform/source/FileBase.o
    0x0800be26   0x00000002   PAD
    0x0800be28   0x0000005c   Code   RO        27951    .text._ZN4mbed8FileBaseD2Ev  BUILD/SKRV2/ARMC6/mbed-os/platform/source/FileBase.o
    0x0800be84   0x0000002c   Code   RO        28078    .text._ZN4mbed8FileLikeC2EPKc  BUILD/SKRV2/ARMC6/mbed-os/platform/source/Stream.o
    0x0800beb0   0x00000002   Code   RO        28082    .text._ZN4mbed8FileLikeD0Ev  BUILD/SKRV2/ARMC6/mbed-os/platform/source/Stream.o
    0x0800beb2   0x0000000e   Code   RO        28080    .text._ZN4mbed8FileLikeD2Ev  BUILD/SKRV2/ARMC6/mbed-os/platform/source/Stream.o
    0x0800bec0   0x00000018   Code   RO        27990    .text._ZN4mbed8FilePath10fileSystemEv  BUILD/SKRV2/ARMC6/mbed-os/platform/source/FilePath.o
    0x0800bed8   0x00000018   Code   RO        27988    .text._ZN4mbed8FilePath12isFileSystemEv  BUILD/SKRV2/ARMC6/mbed-os/platform/source/FilePath.o
    0x0800bef0   0x00000018   Code   RO        27994    .text._ZN4mbed8FilePath4fileEv  BUILD/SKRV2/ARMC6/mbed-os/platform/source/FilePath.o
    0x0800bf08   0x0000000a   Code   RO        27996    .text._ZN4mbed8FilePath6existsEv  BUILD/SKRV2/ARMC6/mbed-os/platform/source/FilePath.o
    0x0800bf12   0x00000016   Code   RO        27992    .text._ZN4mbed8FilePath6isFileEv  BUILD/SKRV2/ARMC6/mbed-os/platform/source/FilePath.o
    0x0800bf28   0x00000004   Code   RO        27986    .text._ZN4mbed8FilePath8fileNameEv  BUILD/SKRV2/ARMC6/mbed-os/platform/source/FilePath.o
    0x0800bf2c   0x0000003c   Code   RO        27984    .text._ZN4mbed8FilePathC2EPKc  BUILD/SKRV2/ARMC6/mbed-os/platform/source/FilePath.o
    0x0800bf68   0x00000004   Code   RO        29676    .text._ZN4rtos10ThisThread9sleep_forEj  BUILD/SKRV2/ARMC6/mbed-os/rtos/source/ThisThread.o
    0x0800bf6c   0x00000044   Code   RO        28920    .text._ZN4rtos5Mutex11constructorEPKc  BUILD/SKRV2/ARMC6/mbed-os/rtos/source/Mutex.o
    0x0800bfb0   0x00000034   Code   RO        28924    .text._ZN4rtos5Mutex4lockEv  BUILD/SKRV2/ARMC6/mbed-os/rtos/source/Mutex.o
    0x0800bfe4   0x00000030   Code   RO        28934    .text._ZN4rtos5Mutex6unlockEv  BUILD/SKRV2/ARMC6/mbed-os/rtos/source/Mutex.o
    0x0800c014   0x0000000e   Code   RO        28918    .text._ZN4rtos5MutexC2Ev  BUILD/SKRV2/ARMC6/mbed-os/rtos/source/Mutex.o
    0x0800c022   0x0000000e   Code   RO        28938    .text._ZN4rtos5MutexD2Ev  BUILD/SKRV2/ARMC6/mbed-os/rtos/source/Mutex.o
    0x0800c030   0x00000028   Code   RO         1888    .text._ZN6CThunkIN4mbed10SerialBaseEE10trampolineEP10CThunkBase  BUILD/SKRV2/ARMC6/mbed-os/drivers/source/SerialBase.o
    0x0800c058   0x00000014   Code   RO         1884    .text._ZN6CThunkIN4mbed10SerialBaseEED2Ev  BUILD/SKRV2/ARMC6/mbed-os/drivers/source/SerialBase.o
    0x0800c06c   0x00000034   Code   RO        28590    .text._ZNK12DirectSerial4pollEs  BUILD/SKRV2/ARMC6/mbed-os/platform/source/mbed_retarget.o
    0x0800c0a0   0x00000022   Code   RO         1700    .text._ZNK12SingletonPtrIN4rtos5MutexEE3getEv  BUILD/SKRV2/ARMC6/mbed-os/drivers/source/SPI.o
    0x0800c0c2   0x00000004   Code   RO         1777    .text._ZNK4mbed10FileHandle11is_blockingEv  BUILD/SKRV2/ARMC6/mbed-os/drivers/source/Serial.o
    0x0800c0c6   0x00000004   Code   RO         1783    .text._ZNK4mbed10FileHandle4pollEs  BUILD/SKRV2/ARMC6/mbed-os/drivers/source/Serial.o
    0x0800c0ca   0x00000006   Code   RO         1749    .text._ZThn228_N4mbed6Serial4lockEv  BUILD/SKRV2/ARMC6/mbed-os/drivers/source/Serial.o
    0x0800c0d0   0x00000006   Code   RO         1741    .text._ZThn228_N4mbed6Serial5_getcEv  BUILD/SKRV2/ARMC6/mbed-os/drivers/source/Serial.o
    0x0800c0d6   0x00000006   Code   RO         1745    .text._ZThn228_N4mbed6Serial5_putcEi  BUILD/SKRV2/ARMC6/mbed-os/drivers/source/Serial.o
    0x0800c0dc   0x00000006   Code   RO         1753    .text._ZThn228_N4mbed6Serial6unlockEv  BUILD/SKRV2/ARMC6/mbed-os/drivers/source/Serial.o
    0x0800c0e2   0x00000006   Code   RO         1765    .text._ZThn228_N4mbed6SerialD0Ev  BUILD/SKRV2/ARMC6/mbed-os/drivers/source/Serial.o
    0x0800c0e8   0x00000006   Code   RO         1763    .text._ZThn228_N4mbed6SerialD1Ev  BUILD/SKRV2/ARMC6/mbed-os/drivers/source/Serial.o
    0x0800c0ee   0x00000006   Code   RO         1789    .text._ZThn232_N4mbed6SerialD0Ev  BUILD/SKRV2/ARMC6/mbed-os/drivers/source/Serial.o
    0x0800c0f4   0x00000006   Code   RO         1787    .text._ZThn232_N4mbed6SerialD1Ev  BUILD/SKRV2/ARMC6/mbed-os/drivers/source/Serial.o
    0x0800c0fa   0x00000002   Code   RO        28030    .text._ZThn4_N4mbed6StreamD0Ev  BUILD/SKRV2/ARMC6/mbed-os/platform/source/Stream.o
    0x0800c0fc   0x00000006   Code   RO        28026    .text._ZThn4_N4mbed6StreamD1Ev  BUILD/SKRV2/ARMC6/mbed-os/platform/source/Stream.o
    0x0800c102   0x00000002   Code   RO        28086    .text._ZThn4_N4mbed8FileLikeD0Ev  BUILD/SKRV2/ARMC6/mbed-os/platform/source/Stream.o
    0x0800c104   0x00000004   Code   RO        28084    .text._ZThn4_N4mbed8FileLikeD1Ev  BUILD/SKRV2/ARMC6/mbed-os/platform/source/Stream.o
    0x0800c108   0x00000004   Code   RO        28732    .text._ZdlPv        BUILD/SKRV2/ARMC6/mbed-os/platform/source/mbed_retarget.o
    0x0800c10c   0x00000004   Code   RO        28694    .text.__cxa_atexit  BUILD/SKRV2/ARMC6/mbed-os/platform/source/mbed_retarget.o
    0x0800c110   0x0000002e   Code   RO        28714    .text.__cxa_guard_acquire  BUILD/SKRV2/ARMC6/mbed-os/platform/source/mbed_retarget.o
    0x0800c13e   0x0000000e   Code   RO        28720    .text.__cxa_guard_release  BUILD/SKRV2/ARMC6/mbed-os/platform/source/mbed_retarget.o
    0x0800c14c   0x00000028   Code   RO        34195    .text.__cxa_pure_virtual  c:\ProgramData\Mbed Studio\mbed-studio-tools\ac6\bin\..\lib\libcxx\libcppabi_w.l(cxa_virtual.cpp.o)
    0x0800c174   0x00000040   Code   RO        28982    .text.__rt_entry    BUILD/SKRV2/ARMC6/mbed-os/rtos/source/TARGET_CORTEX/TOOLCHAIN_ARM_STD/mbed_boot_arm_std.o
    0x0800c1b4   0x0000004c   Code   RO        28986    .text.__user_perthread_libspace  BUILD/SKRV2/ARMC6/mbed-os/rtos/source/TARGET_CORTEX/TOOLCHAIN_ARM_STD/mbed_boot_arm_std.o
    0x0800c200   0x00000030   Code   RO        27650    .text._gpio_init_out  BUILD/SKRV2/ARMC6/mbed-os/hal/mbed_gpio.o
    0x0800c230   0x0000001a   Code   RO        28992    .text._mutex_acquire  BUILD/SKRV2/ARMC6/mbed-os/rtos/source/TARGET_CORTEX/TOOLCHAIN_ARM_STD/mbed_boot_arm_std.o
    0x0800c24a   0x00000002   PAD
    0x0800c24c   0x00000044   Code   RO        28996    .text._mutex_free   BUILD/SKRV2/ARMC6/mbed-os/rtos/source/TARGET_CORTEX/TOOLCHAIN_ARM_STD/mbed_boot_arm_std.o
    0x0800c290   0x0000009c   Code   RO        28990    .text._mutex_initialize  BUILD/SKRV2/ARMC6/mbed-os/rtos/source/TARGET_CORTEX/TOOLCHAIN_ARM_STD/mbed_boot_arm_std.o
    0x0800c32c   0x00000016   Code   RO        28994    .text._mutex_release  BUILD/SKRV2/ARMC6/mbed-os/rtos/source/TARGET_CORTEX/TOOLCHAIN_ARM_STD/mbed_boot_arm_std.o
    0x0800c342   0x00000004   Code   RO        29244    .text._platform_post_stackheap_init  BUILD/SKRV2/ARMC6/mbed-os/rtos/source/TARGET_CORTEX/rtx5/RTX/Source/rtx_lib.o
    0x0800c346   0x00000004   Code   RO        28620    .text._sys_close    BUILD/SKRV2/ARMC6/mbed-os/platform/source/mbed_retarget.o
    0x0800c34a   0x00000002   Code   RO        28628    .text._sys_exit     BUILD/SKRV2/ARMC6/mbed-os/platform/source/mbed_retarget.o
    0x0800c34c   0x00000024   Code   RO        28648    .text._sys_flen     BUILD/SKRV2/ARMC6/mbed-os/platform/source/mbed_retarget.o
    0x0800c370   0x00000004   Code   RO        28636    .text._sys_istty    BUILD/SKRV2/ARMC6/mbed-os/platform/source/mbed_retarget.o
    0x0800c374   0x00000088   Code   RO        28614    .text._sys_open     BUILD/SKRV2/ARMC6/mbed-os/platform/source/mbed_retarget.o
    0x0800c3fc   0x00000006   Code   RO        28638    .text._sys_seek     BUILD/SKRV2/ARMC6/mbed-os/platform/source/mbed_retarget.o
    0x0800c402   0x0000002c   Code   RO        28624    .text._sys_write    BUILD/SKRV2/ARMC6/mbed-os/platform/source/mbed_retarget.o
    0x0800c42e   0x00000014   Code   RO        28630    .text._ttywrch      BUILD/SKRV2/ARMC6/mbed-os/platform/source/mbed_retarget.o
    0x0800c442   0x00000002   PAD
    0x0800c444   0x00000014   Code   RO        28836    .text._wait_us_ticks  BUILD/SKRV2/ARMC6/mbed-os/platform/source/mbed_wait_api_no_rtos.o
    0x0800c458   0x00000004   Code   RO        34446    .text.abort_message  c:\ProgramData\Mbed Studio\mbed-studio-tools\ac6\bin\..\lib\libcxx\libcppabi_w.l(abort_message.cpp.o)
    0x0800c45c   0x00000002   Code   RO        27775    .text.block_us_ticker_free  BUILD/SKRV2/ARMC6/mbed-os/hal/mbed_us_ticker_api.o
    0x0800c45e   0x00000002   PAD
    0x0800c460   0x000000f4   Code   RO        33362    .text.can_irq       BUILD/SKRV2/ARMC6/mbed-os/targets/TARGET_STM/can_api.o
    0x0800c554   0x00000034   Code   RO        28622    .text.close         BUILD/SKRV2/ARMC6/mbed-os/platform/source/mbed_retarget.o
    0x0800c588   0x0000000c   Code   RO        28429    .text.core_util_are_interrupts_enabled  BUILD/SKRV2/ARMC6/mbed-os/platform/source/mbed_critical.o
    0x0800c594   0x00000012   Code   RO        28330    .text.core_util_atomic_decr_u16  BUILD/SKRV2/ARMC6/mbed-os/platform/source/mbed_atomic_impl.o
    0x0800c5a6   0x00000014   Code   RO        28314    .text.core_util_atomic_flag_test_and_set  BUILD/SKRV2/ARMC6/mbed-os/platform/source/mbed_atomic_impl.o
    0x0800c5ba   0x00000012   Code   RO        28324    .text.core_util_atomic_incr_u16  BUILD/SKRV2/ARMC6/mbed-os/platform/source/mbed_atomic_impl.o
    0x0800c5cc   0x00000010   Code   RO        28435    .text.core_util_critical_section_enter  BUILD/SKRV2/ARMC6/mbed-os/platform/source/mbed_critical.o
    0x0800c5dc   0x00000018   Code   RO        28437    .text.core_util_critical_section_exit  BUILD/SKRV2/ARMC6/mbed-os/platform/source/mbed_critical.o
    0x0800c5f4   0x0000000c   Code   RO        28431    .text.core_util_is_isr_active  BUILD/SKRV2/ARMC6/mbed-os/platform/source/mbed_critical.o
    0x0800c600   0x00000028   Code   RO        28442    .text.error         BUILD/SKRV2/ARMC6/mbed-os/platform/source/mbed_error.o
    0x0800c628   0x0000002c   Code   RO        28690    .text.exit          BUILD/SKRV2/ARMC6/mbed-os/platform/source/mbed_retarget.o
    0x0800c654   0x0000002a   Code   RO        28606    .text.fdopen        BUILD/SKRV2/ARMC6/mbed-os/platform/source/mbed_retarget.o
    0x0800c67e   0x00000026   Code   RO        28646    .text.fsync         BUILD/SKRV2/ARMC6/mbed-os/platform/source/mbed_retarget.o
    0x0800c6a4   0x0000005c   Code   RO        33673    .text.get_uart_index  BUILD/SKRV2/ARMC6/mbed-os/targets/TARGET_STM/serial_api.o
    0x0800c700   0x00000008   Code   RO        27769    .text.get_us_ticker_data  BUILD/SKRV2/ARMC6/mbed-os/hal/mbed_us_ticker_api.o
    0x0800c708   0x0000002a   Code   RO        33394    .text.gpio_dir      BUILD/SKRV2/ARMC6/mbed-os/targets/TARGET_STM/gpio_api.o
    0x0800c732   0x00000002   PAD
    0x0800c734   0x00000044   Code   RO        33390    .text.gpio_init     BUILD/SKRV2/ARMC6/mbed-os/targets/TARGET_STM/gpio_api.o
    0x0800c778   0x00000006   Code   RO        27646    .text.gpio_init_out  BUILD/SKRV2/ARMC6/mbed-os/hal/mbed_gpio.o
    0x0800c77e   0x00000008   Code   RO        27648    .text.gpio_init_out_ex  BUILD/SKRV2/ARMC6/mbed-os/hal/mbed_gpio.o
    0x0800c786   0x00000008   Code   RO        33392    .text.gpio_mode     BUILD/SKRV2/ARMC6/mbed-os/targets/TARGET_STM/gpio_api.o
    0x0800c78e   0x00000018   Code   RO        33388    .text.gpio_set      BUILD/SKRV2/ARMC6/mbed-os/targets/TARGET_STM/gpio_api.o
    0x0800c7a6   0x00000014   Code   RO        27638    .text.gpio_write    BUILD/SKRV2/ARMC6/mbed-os/hal/mbed_gpio.o
    0x0800c7ba   0x00000002   PAD
    0x0800c7bc   0x0000001c   Code   RO        27625    .text.hal_critical_section_enter  BUILD/SKRV2/ARMC6/mbed-os/hal/mbed_critical_section_api.o
    0x0800c7d8   0x00000014   Code   RO        27627    .text.hal_critical_section_exit  BUILD/SKRV2/ARMC6/mbed-os/hal/mbed_critical_section_api.o
    0x0800c7ec   0x00000114   Code   RO        33683    .text.hal_deepsleep  BUILD/SKRV2/ARMC6/mbed-os/targets/TARGET_STM/sleep.o
    0x0800c900   0x00000020   Code   RO        33681    .text.hal_sleep     BUILD/SKRV2/ARMC6/mbed-os/targets/TARGET_STM/sleep.o
    0x0800c920   0x00000090   Code   RO        28444    .text.handle_error  BUILD/SKRV2/ARMC6/mbed-os/platform/source/mbed_error.o
    0x0800c9b0   0x000000a8   Code   RO        33758    .text.init_32bit_timer  BUILD/SKRV2/ARMC6/mbed-os/targets/TARGET_STM/us_ticker.o
    0x0800ca58   0x00000060   Code   RO        33653    .text.init_uart     BUILD/SKRV2/ARMC6/mbed-os/targets/TARGET_STM/serial_api.o
    0x0800cab8   0x000000d4   Code   RO        27739    .text.initialize    BUILD/SKRV2/ARMC6/mbed-os/hal/mbed_ticker_api.o
    0x0800cb8c   0x00000026   Code   RO        28608    .text.isatty        BUILD/SKRV2/ARMC6/mbed-os/platform/source/mbed_retarget.o
    0x0800cbb2   0x00000028   Code   RO        28640    .text.lseek         BUILD/SKRV2/ARMC6/mbed-os/platform/source/mbed_retarget.o
    0x0800cbda   0x00000002   PAD
    0x0800cbdc   0x0000004c   Code   RO           33    .text.main          BUILD/SKRV2/ARMC6/main.o
    0x0800cc28   0x00000064   Code   RO        28416    .text.mbed_die      BUILD/SKRV2/ARMC6/mbed-os/platform/source/mbed_board.o
    0x0800cc8c   0x0000001c   Code   RO        28462    .text.mbed_error    BUILD/SKRV2/ARMC6/mbed-os/platform/source/mbed_error.o
    0x0800cca8   0x00000004   Code   RO        28450    .text.mbed_error_initialize  BUILD/SKRV2/ARMC6/mbed-os/platform/source/mbed_error.o
    0x0800ccac   0x00000018   Code   RO        28418    .text.mbed_error_printf  BUILD/SKRV2/ARMC6/mbed-os/platform/source/mbed_board.o
    0x0800ccc4   0x0000002a   Code   RO        28422    .text.mbed_error_puts  BUILD/SKRV2/ARMC6/mbed-os/platform/source/mbed_board.o
    0x0800ccee   0x00000002   PAD
    0x0800ccf0   0x00000034   Code   RO        28420    .text.mbed_error_vprintf  BUILD/SKRV2/ARMC6/mbed-os/platform/source/mbed_board.o
    0x0800cd24   0x000000f4   Code   RO        28291    .text.mbed_fault_handler  BUILD/SKRV2/ARMC6/mbed-os/platform/source/TARGET_CORTEX_M/mbed_fault_handler.o
    0x0800ce18   0x0000000c   Code   RO        28458    .text.mbed_get_error_in_progress  BUILD/SKRV2/ARMC6/mbed-os/platform/source/mbed_error.o
    0x0800ce24   0x00000030   Code   RO        28446    .text.mbed_halt_system  BUILD/SKRV2/ARMC6/mbed-os/platform/source/mbed_error.o
    0x0800ce54   0x0000003c   Code   RO        29004    .text.mbed_init     BUILD/SKRV2/ARMC6/mbed-os/rtos/source/TARGET_CORTEX/mbed_boot.o
    0x0800ce90   0x00000002   Code   RO        29010    .text.mbed_main     BUILD/SKRV2/ARMC6/mbed-os/rtos/source/TARGET_CORTEX/mbed_boot.o
    0x0800ce92   0x00000002   PAD
    0x0800ce94   0x0000005c   Code   RO        27783    .text.mbed_mpu_init  BUILD/SKRV2/ARMC6/mbed-os/hal/mpu/mbed_mpu_v7m.o
    0x0800cef0   0x00000004   Code   RO        29018    .text.mbed_rtos_init  BUILD/SKRV2/ARMC6/mbed-os/rtos/source/TARGET_CORTEX/mbed_rtos_rtx.o
    0x0800cef4   0x0000009c   Code   RO        29020    .text.mbed_rtos_start  BUILD/SKRV2/ARMC6/mbed-os/rtos/source/TARGET_CORTEX/mbed_rtos_rtx.o
    0x0800cf90   0x00000074   Code   RO        33557    .text.mbed_sdk_init  BUILD/SKRV2/ARMC6/mbed-os/targets/TARGET_STM/mbed_overrides.o
    0x0800d004   0x00000016   Code   RO        29008    .text.mbed_start    BUILD/SKRV2/ARMC6/mbed-os/rtos/source/TARGET_CORTEX/mbed_boot.o
    0x0800d01a   0x00000002   PAD
    0x0800d01c   0x00000018   Code   RO        28984    .text.mbed_toolchain_init  BUILD/SKRV2/ARMC6/mbed-os/rtos/source/TARGET_CORTEX/TOOLCHAIN_ARM_STD/mbed_boot_arm_std.o
    0x0800d034   0x00000074   Code   RO        28616    .text.open          BUILD/SKRV2/ARMC6/mbed-os/platform/source/mbed_retarget.o
    0x0800d0a8   0x00000030   Code   RO        29102    .text.osDelay       BUILD/SKRV2/ARMC6/mbed-os/rtos/source/TARGET_CORTEX/rtx5/RTX/Source/rtx_delay.o
    0x0800d0d8   0x00000030   Code   RO        29186    .text.osKernelGetState  BUILD/SKRV2/ARMC6/mbed-os/rtos/source/TARGET_CORTEX/rtx5/RTX/Source/rtx_kernel.o
    0x0800d108   0x0000002c   Code   RO        29180    .text.osKernelInitialize  BUILD/SKRV2/ARMC6/mbed-os/rtos/source/TARGET_CORTEX/rtx5/RTX/Source/rtx_kernel.o
    0x0800d134   0x00000028   Code   RO        29190    .text.osKernelStart  BUILD/SKRV2/ARMC6/mbed-os/rtos/source/TARGET_CORTEX/rtx5/RTX/Source/rtx_kernel.o
    0x0800d15c   0x00000070   Code   RO        29322    .text.osMessageQueueGet  BUILD/SKRV2/ARMC6/mbed-os/rtos/source/TARGET_CORTEX/rtx5/RTX/Source/rtx_msgqueue.o
    0x0800d1cc   0x00000034   Code   RO        29316    .text.osMessageQueueNew  BUILD/SKRV2/ARMC6/mbed-os/rtos/source/TARGET_CORTEX/rtx5/RTX/Source/rtx_msgqueue.o
    0x0800d200   0x0000007c   Code   RO        29320    .text.osMessageQueuePut  BUILD/SKRV2/ARMC6/mbed-os/rtos/source/TARGET_CORTEX/rtx5/RTX/Source/rtx_msgqueue.o
    0x0800d27c   0x0000002c   Code   RO        29376    .text.osMutexAcquire  BUILD/SKRV2/ARMC6/mbed-os/rtos/source/TARGET_CORTEX/rtx5/RTX/Source/rtx_mutex.o
    0x0800d2a8   0x0000002c   Code   RO        29382    .text.osMutexDelete  BUILD/SKRV2/ARMC6/mbed-os/rtos/source/TARGET_CORTEX/rtx5/RTX/Source/rtx_mutex.o
    0x0800d2d4   0x00000034   Code   RO        29372    .text.osMutexNew    BUILD/SKRV2/ARMC6/mbed-os/rtos/source/TARGET_CORTEX/rtx5/RTX/Source/rtx_mutex.o
    0x0800d308   0x0000002c   Code   RO        29378    .text.osMutexRelease  BUILD/SKRV2/ARMC6/mbed-os/rtos/source/TARGET_CORTEX/rtx5/RTX/Source/rtx_mutex.o
    0x0800d334   0x00000050   Code   RO        29031    .text.osRtxErrorNotify  BUILD/SKRV2/ARMC6/mbed-os/rtos/source/TARGET_CORTEX/mbed_rtx_handlers.o
    0x0800d384   0x00000004   Code   RO        29029    .text.osRtxIdleThread  BUILD/SKRV2/ARMC6/mbed-os/rtos/source/TARGET_CORTEX/mbed_rtx_handlers.o
    0x0800d388   0x00000002   Code   RO        29178    .text.osRtxKernelPreInit  BUILD/SKRV2/ARMC6/mbed-os/rtos/source/TARGET_CORTEX/rtx5/RTX/Source/rtx_kernel.o
    0x0800d38a   0x00000070   Code   RO        29262    .text.osRtxMemoryAlloc  BUILD/SKRV2/ARMC6/mbed-os/rtos/source/TARGET_CORTEX/rtx5/RTX/Source/rtx_memory.o
    0x0800d3fa   0x00000042   Code   RO        29264    .text.osRtxMemoryFree  BUILD/SKRV2/ARMC6/mbed-os/rtos/source/TARGET_CORTEX/rtx5/RTX/Source/rtx_memory.o
    0x0800d43c   0x00000036   Code   RO        29260    .text.osRtxMemoryInit  BUILD/SKRV2/ARMC6/mbed-os/rtos/source/TARGET_CORTEX/rtx5/RTX/Source/rtx_memory.o
    0x0800d472   0x0000003a   Code   RO        29270    .text.osRtxMemoryPoolAlloc  BUILD/SKRV2/ARMC6/mbed-os/rtos/source/TARGET_CORTEX/rtx5/RTX/Source/rtx_mempool.o
    0x0800d4ac   0x0000004a   Code   RO        29272    .text.osRtxMemoryPoolFree  BUILD/SKRV2/ARMC6/mbed-os/rtos/source/TARGET_CORTEX/rtx5/RTX/Source/rtx_mempool.o
    0x0800d4f6   0x00000038   Code   RO        29268    .text.osRtxMemoryPoolInit  BUILD/SKRV2/ARMC6/mbed-os/rtos/source/TARGET_CORTEX/rtx5/RTX/Source/rtx_mempool.o
    0x0800d52e   0x000000aa   Code   RO        29346    .text.osRtxMessageQueuePostProcess  BUILD/SKRV2/ARMC6/mbed-os/rtos/source/TARGET_CORTEX/rtx5/RTX/Source/rtx_msgqueue.o
    0x0800d5d8   0x00000044   Code   RO        29370    .text.osRtxMutexOwnerRelease  BUILD/SKRV2/ARMC6/mbed-os/rtos/source/TARGET_CORTEX/rtx5/RTX/Source/rtx_mutex.o
    0x0800d61c   0x00000088   Code   RO        29440    .text.osRtxPendSV_Handler  BUILD/SKRV2/ARMC6/mbed-os/rtos/source/TARGET_CORTEX/rtx5/RTX/Source/rtx_system.o
    0x0800d6a4   0x00000070   Code   RO        29442    .text.osRtxPostProcess  BUILD/SKRV2/ARMC6/mbed-os/rtos/source/TARGET_CORTEX/rtx5/RTX/Source/rtx_system.o
    0x0800d714   0x00000034   Code   RO        29466    .text.osRtxThreadBlock  BUILD/SKRV2/ARMC6/mbed-os/rtos/source/TARGET_CORTEX/rtx5/RTX/Source/rtx_thread.o
    0x0800d748   0x0000007c   Code   RO        29474    .text.osRtxThreadDelayInsert  BUILD/SKRV2/ARMC6/mbed-os/rtos/source/TARGET_CORTEX/rtx5/RTX/Source/rtx_thread.o
    0x0800d7c4   0x00000038   Code   RO        29470    .text.osRtxThreadDelayRemove  BUILD/SKRV2/ARMC6/mbed-os/rtos/source/TARGET_CORTEX/rtx5/RTX/Source/rtx_thread.o
    0x0800d7fc   0x00000030   Code   RO        29456    .text.osRtxThreadDelayTick  BUILD/SKRV2/ARMC6/mbed-os/rtos/source/TARGET_CORTEX/rtx5/RTX/Source/rtx_thread.o
    0x0800d82c   0x00000054   Code   RO        29464    .text.osRtxThreadDispatch  BUILD/SKRV2/ARMC6/mbed-os/rtos/source/TARGET_CORTEX/rtx5/RTX/Source/rtx_thread.o
    0x0800d880   0x00000054   Code   RO        29550    .text.osRtxThreadFree  BUILD/SKRV2/ARMC6/mbed-os/rtos/source/TARGET_CORTEX/rtx5/RTX/Source/rtx_thread.o
    0x0800d8d4   0x00000012   Code   RO        29448    .text.osRtxThreadListGet  BUILD/SKRV2/ARMC6/mbed-os/rtos/source/TARGET_CORTEX/rtx5/RTX/Source/rtx_thread.o
    0x0800d8e6   0x0000002c   Code   RO        29446    .text.osRtxThreadListPut  BUILD/SKRV2/ARMC6/mbed-os/rtos/source/TARGET_CORTEX/rtx5/RTX/Source/rtx_thread.o
    0x0800d912   0x00000014   Code   RO        29452    .text.osRtxThreadListRemove  BUILD/SKRV2/ARMC6/mbed-os/rtos/source/TARGET_CORTEX/rtx5/RTX/Source/rtx_thread.o
    0x0800d926   0x00000024   Code   RO        29450    .text.osRtxThreadListSort  BUILD/SKRV2/ARMC6/mbed-os/rtos/source/TARGET_CORTEX/rtx5/RTX/Source/rtx_thread.o
    0x0800d94a   0x00000020   Code   RO        29524    .text.osRtxThreadPostProcess  BUILD/SKRV2/ARMC6/mbed-os/rtos/source/TARGET_CORTEX/rtx5/RTX/Source/rtx_thread.o
    0x0800d96a   0x00000002   PAD
    0x0800d96c   0x00000010   Code   RO        29454    .text.osRtxThreadReadyPut  BUILD/SKRV2/ARMC6/mbed-os/rtos/source/TARGET_CORTEX/rtx5/RTX/Source/rtx_thread.o
    0x0800d97c   0x00000014   Code   RO        29458    .text.osRtxThreadRegPtr  BUILD/SKRV2/ARMC6/mbed-os/rtos/source/TARGET_CORTEX/rtx5/RTX/Source/rtx_thread.o
    0x0800d990   0x00000024   Code   RO        29462    .text.osRtxThreadStackCheck  BUILD/SKRV2/ARMC6/mbed-os/rtos/source/TARGET_CORTEX/rtx5/RTX/Source/rtx_thread.o
    0x0800d9b4   0x00000038   Code   RO        29476    .text.osRtxThreadStartup  BUILD/SKRV2/ARMC6/mbed-os/rtos/source/TARGET_CORTEX/rtx5/RTX/Source/rtx_thread.o
    0x0800d9ec   0x0000000c   Code   RO        29460    .text.osRtxThreadSwitch  BUILD/SKRV2/ARMC6/mbed-os/rtos/source/TARGET_CORTEX/rtx5/RTX/Source/rtx_thread.o
    0x0800d9f8   0x0000003c   Code   RO        29472    .text.osRtxThreadWaitEnter  BUILD/SKRV2/ARMC6/mbed-os/rtos/source/TARGET_CORTEX/rtx5/RTX/Source/rtx_thread.o
    0x0800da34   0x0000002e   Code   RO        29468    .text.osRtxThreadWaitExit  BUILD/SKRV2/ARMC6/mbed-os/rtos/source/TARGET_CORTEX/rtx5/RTX/Source/rtx_thread.o
    0x0800da62   0x00000002   PAD
    0x0800da64   0x00000074   Code   RO        29438    .text.osRtxTick_Handler  BUILD/SKRV2/ARMC6/mbed-os/rtos/source/TARGET_CORTEX/rtx5/RTX/Source/rtx_system.o
    0x0800dad8   0x0000003c   Code   RO        29596    .text.osRtxTimerThread  BUILD/SKRV2/ARMC6/mbed-os/rtos/source/TARGET_CORTEX/rtx5/RTX/Source/rtx_timer.o
    0x0800db14   0x00000050   Code   RO        29598    .text.osRtxTimerTick  BUILD/SKRV2/ARMC6/mbed-os/rtos/source/TARGET_CORTEX/rtx5/RTX/Source/rtx_timer.o
    0x0800db64   0x0000001c   Code   RO        29508    .text.osThreadExit  BUILD/SKRV2/ARMC6/mbed-os/rtos/source/TARGET_CORTEX/rtx5/RTX/Source/rtx_thread.o
    0x0800db80   0x00000028   Code   RO        29484    .text.osThreadGetId  BUILD/SKRV2/ARMC6/mbed-os/rtos/source/TARGET_CORTEX/rtx5/RTX/Source/rtx_thread.o
    0x0800dba8   0x00000034   Code   RO        29480    .text.osThreadNew   BUILD/SKRV2/ARMC6/mbed-os/rtos/source/TARGET_CORTEX/rtx5/RTX/Source/rtx_thread.o
    0x0800dbdc   0x00000024   Code   RO        28988    .text.os_kernel_is_active  BUILD/SKRV2/ARMC6/mbed-os/rtos/source/TARGET_CORTEX/TOOLCHAIN_ARM_STD/mbed_boot_arm_std.o
    0x0800dc00   0x000000d4   Code   RO        33562    .text.pin_function  BUILD/SKRV2/ARMC6/mbed-os/targets/TARGET_STM/pinmap.o
    0x0800dcd4   0x00000070   Code   RO        33566    .text.pin_mode      BUILD/SKRV2/ARMC6/mbed-os/targets/TARGET_STM/pinmap.o
    0x0800dd44   0x00000022   Code   RO        27712    .text.pinmap_find_function  BUILD/SKRV2/ARMC6/mbed-os/hal/mbed_pinmap_common.o
    0x0800dd66   0x00000022   Code   RO        27708    .text.pinmap_find_peripheral  BUILD/SKRV2/ARMC6/mbed-os/hal/mbed_pinmap_common.o
    0x0800dd88   0x00000024   Code   RO        27706    .text.pinmap_merge  BUILD/SKRV2/ARMC6/mbed-os/hal/mbed_pinmap_common.o
    0x0800ddac   0x0000002c   Code   RO        27710    .text.pinmap_peripheral  BUILD/SKRV2/ARMC6/mbed-os/hal/mbed_pinmap_common.o
    0x0800ddd8   0x0000015c   Code   RO        28293    .text.print_context_info  BUILD/SKRV2/ARMC6/mbed-os/platform/source/TARGET_CORTEX_M/mbed_fault_handler.o
    0x0800df34   0x00000014   Code   RO        33774    .text.restore_timer_ctx  BUILD/SKRV2/ARMC6/mbed-os/targets/TARGET_STM/us_ticker.o
    0x0800df48   0x0000000c   Code   RO        29044    .text.rtos_idle_loop  BUILD/SKRV2/ARMC6/mbed-os/rtos/source/TARGET_CORTEX/mbed_rtx_idle.o
    0x0800df54   0x0000001c   Code   RO        33772    .text.save_timer_ctx  BUILD/SKRV2/ARMC6/mbed-os/targets/TARGET_STM/us_ticker.o
    0x0800df70   0x000000d0   Code   RO        27745    .text.schedule_interrupt  BUILD/SKRV2/ARMC6/mbed-os/hal/mbed_ticker_api.o
    0x0800e040   0x00000006   Code   RO        33651    .text.serial_baud   BUILD/SKRV2/ARMC6/mbed-os/targets/TARGET_STM/serial_api.o
    0x0800e046   0x00000002   PAD
    0x0800e048   0x00000020   Code   RO        33265    .text.serial_getc   BUILD/SKRV2/ARMC6/mbed-os/targets/TARGET_STM/TARGET_STM32F4/serial_device.o
    0x0800e068   0x000001d0   Code   RO        33647    .text.serial_init   BUILD/SKRV2/ARMC6/mbed-os/targets/TARGET_STM/serial_api.o
    0x0800e238   0x0000000e   Code   RO        27806    .text.serial_init_direct  BUILD/SKRV2/ARMC6/mbed-os/hal/static_pinmap.o
    0x0800e246   0x00000002   PAD
    0x0800e248   0x00000014   Code   RO        33249    .text.serial_irq_handler  BUILD/SKRV2/ARMC6/mbed-os/targets/TARGET_STM/TARGET_STM32F4/serial_device.o
    0x0800e25c   0x000000ec   Code   RO        33251    .text.serial_irq_set  BUILD/SKRV2/ARMC6/mbed-os/targets/TARGET_STM/TARGET_STM32F4/serial_device.o
    0x0800e348   0x00000088   Code   RO        33675    .text.serial_is_tx_ongoing  BUILD/SKRV2/ARMC6/mbed-os/targets/TARGET_STM/serial_api.o
    0x0800e3d0   0x00000020   Code   RO        33267    .text.serial_putc   BUILD/SKRV2/ARMC6/mbed-os/targets/TARGET_STM/TARGET_STM32F4/serial_device.o
    0x0800e3f0   0x0000002c   Code   RO        33665    .text.serial_readable  BUILD/SKRV2/ARMC6/mbed-os/targets/TARGET_STM/serial_api.o
    0x0800e41c   0x00000014   Code   RO        33667    .text.serial_writable  BUILD/SKRV2/ARMC6/mbed-os/targets/TARGET_STM/serial_api.o
    0x0800e430   0x00000024   Code   RO        28565    .text.sleep_manager_lock_deep_sleep_internal  BUILD/SKRV2/ARMC6/mbed-os/platform/source/mbed_power_mgmt.o
    0x0800e454   0x00000020   Code   RO        28573    .text.sleep_manager_sleep_auto  BUILD/SKRV2/ARMC6/mbed-os/platform/source/mbed_power_mgmt.o
    0x0800e474   0x00000030   Code   RO        28567    .text.sleep_manager_unlock_deep_sleep_internal  BUILD/SKRV2/ARMC6/mbed-os/platform/source/mbed_power_mgmt.o
    0x0800e4a4   0x0000003a   Code   RO        33564    .text.stm_pin_PullConfig  BUILD/SKRV2/ARMC6/mbed-os/targets/TARGET_STM/pinmap.o
    0x0800e4de   0x00000014   Code   RO        29106    .text.svcRtxDelay   BUILD/SKRV2/ARMC6/mbed-os/rtos/source/TARGET_CORTEX/rtx5/RTX/Source/rtx_delay.o
    0x0800e4f2   0x00000002   PAD
    0x0800e4f4   0x00000008   Code   RO        29188    .text.svcRtxKernelGetState  BUILD/SKRV2/ARMC6/mbed-os/rtos/source/TARGET_CORTEX/rtx5/RTX/Source/rtx_kernel.o
    0x0800e4fc   0x00000104   Code   RO        29218    .text.svcRtxKernelInitialize  BUILD/SKRV2/ARMC6/mbed-os/rtos/source/TARGET_CORTEX/rtx5/RTX/Source/rtx_kernel.o
    0x0800e600   0x00000098   Code   RO        29220    .text.svcRtxKernelStart  BUILD/SKRV2/ARMC6/mbed-os/rtos/source/TARGET_CORTEX/rtx5/RTX/Source/rtx_kernel.o
    0x0800e698   0x000000d0   Code   RO        29358    .text.svcRtxMessageQueueGet  BUILD/SKRV2/ARMC6/mbed-os/rtos/source/TARGET_CORTEX/rtx5/RTX/Source/rtx_msgqueue.o
    0x0800e768   0x0000013c   Code   RO        29344    .text.svcRtxMessageQueueNew  BUILD/SKRV2/ARMC6/mbed-os/rtos/source/TARGET_CORTEX/rtx5/RTX/Source/rtx_msgqueue.o
    0x0800e8a4   0x000000c0   Code   RO        29354    .text.svcRtxMessageQueuePut  BUILD/SKRV2/ARMC6/mbed-os/rtos/source/TARGET_CORTEX/rtx5/RTX/Source/rtx_msgqueue.o
    0x0800e964   0x0000009c   Code   RO        29388    .text.svcRtxMutexAcquire  BUILD/SKRV2/ARMC6/mbed-os/rtos/source/TARGET_CORTEX/rtx5/RTX/Source/rtx_mutex.o
    0x0800ea00   0x000000ac   Code   RO        29394    .text.svcRtxMutexDelete  BUILD/SKRV2/ARMC6/mbed-os/rtos/source/TARGET_CORTEX/rtx5/RTX/Source/rtx_mutex.o
    0x0800eaac   0x00000078   Code   RO        29384    .text.svcRtxMutexNew  BUILD/SKRV2/ARMC6/mbed-os/rtos/source/TARGET_CORTEX/rtx5/RTX/Source/rtx_mutex.o
    0x0800eb24   0x000000c0   Code   RO        29390    .text.svcRtxMutexRelease  BUILD/SKRV2/ARMC6/mbed-os/rtos/source/TARGET_CORTEX/rtx5/RTX/Source/rtx_mutex.o
    0x0800ebe4   0x00000068   Code   RO        29554    .text.svcRtxThreadExit  BUILD/SKRV2/ARMC6/mbed-os/rtos/source/TARGET_CORTEX/rtx5/RTX/Source/rtx_thread.o
    0x0800ec4c   0x0000000c   Code   RO        29486    .text.svcRtxThreadGetId  BUILD/SKRV2/ARMC6/mbed-os/rtos/source/TARGET_CORTEX/rtx5/RTX/Source/rtx_thread.o
    0x0800ec58   0x00000204   Code   RO        29478    .text.svcRtxThreadNew  BUILD/SKRV2/ARMC6/mbed-os/rtos/source/TARGET_CORTEX/rtx5/RTX/Source/rtx_thread.o
    0x0800ee5c   0x00000004   Code   RO        28826    .text.thread_sleep_for  BUILD/SKRV2/ARMC6/mbed-os/platform/source/mbed_thread.o
    0x0800ee60   0x0000005c   Code   RO        27741    .text.ticker_irq_handler  BUILD/SKRV2/ARMC6/mbed-os/hal/mbed_ticker_api.o
    0x0800eebc   0x00000020   Code   RO        27755    .text.ticker_read_us  BUILD/SKRV2/ARMC6/mbed-os/hal/mbed_ticker_api.o
    0x0800eedc   0x00000024   Code   RO        33756    .text.timer_irq_handler  BUILD/SKRV2/ARMC6/mbed-os/targets/TARGET_STM/us_ticker.o
    0x0800ef00   0x0000000c   Code   RO        33253    .text.uart1_irq     BUILD/SKRV2/ARMC6/mbed-os/targets/TARGET_STM/TARGET_STM32F4/serial_device.o
    0x0800ef0c   0x0000000c   Code   RO        33255    .text.uart2_irq     BUILD/SKRV2/ARMC6/mbed-os/targets/TARGET_STM/TARGET_STM32F4/serial_device.o
    0x0800ef18   0x0000000c   Code   RO        33257    .text.uart3_irq     BUILD/SKRV2/ARMC6/mbed-os/targets/TARGET_STM/TARGET_STM32F4/serial_device.o
    0x0800ef24   0x0000000c   Code   RO        33259    .text.uart4_irq     BUILD/SKRV2/ARMC6/mbed-os/targets/TARGET_STM/TARGET_STM32F4/serial_device.o
    0x0800ef30   0x0000000c   Code   RO        33261    .text.uart5_irq     BUILD/SKRV2/ARMC6/mbed-os/targets/TARGET_STM/TARGET_STM32F4/serial_device.o
    0x0800ef3c   0x0000000c   Code   RO        33263    .text.uart6_irq     BUILD/SKRV2/ARMC6/mbed-os/targets/TARGET_STM/TARGET_STM32F4/serial_device.o
    0x0800ef48   0x00000064   Code   RO        33293    .text.uart_irq      BUILD/SKRV2/ARMC6/mbed-os/targets/TARGET_STM/TARGET_STM32F4/serial_device.o
    0x0800efac   0x000000b0   Code   RO        27743    .text.update_present_time  BUILD/SKRV2/ARMC6/mbed-os/hal/mbed_ticker_api.o
    0x0800f05c   0x0000000c   Code   RO        33770    .text.us_ticker_clear_interrupt  BUILD/SKRV2/ARMC6/mbed-os/targets/TARGET_STM/us_ticker.o
    0x0800f068   0x00000010   Code   RO        33768    .text.us_ticker_disable_interrupt  BUILD/SKRV2/ARMC6/mbed-os/targets/TARGET_STM/us_ticker.o
    0x0800f078   0x0000001c   Code   RO        33766    .text.us_ticker_fire_interrupt  BUILD/SKRV2/ARMC6/mbed-os/targets/TARGET_STM/us_ticker.o
    0x0800f094   0x00000008   Code   RO        33754    .text.us_ticker_get_info  BUILD/SKRV2/ARMC6/mbed-os/targets/TARGET_STM/us_ticker.o
    0x0800f09c   0x00000014   Code   RO        33760    .text.us_ticker_init  BUILD/SKRV2/ARMC6/mbed-os/targets/TARGET_STM/us_ticker.o
    0x0800f0b0   0x00000014   Code   RO        27773    .text.us_ticker_irq_handler  BUILD/SKRV2/ARMC6/mbed-os/hal/mbed_us_ticker_api.o
    0x0800f0c4   0x0000000c   Code   RO        33762    .text.us_ticker_read  BUILD/SKRV2/ARMC6/mbed-os/targets/TARGET_STM/us_ticker.o
    0x0800f0d0   0x0000001c   Code   RO        33764    .text.us_ticker_set_interrupt  BUILD/SKRV2/ARMC6/mbed-os/targets/TARGET_STM/us_ticker.o
    0x0800f0ec   0x00000028   Code   RO        28626    .text.write         BUILD/SKRV2/ARMC6/mbed-os/platform/source/mbed_retarget.o
    0x0800f114   0x0000003e   Code   RO        34485    CL$$btod_d2e        c:\ProgramData\Mbed Studio\mbed-studio-tools\ac6\bin\..\lib\armlib\c_w.l(btod.o)
    0x0800f152   0x00000046   Code   RO        34487    CL$$btod_d2e_denorm_low  c:\ProgramData\Mbed Studio\mbed-studio-tools\ac6\bin\..\lib\armlib\c_w.l(btod.o)
    0x0800f198   0x00000060   Code   RO        34486    CL$$btod_d2e_norm_op1  c:\ProgramData\Mbed Studio\mbed-studio-tools\ac6\bin\..\lib\armlib\c_w.l(btod.o)
    0x0800f1f8   0x00000338   Code   RO        34495    CL$$btod_div_common  c:\ProgramData\Mbed Studio\mbed-studio-tools\ac6\bin\..\lib\armlib\c_w.l(btod.o)
    0x0800f530   0x000000dc   Code   RO        34492    CL$$btod_e2e        c:\ProgramData\Mbed Studio\mbed-studio-tools\ac6\bin\..\lib\armlib\c_w.l(btod.o)
    0x0800f60c   0x0000002a   Code   RO        34489    CL$$btod_ediv       c:\ProgramData\Mbed Studio\mbed-studio-tools\ac6\bin\..\lib\armlib\c_w.l(btod.o)
    0x0800f636   0x0000002a   Code   RO        34488    CL$$btod_emul       c:\ProgramData\Mbed Studio\mbed-studio-tools\ac6\bin\..\lib\armlib\c_w.l(btod.o)
    0x0800f660   0x00000244   Code   RO        34494    CL$$btod_mult_common  c:\ProgramData\Mbed Studio\mbed-studio-tools\ac6\bin\..\lib\armlib\c_w.l(btod.o)
    0x0800f8a4   0x00000030   Code   RO        34587    i.__ARM_fpclassify  c:\ProgramData\Mbed Studio\mbed-studio-tools\ac6\bin\..\lib\armlib\m_wm.l(fpclassify.o)
    0x0800f8d4   0x0000000e   Code   RO        33951    i._is_digit         c:\ProgramData\Mbed Studio\mbed-studio-tools\ac6\bin\..\lib\armlib\c_w.l(__printf_wp.o)
    0x0800f8e2   0x0000001a   Code   RO        33998    i.fputc             c:\ProgramData\Mbed Studio\mbed-studio-tools\ac6\bin\..\lib\armlib\c_w.l(fputc.o)
    0x0800f8fc   0x0000002c   Code   RO        34341    locale$$code        c:\ProgramData\Mbed Studio\mbed-studio-tools\ac6\bin\..\lib\armlib\c_w.l(lc_ctype_c.o)
    0x0800f928   0x0000002c   Code   RO        34536    locale$$code        c:\ProgramData\Mbed Studio\mbed-studio-tools\ac6\bin\..\lib\armlib\c_w.l(lc_numeric_c.o)
    0x0800f954   0x0000001a   Code   RO        34575    x$fpl$fpinit        c:\ProgramData\Mbed Studio\mbed-studio-tools\ac6\bin\..\lib\armlib\fz_wm.l(fpinit.o)
    0x0800f96e   0x00000004   Code   RO        34145    x$fpl$printf1       c:\ProgramData\Mbed Studio\mbed-studio-tools\ac6\bin\..\lib\armlib\fz_wm.l(printf1.o)
    0x0800f972   0x00000004   Code   RO        34417    x$fpl$printf2       c:\ProgramData\Mbed Studio\mbed-studio-tools\ac6\bin\..\lib\armlib\fz_wm.l(printf2.o)
    0x0800f976   0x00000000   Code   RO        34425    x$fpl$usenofp       c:\ProgramData\Mbed Studio\mbed-studio-tools\ac6\bin\..\lib\armlib\fz_wm.l(usenofp.o)
    0x0800f976   0x00000002   PAD
    0x0800f978   0x00000008   Data   RO        33912    .constdata          c:\ProgramData\Mbed Studio\mbed-studio-tools\ac6\bin\..\lib\armlib\c_w.l(_printf_wctomb.o)
    0x0800f980   0x00000028   Data   RO        33939    .constdata          c:\ProgramData\Mbed Studio\mbed-studio-tools\ac6\bin\..\lib\armlib\c_w.l(_printf_hex_int_ll_ptr.o)
    0x0800f9a8   0x00000011   Data   RO        33959    .constdata          c:\ProgramData\Mbed Studio\mbed-studio-tools\ac6\bin\..\lib\armlib\c_w.l(__printf_flags_ss_wp.o)
    0x0800f9b9   0x00000026   Data   RO        34462    .constdata          c:\ProgramData\Mbed Studio\mbed-studio-tools\ac6\bin\..\lib\armlib\c_w.l(_printf_fp_hex.o)
    0x0800f9df   0x00000001   PAD
    0x0800f9e0   0x00000094   Data   RO        34483    .constdata          c:\ProgramData\Mbed Studio\mbed-studio-tools\ac6\bin\..\lib\armlib\c_w.l(bigflt0.o)
    0x0800fa74   0x000000a0   Data   RO        29250    .rodata             BUILD/SKRV2/ARMC6/mbed-os/rtos/source/TARGET_CORTEX/rtx5/RTX/Source/rtx_lib.o
    0x0800fb14   0x00000010   Data   RO        33216    .rodata.AHBPrescTable  BUILD/SKRV2/ARMC6/mbed-os/targets/TARGET_STM/TARGET_STM32F4/device/system_stm32f4xx.o
    0x0800fb24   0x00000008   Data   RO        33217    .rodata.APBPrescTable  BUILD/SKRV2/ARMC6/mbed-os/targets/TARGET_STM/TARGET_STM32F4/device/system_stm32f4xx.o
    0x0800fb2c   0x00000090   Data   RO           11    .rodata.PinMap_UART_RX  BUILD/SKRV2/ARMC6/TARGET_SKRV2/PeripheralPins.o
    0x0800fbbc   0x00000090   Data   RO           10    .rodata.PinMap_UART_TX  BUILD/SKRV2/ARMC6/TARGET_SKRV2/PeripheralPins.o
    0x0800fc4c   0x0000005c   Data   RO        28764    .rodata._ZTV12DirectSerial  BUILD/SKRV2/ARMC6/mbed-os/platform/source/mbed_retarget.o
    0x0800fca8   0x0000005c   Data   RO        27973    .rodata._ZTVN4mbed10FileHandleE  BUILD/SKRV2/ARMC6/mbed-os/platform/source/FileHandle.o
    0x0800fd04   0x00000018   Data   RO         1882    .rodata._ZTVN4mbed10SerialBaseE  BUILD/SKRV2/ARMC6/mbed-os/drivers/source/SerialBase.o
    0x0800fd1c   0x0000009c   Data   RO         1759    .rodata._ZTVN4mbed6SerialE  BUILD/SKRV2/ARMC6/mbed-os/drivers/source/Serial.o
    0x0800fdb8   0x0000007c   Data   RO        28076    .rodata._ZTVN4mbed6StreamE  BUILD/SKRV2/ARMC6/mbed-os/platform/source/Stream.o
    0x0800fe34   0x00000010   Data   RO        27967    .rodata._ZTVN4mbed8FileBaseE  BUILD/SKRV2/ARMC6/mbed-os/platform/source/FileBase.o
    0x0800fe44   0x0000006c   Data   RO        28088    .rodata._ZTVN4mbed8FileLikeE  BUILD/SKRV2/ARMC6/mbed-os/platform/source/Stream.o
    0x0800feb0   0x00000018   Data   RO        28772    .rodata._ZZL15default_consolevE14console_pinmap  BUILD/SKRV2/ARMC6/mbed-os/platform/source/mbed_retarget.o
    0x0800fec8   0x00000008   Data   RO        28760    .rodata.__stderr_name  BUILD/SKRV2/ARMC6/mbed-os/platform/source/mbed_retarget.o
    0x0800fed0   0x00000007   Data   RO        28758    .rodata.__stdin_name  BUILD/SKRV2/ARMC6/mbed-os/platform/source/mbed_retarget.o
    0x0800fed7   0x00000008   Data   RO        28759    .rodata.__stdout_name  BUILD/SKRV2/ARMC6/mbed-os/platform/source/mbed_retarget.o
    0x0800fedf   0x00000001   PAD
    0x0800fee0   0x00000040   Data   RO        33570    .rodata.ll_pin_defines  BUILD/SKRV2/ARMC6/mbed-os/targets/TARGET_STM/pinmap.o
    0x0800ff20   0x00000004   Data   RO        28298    .rodata.mbed_fault_context  BUILD/SKRV2/ARMC6/mbed-os/platform/source/TARGET_CORTEX_M/mbed_fault_handler.o
    0x0800ff24   0x00000004   Data   RO        29252    .rodata.osRtxUserSVC  BUILD/SKRV2/ARMC6/mbed-os/rtos/source/TARGET_CORTEX/rtx5/RTX/Source/rtx_lib.o
    0x0800ff28   0x00000024   Data   RO        29247    .rodata.os_idle_thread_attr  BUILD/SKRV2/ARMC6/mbed-os/rtos/source/TARGET_CORTEX/rtx5/RTX/Source/rtx_lib.o
    0x0800ff4c   0x00000018   Data   RO        29249    .rodata.os_timer_mq_attr  BUILD/SKRV2/ARMC6/mbed-os/rtos/source/TARGET_CORTEX/rtx5/RTX/Source/rtx_lib.o
    0x0800ff64   0x00000024   Data   RO        29248    .rodata.os_timer_thread_attr  BUILD/SKRV2/ARMC6/mbed-os/rtos/source/TARGET_CORTEX/rtx5/RTX/Source/rtx_lib.o
    0x0800ff88   0x000000c8   Data   RO        28299    .rodata.str1.1      BUILD/SKRV2/ARMC6/mbed-os/platform/source/TARGET_CORTEX_M/mbed_fault_handler.o
    0x08010050   0x00000013   Data   RO        29253    .rodata.str1.1      BUILD/SKRV2/ARMC6/mbed-os/rtos/source/TARGET_CORTEX/rtx5/RTX/Source/rtx_lib.o
    0x08010063   0x00000001   PAD
    0x08010064   0x0000000b   Data   RO        29240    .rodata.str1.4      BUILD/SKRV2/ARMC6/mbed-os/rtos/source/TARGET_CORTEX/rtx5/RTX/Source/rtx_kernel.o
    0x0801006f   0x00000001   PAD
    0x08010070   0x00000008   Data   RO        27777    .rodata.us_data     BUILD/SKRV2/ARMC6/mbed-os/hal/mbed_us_ticker_api.o
    0x08010078   0x00000024   Data   RO        27779    .rodata.us_interface  BUILD/SKRV2/ARMC6/mbed-os/hal/mbed_us_ticker_api.o
    0x0801009c   0x00000008   Data   RO        33778    .rodata.us_ticker_get_info.info  BUILD/SKRV2/ARMC6/mbed-os/targets/TARGET_STM/us_ticker.o
    0x080100a4   0x00000020   Data   RO        34704    Region$$Table       anon$$obj.o
    0x080100c4   0x00000110   Data   RO        34340    locale$$data        c:\ProgramData\Mbed Studio\mbed-studio-tools\ac6\bin\..\lib\armlib\c_w.l(lc_ctype_c.o)
    0x080101d4   0x0000001c   Data   RO        34535    locale$$data        c:\ProgramData\Mbed Studio\mbed-studio-tools\ac6\bin\..\lib\armlib\c_w.l(lc_numeric_c.o)
    0x080101f0   0x00000004   Data   RO           38    .init_array         BUILD/SKRV2/ARMC6/main.o
    0x080101f4   0x00000000   Data   RO        34108    .init_array         c:\ProgramData\Mbed Studio\mbed-studio-tools\ac6\bin\..\lib\armlib\c_w.l(init_aeabi.o)


    Execution Region RW_IRAM2 (Base: 0x10000000, Size: 0x00000000, Max: 0x00010000, ABSOLUTE)

    **** No section assigned to this execution region ****


    Execution Region RW_m_crash_data (Base: 0x200001b0, Size: 0x00000100, Max: 0x00000100, ABSOLUTE)

    Base Addr    Size         Type   Attr      Idx    E Section Name        Object

    0x200001b0   0x00000100   Zero   RW            1    RW_m_crash_data.bss  anon$$obj.o


    Execution Region RW_IRAM1 (Base: 0x200002b0, Size: 0x00002188, Max: 0x0002f950, ABSOLUTE)

    Base Addr    Size         Type   Attr      Idx    E Section Name        Object

    0x200002b0   0x00000004   Data   RW        34024    .data               c:\ProgramData\Mbed Studio\mbed-studio-tools\ac6\bin\..\lib\armlib\c_w.l(stdio_streams.o)
    0x200002b4   0x00000004   Data   RW        34025    .data               c:\ProgramData\Mbed Studio\mbed-studio-tools\ac6\bin\..\lib\armlib\c_w.l(stdio_streams.o)
    0x200002b8   0x00000004   Data   RW        34026    .data               c:\ProgramData\Mbed Studio\mbed-studio-tools\ac6\bin\..\lib\armlib\c_w.l(stdio_streams.o)
    0x200002bc   0x00000004   Data   RW        34327    .data               c:\ProgramData\Mbed Studio\mbed-studio-tools\ac6\bin\..\lib\armlib\c_w.l(streamlock.o)
    0x200002c0   0x00000004   Data   RW        33215    .data.SystemCoreClock  BUILD/SKRV2/ARMC6/mbed-os/targets/TARGET_STM/TARGET_STM32F4/device/system_stm32f4xx.o
    0x200002c4   0x00000040   Data   RW        28771    .data._ZL11filehandles  BUILD/SKRV2/ARMC6/mbed-os/platform/source/mbed_retarget.o
    0x20000304   0x00000004   Data   RW        29046    .data._ZL14idle_hook_fptr  BUILD/SKRV2/ARMC6/mbed-os/rtos/source/TARGET_CORTEX/mbed_rtx_idle.o
    0x20000308   0x00000004   Data   RW        27778    .data.irq_handler   BUILD/SKRV2/ARMC6/mbed-os/hal/mbed_us_ticker_api.o
    0x2000030c   0x000000a4   Data   RW        29241    .data.os            BUILD/SKRV2/ARMC6/mbed-os/rtos/source/TARGET_CORTEX/rtx5/RTX/Source/rtx_kernel.o
    0x200003b0   0x00000054   Zero   RW        34021    .bss                c:\ProgramData\Mbed Studio\mbed-studio-tools\ac6\bin\..\lib\armlib\c_w.l(stdio_streams.o)
    0x20000404   0x00000054   Zero   RW        34022    .bss                c:\ProgramData\Mbed Studio\mbed-studio-tools\ac6\bin\..\lib\armlib\c_w.l(stdio_streams.o)
    0x20000458   0x00000054   Zero   RW        34023    .bss                c:\ProgramData\Mbed Studio\mbed-studio-tools\ac6\bin\..\lib\armlib\c_w.l(stdio_streams.o)
    0x200004ac   0x00000060   Zero   RW        34219    .bss                c:\ProgramData\Mbed Studio\mbed-studio-tools\ac6\bin\..\lib\armlib\c_w.l(libspace.o)
    0x2000050c   0x00000038   Zero   RW           40    .bss..L_MergedGlobals  BUILD/SKRV2/ARMC6/main.o
    0x20000544   0x00000002   Zero   RW        27631    .bss..L_MergedGlobals  BUILD/SKRV2/ARMC6/mbed-os/hal/mbed_critical_section_api.o
    0x20000546   0x00000002   PAD
    0x20000548   0x00000024   Zero   RW        27875    .bss..L_MergedGlobals  BUILD/SKRV2/ARMC6/mbed-os/platform/source/CThunkBase.o
    0x2000056c   0x00000030   Zero   RW        27968    .bss..L_MergedGlobals  BUILD/SKRV2/ARMC6/mbed-os/platform/source/FileBase.o
    0x2000059c   0x00000070   Zero   RW        28482    .bss..L_MergedGlobals  BUILD/SKRV2/ARMC6/mbed-os/platform/source/mbed_error.o
    0x2000060c   0x00000008   Zero   RW        28773    .bss..L_MergedGlobals  BUILD/SKRV2/ARMC6/mbed-os/platform/source/mbed_retarget.o
    0x20000614   0x00000054   Zero   RW        29024    .bss..L_MergedGlobals  BUILD/SKRV2/ARMC6/mbed-os/rtos/source/TARGET_CORTEX/mbed_rtos_rtx.o
    0x20000668   0x0000001c   Zero   RW        33298    .bss..L_MergedGlobals  BUILD/SKRV2/ARMC6/mbed-os/targets/TARGET_STM/TARGET_STM32F4/serial_device.o
    0x20000684   0x0000000c   Zero   RW        33383    .bss..L_MergedGlobals  BUILD/SKRV2/ARMC6/mbed-os/targets/TARGET_STM/can_api.o
    0x20000690   0x00000050   Zero   RW        33678    .bss..L_MergedGlobals  BUILD/SKRV2/ARMC6/mbed-os/targets/TARGET_STM/serial_api.o
    0x200006e0   0x00000048   Zero   RW        33779    .bss..L_MergedGlobals  BUILD/SKRV2/ARMC6/mbed-os/targets/TARGET_STM/us_ticker.o
    0x20000728   0x00000001   Zero   RW        29650    .bss.PendST         BUILD/SKRV2/ARMC6/mbed-os/rtos/source/TARGET_CORTEX/rtx5/Source/os_systick.o
    0x20000729   0x00000003   PAD
    0x2000072c   0x00000028   Zero   RW        28763    .bss._ZL16filehandle_mutex  BUILD/SKRV2/ARMC6/mbed-os/platform/source/mbed_retarget.o
    0x20000754   0x00000004   PAD
    0x20000758   0x00001000   Zero   RW        29022    .bss._main_stack    BUILD/SKRV2/ARMC6/mbed-os/rtos/source/TARGET_CORTEX/mbed_rtos_rtx.o
    0x20001758   0x00000020   Zero   RW        28999    .bss._static_mutexes  BUILD/SKRV2/ARMC6/mbed-os/rtos/source/TARGET_CORTEX/TOOLCHAIN_ARM_STD/mbed_boot_arm_std.o
    0x20001778   0x000000e0   Zero   RW        29000    .bss._static_mutexes_mem  BUILD/SKRV2/ARMC6/mbed-os/rtos/source/TARGET_CORTEX/TOOLCHAIN_ARM_STD/mbed_boot_arm_std.o
    0x20001858   0x00000004   Zero   RW        28439    .bss.critical_section_reentrancy_counter  BUILD/SKRV2/ARMC6/mbed-os/platform/source/mbed_critical.o
    0x2000185c   0x00000002   Zero   RW        28577    .bss.deep_sleep_lock  BUILD/SKRV2/ARMC6/mbed-os/platform/source/mbed_power_mgmt.o
    0x2000185e   0x00000002   PAD
    0x20001860   0x00000040   Zero   RW        27780    .bss.events         BUILD/SKRV2/ARMC6/mbed-os/hal/mbed_us_ticker_api.o
    0x200018a0   0x00000054   Zero   RW        28297    .bss.fault_context  BUILD/SKRV2/ARMC6/mbed-os/platform/source/TARGET_CORTEX_M/mbed_fault_handler.o
    0x200018f4   0x00000001   Zero   RW        28481    .bss.halt_in_progress  BUILD/SKRV2/ARMC6/mbed-os/platform/source/mbed_error.o
    0x200018f5   0x00000001   Zero   RW        28480    .bss.mbed_error_in_progress  BUILD/SKRV2/ARMC6/mbed-os/platform/source/mbed_error.o
    0x200018f6   0x00000002   PAD
    0x200018f8   0x00000004   Zero   RW        28762    .bss.mbed_heap_size  BUILD/SKRV2/ARMC6/mbed-os/platform/source/mbed_retarget.o
    0x200018fc   0x00000004   Zero   RW        28761    .bss.mbed_heap_start  BUILD/SKRV2/ARMC6/mbed-os/platform/source/mbed_retarget.o
    0x20001900   0x00000004   Zero   RW        33559    .bss.mbed_sdk_inited  BUILD/SKRV2/ARMC6/mbed-os/targets/TARGET_STM/mbed_overrides.o
    0x20001904   0x00000004   Zero   RW        29015    .bss.mbed_stack_isr_size  BUILD/SKRV2/ARMC6/mbed-os/rtos/source/TARGET_CORTEX/mbed_boot.o
    0x20001908   0x00000004   Zero   RW        29014    .bss.mbed_stack_isr_start  BUILD/SKRV2/ARMC6/mbed-os/rtos/source/TARGET_CORTEX/mbed_boot.o
    0x2000190c   0x00000040   Zero   RW        29246    .bss.os             BUILD/SKRV2/ARMC6/mbed-os/rtos/source/TARGET_CORTEX/rtx5/RTX/Source/rtx_lib.o
    0x2000194c   0x000001f0   Zero   RW        28998    .bss.os.libspace    BUILD/SKRV2/ARMC6/mbed-os/rtos/source/TARGET_CORTEX/TOOLCHAIN_ARM_STD/mbed_boot_arm_std.o
    0x20001b3c   0x00000034   Zero   RW        29256    .bss.os.msgqueue.cb  BUILD/SKRV2/ARMC6/mbed-os/rtos/source/TARGET_CORTEX/rtx5/RTX/Source/rtx_lib.o
    0x20001b70   0x00000050   Zero   RW        29257    .bss.os.msgqueue.mem  BUILD/SKRV2/ARMC6/mbed-os/rtos/source/TARGET_CORTEX/rtx5/RTX/Source/rtx_lib.o
    0x20001bc0   0x00000044   Zero   RW        29023    .bss.os.thread.cb   BUILD/SKRV2/ARMC6/mbed-os/rtos/source/TARGET_CORTEX/mbed_rtos_rtx.o
    0x20001c04   0x00000088   Zero   RW        29254    .bss.os.thread.cb   BUILD/SKRV2/ARMC6/mbed-os/rtos/source/TARGET_CORTEX/rtx5/RTX/Source/rtx_lib.o
    0x20001c8c   0x00000004   PAD
    0x20001c90   0x00000500   Zero   RW        29255    .bss.os.thread.stack  BUILD/SKRV2/ARMC6/mbed-os/rtos/source/TARGET_CORTEX/rtx5/RTX/Source/rtx_lib.o
    0x20002190   0x00000001   Zero   RW        29001    .bss.os_kernel_is_active.os_kernel_active  BUILD/SKRV2/ARMC6/mbed-os/rtos/source/TARGET_CORTEX/TOOLCHAIN_ARM_STD/mbed_boot_arm_std.o
    0x20002191   0x00000003   PAD
    0x20002194   0x00000120   Zero   RW           37    .bss.pc             BUILD/SKRV2/ARMC6/main.o
    0x200022b4   0x00000004   Zero   RW        29037    .bss.terminate_hook  BUILD/SKRV2/ARMC6/mbed-os/rtos/source/TARGET_CORTEX/mbed_rtx_handlers.o
    0x200022b8   0x00000180   Zero   RW        33297    .bss.uart_handlers  BUILD/SKRV2/ARMC6/mbed-os/targets/TARGET_STM/TARGET_STM32F4/serial_device.o


    Execution Region ARM_LIB_STACK (Base: 0x2001fc00, Size: 0x00000400, Max: 0x00000400, ABSOLUTE)

    Base Addr    Size         Type   Attr      Idx    E Section Name        Object

    0x2001fc00   0x00000400   Zero   RW            2    ARM_LIB_STACK.bss   anon$$obj.o


==============================================================================

Image component sizes


      Code (inc. data)   RO Data    RW Data    ZI Data      Debug   

     19812       1694       2012        240       9260      34152   Object Totals
         0          0         32          0       1280          0   (incl. Generated)
        54          0          3          0         20          0   (incl. Padding)
     10892        518        552         16        348       8348   Library Totals
        20          0          1          0          0          0   (incl. Padding)

==============================================================================


      Code (inc. data)   RO Data    RW Data    ZI Data      Debug   

     30704       2212       2564        256       9608      36412   Grand Totals
     30704       2212       2564        256       9608      36412   ELF Image Totals
     30704       2212       2564        256          0          0   ROM Totals

==============================================================================

    Total RO  Size (Code + RO Data)                33268 (  32.49kB)
    Total RW  Size (RW Data + ZI Data)              9864 (   9.63kB)
    Total ROM Size (Code + RO Data + RW Data)      33524 (  32.74kB)

==============================================================================

