Component: ARM Compiler 6.15 Tool: armlink [5dd79300]

==============================================================================

Memory Map of the image

  Image Entry point : 0x08000189

  Load Region LR_IROM1 (Base: 0x08000000, Size: 0x0000768c, Max: 0x00100000, ABSOLUTE)

    Execution Region ER_IROM1 (Base: 0x08000000, Size: 0x0000758c, Max: 0x00100000, ABSOLUTE)

    Base Addr    Size         Type   Attr      Idx    E Section Name        Object

    0x08000000   0x00000188   Data   RO        29749    RESET               BUILD/SKRV2/ARMC6/mbed-os/targets/TARGET_STM/TARGET_STM32F4/TARGET_STM32F407xG/device/TOOLCHAIN_ARM_STD/startup_STM32F407xx.o
    0x08000188   0x00000008   Code   RO        34100  * !!!main             c:\ProgramData\Mbed Studio\mbed-studio-tools\ac6\bin\..\lib\armlib\c_w.l(__main.o)
    0x08000190   0x00000034   Code   RO        34690    !!!scatter          c:\ProgramData\Mbed Studio\mbed-studio-tools\ac6\bin\..\lib\armlib\c_w.l(__scatter.o)
    0x080001c4   0x0000001a   Code   RO        34692    !!handler_copy      c:\ProgramData\Mbed Studio\mbed-studio-tools\ac6\bin\..\lib\armlib\c_w.l(__scatter_copy.o)
    0x080001de   0x00000002   PAD
    0x080001e0   0x0000001c   Code   RO        34694    !!handler_zi        c:\ProgramData\Mbed Studio\mbed-studio-tools\ac6\bin\..\lib\armlib\c_w.l(__scatter_zi.o)
    0x080001fc   0x00000000   Code   RO        33966    .ARM.Collect$$_printf_percent$$00000000  c:\ProgramData\Mbed Studio\mbed-studio-tools\ac6\bin\..\lib\armlib\c_w.l(_printf_percent.o)
    0x080001fc   0x00000006   Code   RO        33958    .ARM.Collect$$_printf_percent$$00000001  c:\ProgramData\Mbed Studio\mbed-studio-tools\ac6\bin\..\lib\armlib\c_w.l(_printf_n.o)
    0x08000202   0x00000006   Code   RO        33960    .ARM.Collect$$_printf_percent$$00000002  c:\ProgramData\Mbed Studio\mbed-studio-tools\ac6\bin\..\lib\armlib\c_w.l(_printf_p.o)
    0x08000208   0x00000006   Code   RO        33965    .ARM.Collect$$_printf_percent$$00000003  c:\ProgramData\Mbed Studio\mbed-studio-tools\ac6\bin\..\lib\armlib\c_w.l(_printf_f.o)
    0x0800020e   0x00000006   Code   RO        34274    .ARM.Collect$$_printf_percent$$00000004  c:\ProgramData\Mbed Studio\mbed-studio-tools\ac6\bin\..\lib\armlib\c_w.l(_printf_e.o)
    0x08000214   0x00000006   Code   RO        34275    .ARM.Collect$$_printf_percent$$00000005  c:\ProgramData\Mbed Studio\mbed-studio-tools\ac6\bin\..\lib\armlib\c_w.l(_printf_g.o)
    0x0800021a   0x00000006   Code   RO        34276    .ARM.Collect$$_printf_percent$$00000006  c:\ProgramData\Mbed Studio\mbed-studio-tools\ac6\bin\..\lib\armlib\c_w.l(_printf_a.o)
    0x08000220   0x0000000a   Code   RO        34281    .ARM.Collect$$_printf_percent$$00000007  c:\ProgramData\Mbed Studio\mbed-studio-tools\ac6\bin\..\lib\armlib\c_w.l(_printf_ll.o)
    0x0800022a   0x00000006   Code   RO        33962    .ARM.Collect$$_printf_percent$$00000008  c:\ProgramData\Mbed Studio\mbed-studio-tools\ac6\bin\..\lib\armlib\c_w.l(_printf_i.o)
    0x08000230   0x00000006   Code   RO        33963    .ARM.Collect$$_printf_percent$$00000009  c:\ProgramData\Mbed Studio\mbed-studio-tools\ac6\bin\..\lib\armlib\c_w.l(_printf_d.o)
    0x08000236   0x00000006   Code   RO        33964    .ARM.Collect$$_printf_percent$$0000000A  c:\ProgramData\Mbed Studio\mbed-studio-tools\ac6\bin\..\lib\armlib\c_w.l(_printf_u.o)
    0x0800023c   0x00000006   Code   RO        33961    .ARM.Collect$$_printf_percent$$0000000B  c:\ProgramData\Mbed Studio\mbed-studio-tools\ac6\bin\..\lib\armlib\c_w.l(_printf_o.o)
    0x08000242   0x00000006   Code   RO        33959    .ARM.Collect$$_printf_percent$$0000000C  c:\ProgramData\Mbed Studio\mbed-studio-tools\ac6\bin\..\lib\armlib\c_w.l(_printf_x.o)
    0x08000248   0x00000006   Code   RO        34278    .ARM.Collect$$_printf_percent$$0000000D  c:\ProgramData\Mbed Studio\mbed-studio-tools\ac6\bin\..\lib\armlib\c_w.l(_printf_lli.o)
    0x0800024e   0x00000006   Code   RO        34279    .ARM.Collect$$_printf_percent$$0000000E  c:\ProgramData\Mbed Studio\mbed-studio-tools\ac6\bin\..\lib\armlib\c_w.l(_printf_lld.o)
    0x08000254   0x00000006   Code   RO        34280    .ARM.Collect$$_printf_percent$$0000000F  c:\ProgramData\Mbed Studio\mbed-studio-tools\ac6\bin\..\lib\armlib\c_w.l(_printf_llu.o)
    0x0800025a   0x00000006   Code   RO        34284    .ARM.Collect$$_printf_percent$$00000010  c:\ProgramData\Mbed Studio\mbed-studio-tools\ac6\bin\..\lib\armlib\c_w.l(_printf_llo.o)
    0x08000260   0x00000006   Code   RO        34285    .ARM.Collect$$_printf_percent$$00000011  c:\ProgramData\Mbed Studio\mbed-studio-tools\ac6\bin\..\lib\armlib\c_w.l(_printf_llx.o)
    0x08000266   0x0000000a   Code   RO        34282    .ARM.Collect$$_printf_percent$$00000012  c:\ProgramData\Mbed Studio\mbed-studio-tools\ac6\bin\..\lib\armlib\c_w.l(_printf_l.o)
    0x08000270   0x00000006   Code   RO        33956    .ARM.Collect$$_printf_percent$$00000013  c:\ProgramData\Mbed Studio\mbed-studio-tools\ac6\bin\..\lib\armlib\c_w.l(_printf_c.o)
    0x08000276   0x00000006   Code   RO        33957    .ARM.Collect$$_printf_percent$$00000014  c:\ProgramData\Mbed Studio\mbed-studio-tools\ac6\bin\..\lib\armlib\c_w.l(_printf_s.o)
    0x0800027c   0x00000006   Code   RO        33967    .ARM.Collect$$_printf_percent$$00000015  c:\ProgramData\Mbed Studio\mbed-studio-tools\ac6\bin\..\lib\armlib\c_w.l(_printf_lc.o)
    0x08000282   0x00000006   Code   RO        34283    .ARM.Collect$$_printf_percent$$00000016  c:\ProgramData\Mbed Studio\mbed-studio-tools\ac6\bin\..\lib\armlib\c_w.l(_printf_ls.o)
    0x08000288   0x00000004   Code   RO        34277    .ARM.Collect$$_printf_percent$$00000017  c:\ProgramData\Mbed Studio\mbed-studio-tools\ac6\bin\..\lib\armlib\c_w.l(_printf_percent_end.o)
    0x0800028c   0x00000002   Code   RO        34099    .ARM.Collect$$libinit$$00000000  c:\ProgramData\Mbed Studio\mbed-studio-tools\ac6\bin\..\lib\armlib\c_w.l(libinit.o)
    0x0800028e   0x00000004   Code   RO        34341    .ARM.Collect$$libinit$$00000001  c:\ProgramData\Mbed Studio\mbed-studio-tools\ac6\bin\..\lib\armlib\c_w.l(libinit2.o)
    0x08000292   0x00000000   Code   RO        34344    .ARM.Collect$$libinit$$00000004  c:\ProgramData\Mbed Studio\mbed-studio-tools\ac6\bin\..\lib\armlib\c_w.l(libinit2.o)
    0x08000292   0x00000008   Code   RO        34345    .ARM.Collect$$libinit$$00000005  c:\ProgramData\Mbed Studio\mbed-studio-tools\ac6\bin\..\lib\armlib\c_w.l(libinit2.o)
    0x0800029a   0x00000000   Code   RO        34347    .ARM.Collect$$libinit$$0000000A  c:\ProgramData\Mbed Studio\mbed-studio-tools\ac6\bin\..\lib\armlib\c_w.l(libinit2.o)
    0x0800029a   0x00000000   Code   RO        34349    .ARM.Collect$$libinit$$0000000C  c:\ProgramData\Mbed Studio\mbed-studio-tools\ac6\bin\..\lib\armlib\c_w.l(libinit2.o)
    0x0800029a   0x00000000   Code   RO        34351    .ARM.Collect$$libinit$$0000000E  c:\ProgramData\Mbed Studio\mbed-studio-tools\ac6\bin\..\lib\armlib\c_w.l(libinit2.o)
    0x0800029a   0x00000006   Code   RO        34352    .ARM.Collect$$libinit$$0000000F  c:\ProgramData\Mbed Studio\mbed-studio-tools\ac6\bin\..\lib\armlib\c_w.l(libinit2.o)
    0x080002a0   0x00000000   Code   RO        34354    .ARM.Collect$$libinit$$00000011  c:\ProgramData\Mbed Studio\mbed-studio-tools\ac6\bin\..\lib\armlib\c_w.l(libinit2.o)
    0x080002a0   0x0000000c   Code   RO        34355    .ARM.Collect$$libinit$$00000012  c:\ProgramData\Mbed Studio\mbed-studio-tools\ac6\bin\..\lib\armlib\c_w.l(libinit2.o)
    0x080002ac   0x00000000   Code   RO        34356    .ARM.Collect$$libinit$$00000013  c:\ProgramData\Mbed Studio\mbed-studio-tools\ac6\bin\..\lib\armlib\c_w.l(libinit2.o)
    0x080002ac   0x00000000   Code   RO        34358    .ARM.Collect$$libinit$$00000015  c:\ProgramData\Mbed Studio\mbed-studio-tools\ac6\bin\..\lib\armlib\c_w.l(libinit2.o)
    0x080002ac   0x0000000a   Code   RO        34359    .ARM.Collect$$libinit$$00000016  c:\ProgramData\Mbed Studio\mbed-studio-tools\ac6\bin\..\lib\armlib\c_w.l(libinit2.o)
    0x080002b6   0x00000000   Code   RO        34360    .ARM.Collect$$libinit$$00000017  c:\ProgramData\Mbed Studio\mbed-studio-tools\ac6\bin\..\lib\armlib\c_w.l(libinit2.o)
    0x080002b6   0x00000000   Code   RO        34362    .ARM.Collect$$libinit$$00000019  c:\ProgramData\Mbed Studio\mbed-studio-tools\ac6\bin\..\lib\armlib\c_w.l(libinit2.o)
    0x080002b6   0x00000000   Code   RO        34364    .ARM.Collect$$libinit$$0000001B  c:\ProgramData\Mbed Studio\mbed-studio-tools\ac6\bin\..\lib\armlib\c_w.l(libinit2.o)
    0x080002b6   0x00000000   Code   RO        34366    .ARM.Collect$$libinit$$0000001D  c:\ProgramData\Mbed Studio\mbed-studio-tools\ac6\bin\..\lib\armlib\c_w.l(libinit2.o)
    0x080002b6   0x00000000   Code   RO        34368    .ARM.Collect$$libinit$$0000001F  c:\ProgramData\Mbed Studio\mbed-studio-tools\ac6\bin\..\lib\armlib\c_w.l(libinit2.o)
    0x080002b6   0x00000000   Code   RO        34370    .ARM.Collect$$libinit$$00000021  c:\ProgramData\Mbed Studio\mbed-studio-tools\ac6\bin\..\lib\armlib\c_w.l(libinit2.o)
    0x080002b6   0x00000000   Code   RO        34372    .ARM.Collect$$libinit$$00000023  c:\ProgramData\Mbed Studio\mbed-studio-tools\ac6\bin\..\lib\armlib\c_w.l(libinit2.o)
    0x080002b6   0x00000004   Code   RO        34373    .ARM.Collect$$libinit$$00000024  c:\ProgramData\Mbed Studio\mbed-studio-tools\ac6\bin\..\lib\armlib\c_w.l(libinit2.o)
    0x080002ba   0x00000000   Code   RO        34374    .ARM.Collect$$libinit$$00000025  c:\ProgramData\Mbed Studio\mbed-studio-tools\ac6\bin\..\lib\armlib\c_w.l(libinit2.o)
    0x080002ba   0x00000000   Code   RO        34378    .ARM.Collect$$libinit$$0000002C  c:\ProgramData\Mbed Studio\mbed-studio-tools\ac6\bin\..\lib\armlib\c_w.l(libinit2.o)
    0x080002ba   0x00000000   Code   RO        34380    .ARM.Collect$$libinit$$0000002E  c:\ProgramData\Mbed Studio\mbed-studio-tools\ac6\bin\..\lib\armlib\c_w.l(libinit2.o)
    0x080002ba   0x00000000   Code   RO        34382    .ARM.Collect$$libinit$$00000030  c:\ProgramData\Mbed Studio\mbed-studio-tools\ac6\bin\..\lib\armlib\c_w.l(libinit2.o)
    0x080002ba   0x00000000   Code   RO        34384    .ARM.Collect$$libinit$$00000032  c:\ProgramData\Mbed Studio\mbed-studio-tools\ac6\bin\..\lib\armlib\c_w.l(libinit2.o)
    0x080002ba   0x00000002   Code   RO        34385    .ARM.Collect$$libinit$$00000033  c:\ProgramData\Mbed Studio\mbed-studio-tools\ac6\bin\..\lib\armlib\c_w.l(libinit2.o)
    0x080002bc   0x00000000   Code   RO        34545    .ARM.Collect$$libshutdown$$00000004  c:\ProgramData\Mbed Studio\mbed-studio-tools\ac6\bin\..\lib\armlib\c_w.l(libshutdown2.o)
    0x080002bc   0x00000000   Code   RO        34556    .ARM.Collect$$libshutdown$$0000000F  c:\ProgramData\Mbed Studio\mbed-studio-tools\ac6\bin\..\lib\armlib\c_w.l(libshutdown2.o)
    0x080002bc   0x000000c8   Code   RO        28283    .text               BUILD/SKRV2/ARMC6/mbed-os/platform/source/TARGET_CORTEX_M/TOOLCHAIN_ARM/except.o
    0x08000384   0x000000c4   Code   RO        29094    .text               BUILD/SKRV2/ARMC6/mbed-os/rtos/source/TARGET_CORTEX/rtx5/RTX/Source/TOOLCHAIN_ARM/TARGET_RTOS_M4_M7/irq_cm4f.o
    0x08000448   0x00000024   Code   RO        29750    .text               BUILD/SKRV2/ARMC6/mbed-os/targets/TARGET_STM/TARGET_STM32F4/TARGET_STM32F407xG/device/TOOLCHAIN_ARM_STD/startup_STM32F407xx.o
    0x0800046c   0x00000002   Code   RO        33791    .text               c:\ProgramData\Mbed Studio\mbed-studio-tools\ac6\bin\..\lib\armlib\c_w.l(use_no_semi_2.o)
    0x0800046e   0x00000002   PAD
    0x08000470   0x00000010   Code   RO        33793    .text               c:\ProgramData\Mbed Studio\mbed-studio-tools\ac6\bin\..\lib\armlib\c_w.l(rt_ctype_table.o)
    0x08000480   0x00000004   Code   RO        33800    .text               c:\ProgramData\Mbed Studio\mbed-studio-tools\ac6\bin\..\lib\armlib\c_w.l(rt_errno_addr_twolibspace.o)
    0x08000484   0x000000a6   Code   RO        33812    .text               c:\ProgramData\Mbed Studio\mbed-studio-tools\ac6\bin\..\lib\armlib\c_w.l(h1_alloc_threads.o)
    0x0800052a   0x00000076   Code   RO        33814    .text               c:\ProgramData\Mbed Studio\mbed-studio-tools\ac6\bin\..\lib\armlib\c_w.l(h1_free_threads.o)
    0x080005a0   0x000000f0   Code   RO        33866    .text               c:\ProgramData\Mbed Studio\mbed-studio-tools\ac6\bin\..\lib\armlib\c_w.l(lludivv7m.o)
    0x08000690   0x00000026   Code   RO        33868    .text               c:\ProgramData\Mbed Studio\mbed-studio-tools\ac6\bin\..\lib\armlib\c_w.l(llshl.o)
    0x080006b6   0x00000026   Code   RO        33870    .text               c:\ProgramData\Mbed Studio\mbed-studio-tools\ac6\bin\..\lib\armlib\c_w.l(llushr.o)
    0x080006dc   0x00000034   Code   RO        33880    .text               c:\ProgramData\Mbed Studio\mbed-studio-tools\ac6\bin\..\lib\armlib\c_w.l(vsnprintf.o)
    0x08000710   0x00000018   Code   RO        33882    .text               c:\ProgramData\Mbed Studio\mbed-studio-tools\ac6\bin\..\lib\armlib\c_w.l(__2printf.o)
    0x08000728   0x0000004e   Code   RO        33896    .text               c:\ProgramData\Mbed Studio\mbed-studio-tools\ac6\bin\..\lib\armlib\c_w.l(_printf_pad.o)
    0x08000776   0x00000024   Code   RO        33898    .text               c:\ProgramData\Mbed Studio\mbed-studio-tools\ac6\bin\..\lib\armlib\c_w.l(_printf_truncate.o)
    0x0800079a   0x00000052   Code   RO        33900    .text               c:\ProgramData\Mbed Studio\mbed-studio-tools\ac6\bin\..\lib\armlib\c_w.l(_printf_str.o)
    0x080007ec   0x00000078   Code   RO        33902    .text               c:\ProgramData\Mbed Studio\mbed-studio-tools\ac6\bin\..\lib\armlib\c_w.l(_printf_dec.o)
    0x08000864   0x00000028   Code   RO        33904    .text               c:\ProgramData\Mbed Studio\mbed-studio-tools\ac6\bin\..\lib\armlib\c_w.l(_printf_charcount.o)
    0x0800088c   0x000000bc   Code   RO        33906    .text               c:\ProgramData\Mbed Studio\mbed-studio-tools\ac6\bin\..\lib\armlib\c_w.l(_printf_wctomb.o)
    0x08000948   0x00000070   Code   RO        33913    .text               c:\ProgramData\Mbed Studio\mbed-studio-tools\ac6\bin\..\lib\armlib\c_w.l(_printf_oct_int_ll.o)
    0x080009b8   0x00000094   Code   RO        33933    .text               c:\ProgramData\Mbed Studio\mbed-studio-tools\ac6\bin\..\lib\armlib\c_w.l(_printf_hex_int_ll_ptr.o)
    0x08000a4c   0x00000188   Code   RO        33953    .text               c:\ProgramData\Mbed Studio\mbed-studio-tools\ac6\bin\..\lib\armlib\c_w.l(__printf_flags_ss_wp.o)
    0x08000bd4   0x000000f8   Code   RO        34000    .text               c:\ProgramData\Mbed Studio\mbed-studio-tools\ac6\bin\..\lib\armlib\c_w.l(fseek.o)
    0x08000ccc   0x00000042   Code   RO        34002    .text               c:\ProgramData\Mbed Studio\mbed-studio-tools\ac6\bin\..\lib\armlib\c_w.l(ftell.o)
    0x08000d0e   0x0000004c   Code   RO        34022    .text               c:\ProgramData\Mbed Studio\mbed-studio-tools\ac6\bin\..\lib\armlib\c_w.l(fclose.o)
    0x08000d5a   0x00000002   PAD
    0x08000d5c   0x00000090   Code   RO        34034    .text               c:\ProgramData\Mbed Studio\mbed-studio-tools\ac6\bin\..\lib\armlib\c_w.l(fflush_locked.o)
    0x08000dec   0x0000014c   Code   RO        34036    .text               c:\ProgramData\Mbed Studio\mbed-studio-tools\ac6\bin\..\lib\armlib\c_w.l(fopen_locked.o)
    0x08000f38   0x0000001c   Code   RO        34052    .text               c:\ProgramData\Mbed Studio\mbed-studio-tools\ac6\bin\..\lib\armlib\c_w.l(strspn.o)
    0x08000f54   0x00000058   Code   RO        34056    .text               c:\ProgramData\Mbed Studio\mbed-studio-tools\ac6\bin\..\lib\armlib\c_w.l(memcmp.o)
    0x08000fac   0x0000003e   Code   RO        34062    .text               c:\ProgramData\Mbed Studio\mbed-studio-tools\ac6\bin\..\lib\armlib\c_w.l(strlen.o)
    0x08000fea   0x0000008a   Code   RO        34070    .text               c:\ProgramData\Mbed Studio\mbed-studio-tools\ac6\bin\..\lib\armlib\c_w.l(rt_memcpy_v6.o)
    0x08001074   0x00000064   Code   RO        34074    .text               c:\ProgramData\Mbed Studio\mbed-studio-tools\ac6\bin\..\lib\armlib\c_w.l(rt_memcpy_w.o)
    0x080010d8   0x00000044   Code   RO        34084    .text               c:\ProgramData\Mbed Studio\mbed-studio-tools\ac6\bin\..\lib\armlib\c_w.l(rt_memclr.o)
    0x0800111c   0x0000004e   Code   RO        34086    .text               c:\ProgramData\Mbed Studio\mbed-studio-tools\ac6\bin\..\lib\armlib\c_w.l(rt_memclr_w.o)
    0x0800116a   0x00000006   PAD
    0x08001170   0x0000007c   Code   RO        34090    .text               c:\ProgramData\Mbed Studio\mbed-studio-tools\ac6\bin\..\lib\armlib\c_w.l(strcmpv7em.o)
    0x080011ec   0x00000006   Code   RO        34097    .text               c:\ProgramData\Mbed Studio\mbed-studio-tools\ac6\bin\..\lib\armlib\c_w.l(heapauxi.o)
    0x080011f2   0x00000002   PAD
    0x080011f4   0x00000008   Code   RO        34207    .text               c:\ProgramData\Mbed Studio\mbed-studio-tools\ac6\bin\..\lib\armlib\c_w.l(libspace.o)
    0x080011fc   0x00000002   Code   RO        34210    .text               c:\ProgramData\Mbed Studio\mbed-studio-tools\ac6\bin\..\lib\armlib\c_w.l(use_no_semi.o)
    0x080011fe   0x0000000a   Code   RO        34221    .text               c:\ProgramData\Mbed Studio\mbed-studio-tools\ac6\bin\..\lib\armlib\c_w.l(rt_heap_descriptor_twolibspace.o)
    0x08001208   0x0000000a   Code   RO        34228    .text               c:\ProgramData\Mbed Studio\mbed-studio-tools\ac6\bin\..\lib\armlib\c_w.l(rt_locale_twolibspace.o)
    0x08001212   0x00000004   Code   RO        34230    .text               c:\ProgramData\Mbed Studio\mbed-studio-tools\ac6\bin\..\lib\armlib\c_w.l(hguard.o)
    0x08001216   0x0000008a   Code   RO        34232    .text               c:\ProgramData\Mbed Studio\mbed-studio-tools\ac6\bin\..\lib\armlib\c_w.l(init_alloc.o)
    0x080012a0   0x00000012   Code   RO        34240    .text               c:\ProgramData\Mbed Studio\mbed-studio-tools\ac6\bin\..\lib\armlib\c_w.l(h1_init_threads.o)
    0x080012b2   0x000000b2   Code   RO        34254    .text               c:\ProgramData\Mbed Studio\mbed-studio-tools\ac6\bin\..\lib\armlib\c_w.l(_printf_intcommon.o)
    0x08001364   0x0000041c   Code   RO        34256    .text               c:\ProgramData\Mbed Studio\mbed-studio-tools\ac6\bin\..\lib\armlib\c_w.l(_printf_fp_dec.o)
    0x08001780   0x00000030   Code   RO        34260    .text               c:\ProgramData\Mbed Studio\mbed-studio-tools\ac6\bin\..\lib\armlib\c_w.l(_printf_char_common.o)
    0x080017b0   0x0000000a   Code   RO        34262    .text               c:\ProgramData\Mbed Studio\mbed-studio-tools\ac6\bin\..\lib\armlib\c_w.l(_sputc.o)
    0x080017ba   0x00000010   Code   RO        34264    .text               c:\ProgramData\Mbed Studio\mbed-studio-tools\ac6\bin\..\lib\armlib\c_w.l(_snputc.o)
    0x080017ca   0x0000002c   Code   RO        34266    .text               c:\ProgramData\Mbed Studio\mbed-studio-tools\ac6\bin\..\lib\armlib\c_w.l(_printf_char.o)
    0x080017f6   0x0000002c   Code   RO        34270    .text               c:\ProgramData\Mbed Studio\mbed-studio-tools\ac6\bin\..\lib\armlib\c_w.l(_printf_wchar.o)
    0x08001822   0x00000002   PAD
    0x08001824   0x0000007c   Code   RO        34272    .text               c:\ProgramData\Mbed Studio\mbed-studio-tools\ac6\bin\..\lib\armlib\c_w.l(_printf_longlong_dec.o)
    0x080018a0   0x000001d6   Code   RO        34310    .text               c:\ProgramData\Mbed Studio\mbed-studio-tools\ac6\bin\..\lib\armlib\c_w.l(flsbuf.o)
    0x08001a76   0x00000002   PAD
    0x08001a78   0x000000f0   Code   RO        34314    .text               c:\ProgramData\Mbed Studio\mbed-studio-tools\ac6\bin\..\lib\armlib\c_w.l(stdio.o)
    0x08001b68   0x00000068   Code   RO        34323    .text               c:\ProgramData\Mbed Studio\mbed-studio-tools\ac6\bin\..\lib\armlib\c_w.l(setvbuf_locked.o)
    0x08001bd0   0x000001c8   Code   RO        34325    .text               c:\ProgramData\Mbed Studio\mbed-studio-tools\ac6\bin\..\lib\armlib\c_w.l(initio_locked.o)
    0x08001d98   0x00000048   Code   RO        34327    .text               c:\ProgramData\Mbed Studio\mbed-studio-tools\ac6\bin\..\lib\armlib\c_w.l(_c16rtomb.o)
    0x08001de0   0x00000000   Code   RO        34439    .text               c:\ProgramData\Mbed Studio\mbed-studio-tools\ac6\bin\..\lib\armlib\c_w.l(maybetermalloc2.o)
    0x08001de0   0x00000052   Code   RO        34442    .text               c:\ProgramData\Mbed Studio\mbed-studio-tools\ac6\bin\..\lib\armlib\c_w.l(h1_extend_threads.o)
    0x08001e32   0x0000008a   Code   RO        34444    .text               c:\ProgramData\Mbed Studio\mbed-studio-tools\ac6\bin\..\lib\armlib\c_w.l(lludiv10.o)
    0x08001ebc   0x000002fc   Code   RO        34446    .text               c:\ProgramData\Mbed Studio\mbed-studio-tools\ac6\bin\..\lib\armlib\c_w.l(_printf_fp_hex.o)
    0x080021b8   0x00000080   Code   RO        34449    .text               c:\ProgramData\Mbed Studio\mbed-studio-tools\ac6\bin\..\lib\armlib\c_w.l(_printf_fp_infnan.o)
    0x08002238   0x00000040   Code   RO        34453    .text               c:\ProgramData\Mbed Studio\mbed-studio-tools\ac6\bin\..\lib\armlib\c_w.l(_printf_char_file_locked.o)
    0x08002278   0x000000e4   Code   RO        34467    .text               c:\ProgramData\Mbed Studio\mbed-studio-tools\ac6\bin\..\lib\armlib\c_w.l(bigflt0.o)
    0x0800235c   0x0000000e   Code   RO        34527    .text               c:\ProgramData\Mbed Studio\mbed-studio-tools\ac6\bin\..\lib\armlib\c_w.l(defsig_rtred_outer.o)
    0x0800236a   0x0000000e   Code   RO        34531    .text               c:\ProgramData\Mbed Studio\mbed-studio-tools\ac6\bin\..\lib\armlib\c_w.l(defsig_rtmem_outer.o)
    0x08002378   0x00000010   Code   RO        34576    .text               c:\ProgramData\Mbed Studio\mbed-studio-tools\ac6\bin\..\lib\armlib\c_w.l(term_alloc.o)
    0x08002388   0x0000000a   Code   RO        34585    .text               c:\ProgramData\Mbed Studio\mbed-studio-tools\ac6\bin\..\lib\armlib\c_w.l(defsig_exit.o)
    0x08002392   0x00000002   PAD
    0x08002394   0x00000034   Code   RO        34593    .text               c:\ProgramData\Mbed Studio\mbed-studio-tools\ac6\bin\..\lib\armlib\c_w.l(defsig_rtred_inner.o)
    0x080023c8   0x00000050   Code   RO        34595    .text               c:\ProgramData\Mbed Studio\mbed-studio-tools\ac6\bin\..\lib\armlib\c_w.l(defsig_rtmem_inner.o)
    0x08002418   0x0000000a   Code   RO        34621    .text               c:\ProgramData\Mbed Studio\mbed-studio-tools\ac6\bin\..\lib\armlib\c_w.l(h1_final_threads.o)
    0x08002422   0x00000032   Code   RO        34631    .text               c:\ProgramData\Mbed Studio\mbed-studio-tools\ac6\bin\..\lib\armlib\c_w.l(defsig_general.o)
    0x08002454   0x00000028   Code   RO        28647    .text.$Sub$$__rt_lib_init  BUILD/SKRV2/ARMC6/mbed-os/platform/source/mbed_retarget.o
    0x0800247c   0x00000008   Code   RO        33355    .text.CAN1_RX0_IRQHandler  BUILD/SKRV2/ARMC6/mbed-os/targets/TARGET_STM/can_api.o
    0x08002484   0x00000008   Code   RO        33361    .text.CAN1_SCE_IRQHandler  BUILD/SKRV2/ARMC6/mbed-os/targets/TARGET_STM/can_api.o
    0x0800248c   0x0000000c   Code   RO        33359    .text.CAN1_TX_IRQHandler  BUILD/SKRV2/ARMC6/mbed-os/targets/TARGET_STM/can_api.o
    0x08002498   0x00000008   Code   RO        33363    .text.CAN2_RX0_IRQHandler  BUILD/SKRV2/ARMC6/mbed-os/targets/TARGET_STM/can_api.o
    0x080024a0   0x00000008   Code   RO        33367    .text.CAN2_SCE_IRQHandler  BUILD/SKRV2/ARMC6/mbed-os/targets/TARGET_STM/can_api.o
    0x080024a8   0x0000000c   Code   RO        33365    .text.CAN2_TX_IRQHandler  BUILD/SKRV2/ARMC6/mbed-os/targets/TARGET_STM/can_api.o
    0x080024b4   0x00000002   Code   RO        29157    .text.EvrRtxDelayError  BUILD/SKRV2/ARMC6/mbed-os/rtos/source/TARGET_CORTEX/rtx5/RTX/Source/rtx_evr.o
    0x080024b6   0x00000002   Code   RO        29145    .text.EvrRtxKernelError  BUILD/SKRV2/ARMC6/mbed-os/rtos/source/TARGET_CORTEX/rtx5/RTX/Source/rtx_evr.o
    0x080024b8   0x00000002   Code   RO        29169    .text.EvrRtxMessageQueueError  BUILD/SKRV2/ARMC6/mbed-os/rtos/source/TARGET_CORTEX/rtx5/RTX/Source/rtx_evr.o
    0x080024ba   0x00000002   Code   RO        29163    .text.EvrRtxMutexError  BUILD/SKRV2/ARMC6/mbed-os/rtos/source/TARGET_CORTEX/rtx5/RTX/Source/rtx_evr.o
    0x080024bc   0x00000002   Code   RO        29147    .text.EvrRtxThreadError  BUILD/SKRV2/ARMC6/mbed-os/rtos/source/TARGET_CORTEX/rtx5/RTX/Source/rtx_evr.o
    0x080024be   0x00000002   PAD
    0x080024c0   0x00000018   Code   RO        29028    .text.EvrRtxThreadExit  BUILD/SKRV2/ARMC6/mbed-os/rtos/source/TARGET_CORTEX/mbed_rtx_handlers.o
    0x080024d8   0x00000034   Code   RO        33427    .text.HAL_GetTick   BUILD/SKRV2/ARMC6/mbed-os/targets/TARGET_STM/hal_tick_overrides.o
    0x0800250c   0x00000034   Code   RO        29771    .text.HAL_Init      BUILD/SKRV2/ARMC6/mbed-os/targets/TARGET_STM/TARGET_STM32F4/device/stm32f4xx_hal.o
    0x08002540   0x0000000a   Code   RO        33425    .text.HAL_InitTick  BUILD/SKRV2/ARMC6/mbed-os/targets/TARGET_STM/hal_tick_overrides.o
    0x0800254a   0x00000002   Code   RO        29775    .text.HAL_MspInit   BUILD/SKRV2/ARMC6/mbed-os/targets/TARGET_STM/TARGET_STM32F4/device/stm32f4xx_hal.o
    0x0800254c   0x00000020   Code   RO        29973    .text.HAL_NVIC_SetPriorityGrouping  BUILD/SKRV2/ARMC6/mbed-os/targets/TARGET_STM/TARGET_STM32F4/device/stm32f4xx_hal_cortex.o
    0x0800256c   0x00000020   Code   RO        31288    .text.HAL_PWR_EnterSLEEPMode  BUILD/SKRV2/ARMC6/mbed-os/targets/TARGET_STM/TARGET_STM32F4/device/stm32f4xx_hal_pwr.o
    0x0800258c   0x00000034   Code   RO        31290    .text.HAL_PWR_EnterSTOPMode  BUILD/SKRV2/ARMC6/mbed-os/targets/TARGET_STM/TARGET_STM32F4/device/stm32f4xx_hal_pwr.o
    0x080025c0   0x00000108   Code   RO        31327    .text.HAL_RCC_ClockConfig  BUILD/SKRV2/ARMC6/mbed-os/targets/TARGET_STM/TARGET_STM32F4/device/stm32f4xx_hal_rcc.o
    0x080026c8   0x00000038   Code   RO        31345    .text.HAL_RCC_GetClockConfig  BUILD/SKRV2/ARMC6/mbed-os/targets/TARGET_STM/TARGET_STM32F4/device/stm32f4xx_hal_rcc.o
    0x08002700   0x00000098   Code   RO        31343    .text.HAL_RCC_GetOscConfig  BUILD/SKRV2/ARMC6/mbed-os/targets/TARGET_STM/TARGET_STM32F4/device/stm32f4xx_hal_rcc.o
    0x08002798   0x00000014   Code   RO        31339    .text.HAL_RCC_GetPCLK1Freq  BUILD/SKRV2/ARMC6/mbed-os/targets/TARGET_STM/TARGET_STM32F4/device/stm32f4xx_hal_rcc.o
    0x080027ac   0x00000020   Code   RO        31341    .text.HAL_RCC_GetPCLK2Freq  BUILD/SKRV2/ARMC6/mbed-os/targets/TARGET_STM/TARGET_STM32F4/device/stm32f4xx_hal_rcc.o
    0x080027cc   0x0000005c   Code   RO        31329    .text.HAL_RCC_GetSysClockFreq  BUILD/SKRV2/ARMC6/mbed-os/targets/TARGET_STM/TARGET_STM32F4/device/stm32f4xx_hal_rcc.o
    0x08002828   0x000002d4   Code   RO        31325    .text.HAL_RCC_OscConfig  BUILD/SKRV2/ARMC6/mbed-os/targets/TARGET_STM/TARGET_STM32F4/device/stm32f4xx_hal_rcc.o
    0x08002afc   0x00000020   Code   RO        32041    .text.HAL_TIM_OC_Init  BUILD/SKRV2/ARMC6/mbed-os/targets/TARGET_STM/TARGET_STM32F4/device/stm32f4xx_hal_tim.o
    0x08002b1c   0x00000002   Code   RO        32043    .text.HAL_TIM_OC_MspInit  BUILD/SKRV2/ARMC6/mbed-os/targets/TARGET_STM/TARGET_STM32F4/device/stm32f4xx_hal_tim.o
    0x08002b1e   0x00000002   PAD
    0x08002b20   0x00000020   Code   RO        32049    .text.HAL_TIM_OC_Start  BUILD/SKRV2/ARMC6/mbed-os/targets/TARGET_STM/TARGET_STM32F4/device/stm32f4xx_hal_tim.o
    0x08002b40   0x0000002c   Code   RO        32459    .text.HAL_UART_Init  BUILD/SKRV2/ARMC6/mbed-os/targets/TARGET_STM/TARGET_STM32F4/device/stm32f4xx_hal_uart.o
    0x08002b6c   0x00000002   Code   RO        32461    .text.HAL_UART_MspInit  BUILD/SKRV2/ARMC6/mbed-os/targets/TARGET_STM/TARGET_STM32F4/device/stm32f4xx_hal_uart.o
    0x08002b6e   0x00000040   Code   RO        29351    .text.MessageQueueGet  BUILD/SKRV2/ARMC6/mbed-os/rtos/source/TARGET_CORTEX/rtx5/RTX/Source/rtx_msgqueue.o
    0x08002bae   0x00000058   Code   RO        29345    .text.MessageQueuePut  BUILD/SKRV2/ARMC6/mbed-os/rtos/source/TARGET_CORTEX/rtx5/RTX/Source/rtx_msgqueue.o
    0x08002c06   0x0000001c   Code   RO        29343    .text.MessageQueueRemove  BUILD/SKRV2/ARMC6/mbed-os/rtos/source/TARGET_CORTEX/rtx5/RTX/Source/rtx_msgqueue.o
    0x08002c22   0x00000002   PAD
    0x08002c24   0x00000008   Code   RO        29633    .text.OS_Tick_AcknowledgeIRQ  BUILD/SKRV2/ARMC6/mbed-os/rtos/source/TARGET_CORTEX/rtx5/Source/os_systick.o
    0x08002c2c   0x00000024   Code   RO        29629    .text.OS_Tick_Enable  BUILD/SKRV2/ARMC6/mbed-os/rtos/source/TARGET_CORTEX/rtx5/Source/os_systick.o
    0x08002c50   0x00000006   Code   RO        29635    .text.OS_Tick_GetIRQn  BUILD/SKRV2/ARMC6/mbed-os/rtos/source/TARGET_CORTEX/rtx5/Source/os_systick.o
    0x08002c56   0x00000002   PAD
    0x08002c58   0x00000040   Code   RO        29627    .text.OS_Tick_Setup  BUILD/SKRV2/ARMC6/mbed-os/rtos/source/TARGET_CORTEX/rtx5/Source/os_systick.o
    0x08002c98   0x0000000a   Code   RO        27717    .text.OUTLINED_FUNCTION_0  BUILD/SKRV2/ARMC6/mbed-os/hal/mbed_pinmap_common.o
    0x08002ca2   0x00000006   Code   RO        27758    .text.OUTLINED_FUNCTION_0  BUILD/SKRV2/ARMC6/mbed-os/hal/mbed_ticker_api.o
    0x08002ca8   0x0000000a   Code   RO        27786    .text.OUTLINED_FUNCTION_0  BUILD/SKRV2/ARMC6/mbed-os/hal/mpu/mbed_mpu_v7m.o
    0x08002cb2   0x00000008   Code   RO        28743    .text.OUTLINED_FUNCTION_0  BUILD/SKRV2/ARMC6/mbed-os/platform/source/mbed_retarget.o
    0x08002cba   0x0000000a   Code   RO        28935    .text.OUTLINED_FUNCTION_0  BUILD/SKRV2/ARMC6/mbed-os/rtos/source/Mutex.o
    0x08002cc4   0x0000000c   Code   RO        29227    .text.OUTLINED_FUNCTION_0  BUILD/SKRV2/ARMC6/mbed-os/rtos/source/TARGET_CORTEX/rtx5/RTX/Source/rtx_kernel.o
    0x08002cd0   0x0000000e   Code   RO        29359    .text.OUTLINED_FUNCTION_0  BUILD/SKRV2/ARMC6/mbed-os/rtos/source/TARGET_CORTEX/rtx5/RTX/Source/rtx_msgqueue.o
    0x08002cde   0x0000000e   Code   RO        29391    .text.OUTLINED_FUNCTION_0  BUILD/SKRV2/ARMC6/mbed-os/rtos/source/TARGET_CORTEX/rtx5/RTX/Source/rtx_mutex.o
    0x08002cec   0x0000000c   Code   RO        31351    .text.OUTLINED_FUNCTION_0  BUILD/SKRV2/ARMC6/mbed-os/targets/TARGET_STM/TARGET_STM32F4/device/stm32f4xx_hal_rcc.o
    0x08002cf8   0x00000016   Code   RO        32563    .text.OUTLINED_FUNCTION_0  BUILD/SKRV2/ARMC6/mbed-os/targets/TARGET_STM/TARGET_STM32F4/device/stm32f4xx_hal_uart.o
    0x08002d0e   0x00000008   Code   RO        33375    .text.OUTLINED_FUNCTION_0  BUILD/SKRV2/ARMC6/mbed-os/targets/TARGET_STM/can_api.o
    0x08002d16   0x0000000e   Code   RO        33563    .text.OUTLINED_FUNCTION_0  BUILD/SKRV2/ARMC6/mbed-os/targets/TARGET_STM/pinmap.o
    0x08002d24   0x00000006   Code   RO        27760    .text.OUTLINED_FUNCTION_1  BUILD/SKRV2/ARMC6/mbed-os/hal/mbed_ticker_api.o
    0x08002d2a   0x00000008   Code   RO        28745    .text.OUTLINED_FUNCTION_1  BUILD/SKRV2/ARMC6/mbed-os/platform/source/mbed_retarget.o
    0x08002d32   0x0000000c   Code   RO        29229    .text.OUTLINED_FUNCTION_1  BUILD/SKRV2/ARMC6/mbed-os/rtos/source/TARGET_CORTEX/rtx5/RTX/Source/rtx_kernel.o
    0x08002d3e   0x0000000c   Code   RO        29361    .text.OUTLINED_FUNCTION_1  BUILD/SKRV2/ARMC6/mbed-os/rtos/source/TARGET_CORTEX/rtx5/RTX/Source/rtx_msgqueue.o
    0x08002d4a   0x00000008   Code   RO        29393    .text.OUTLINED_FUNCTION_1  BUILD/SKRV2/ARMC6/mbed-os/rtos/source/TARGET_CORTEX/rtx5/RTX/Source/rtx_mutex.o
    0x08002d52   0x0000000a   Code   RO        31353    .text.OUTLINED_FUNCTION_1  BUILD/SKRV2/ARMC6/mbed-os/targets/TARGET_STM/TARGET_STM32F4/device/stm32f4xx_hal_rcc.o
    0x08002d5c   0x0000000c   Code   RO        32565    .text.OUTLINED_FUNCTION_1  BUILD/SKRV2/ARMC6/mbed-os/targets/TARGET_STM/TARGET_STM32F4/device/stm32f4xx_hal_uart.o
    0x08002d68   0x00000008   Code   RO        32239    .text.OUTLINED_FUNCTION_10  BUILD/SKRV2/ARMC6/mbed-os/targets/TARGET_STM/TARGET_STM32F4/device/stm32f4xx_hal_tim.o
    0x08002d70   0x0000000a   Code   RO        32241    .text.OUTLINED_FUNCTION_11  BUILD/SKRV2/ARMC6/mbed-os/targets/TARGET_STM/TARGET_STM32F4/device/stm32f4xx_hal_tim.o
    0x08002d7a   0x00000010   Code   RO        32587    .text.OUTLINED_FUNCTION_12  BUILD/SKRV2/ARMC6/mbed-os/targets/TARGET_STM/TARGET_STM32F4/device/stm32f4xx_hal_uart.o
    0x08002d8a   0x00000006   Code   RO        32589    .text.OUTLINED_FUNCTION_13  BUILD/SKRV2/ARMC6/mbed-os/targets/TARGET_STM/TARGET_STM32F4/device/stm32f4xx_hal_uart.o
    0x08002d90   0x0000000a   Code   RO        32251    .text.OUTLINED_FUNCTION_16  BUILD/SKRV2/ARMC6/mbed-os/targets/TARGET_STM/TARGET_STM32F4/device/stm32f4xx_hal_tim.o
    0x08002d9a   0x00000008   Code   RO        28747    .text.OUTLINED_FUNCTION_2  BUILD/SKRV2/ARMC6/mbed-os/platform/source/mbed_retarget.o
    0x08002da2   0x00000008   Code   RO        29231    .text.OUTLINED_FUNCTION_2  BUILD/SKRV2/ARMC6/mbed-os/rtos/source/TARGET_CORTEX/rtx5/RTX/Source/rtx_kernel.o
    0x08002daa   0x0000000a   Code   RO        29395    .text.OUTLINED_FUNCTION_2  BUILD/SKRV2/ARMC6/mbed-os/rtos/source/TARGET_CORTEX/rtx5/RTX/Source/rtx_mutex.o
    0x08002db4   0x0000001a   Code   RO        32567    .text.OUTLINED_FUNCTION_2  BUILD/SKRV2/ARMC6/mbed-os/targets/TARGET_STM/TARGET_STM32F4/device/stm32f4xx_hal_uart.o
    0x08002dce   0x00000006   Code   RO        29233    .text.OUTLINED_FUNCTION_3  BUILD/SKRV2/ARMC6/mbed-os/rtos/source/TARGET_CORTEX/rtx5/RTX/Source/rtx_kernel.o
    0x08002dd4   0x00000006   Code   RO        29571    .text.OUTLINED_FUNCTION_3  BUILD/SKRV2/ARMC6/mbed-os/rtos/source/TARGET_CORTEX/rtx5/RTX/Source/rtx_thread.o
    0x08002dda   0x00000008   Code   RO        32225    .text.OUTLINED_FUNCTION_3  BUILD/SKRV2/ARMC6/mbed-os/targets/TARGET_STM/TARGET_STM32F4/device/stm32f4xx_hal_tim.o
    0x08002de2   0x0000000a   Code   RO        32287    .text.OUTLINED_FUNCTION_34  BUILD/SKRV2/ARMC6/mbed-os/targets/TARGET_STM/TARGET_STM32F4/device/stm32f4xx_hal_tim.o
    0x08002dec   0x0000000c   Code   RO        29575    .text.OUTLINED_FUNCTION_5  BUILD/SKRV2/ARMC6/mbed-os/rtos/source/TARGET_CORTEX/rtx5/RTX/Source/rtx_thread.o
    0x08002df8   0x0000000c   Code   RO        32229    .text.OUTLINED_FUNCTION_5  BUILD/SKRV2/ARMC6/mbed-os/targets/TARGET_STM/TARGET_STM32F4/device/stm32f4xx_hal_tim.o
    0x08002e04   0x0000000e   Code   RO        32233    .text.OUTLINED_FUNCTION_7  BUILD/SKRV2/ARMC6/mbed-os/targets/TARGET_STM/TARGET_STM32F4/device/stm32f4xx_hal_tim.o
    0x08002e12   0x00000006   Code   RO        32235    .text.OUTLINED_FUNCTION_8  BUILD/SKRV2/ARMC6/mbed-os/targets/TARGET_STM/TARGET_STM32F4/device/stm32f4xx_hal_tim.o
    0x08002e18   0x00000006   Code   RO        29583    .text.OUTLINED_FUNCTION_9  BUILD/SKRV2/ARMC6/mbed-os/rtos/source/TARGET_CORTEX/rtx5/RTX/Source/rtx_thread.o
    0x08002e1e   0x00000002   PAD
    0x08002e20   0x0000002c   Code   RO           25    .text.SetSysClock   BUILD/SKRV2/ARMC6/TARGET_SKRV2/system_clock.o
    0x08002e4c   0x00000090   Code   RO           27    .text.SetSysClock_PLL_HSE  BUILD/SKRV2/ARMC6/TARGET_SKRV2/system_clock.o
    0x08002edc   0x0000008c   Code   RO           29    .text.SetSysClock_PLL_HSI  BUILD/SKRV2/ARMC6/TARGET_SKRV2/system_clock.o
    0x08002f68   0x00000164   Code   RO        33381    .text.Set_GPIO_Clock  BUILD/SKRV2/ARMC6/mbed-os/targets/TARGET_STM/gpio_api.o
    0x080030cc   0x0000006c   Code   RO        33208    .text.SystemCoreClockUpdate  BUILD/SKRV2/ARMC6/mbed-os/targets/TARGET_STM/TARGET_STM32F4/device/system_stm32f4xx.o
    0x08003138   0x0000004c   Code   RO           23    .text.SystemInit    BUILD/SKRV2/ARMC6/TARGET_SKRV2/system_clock.o
    0x08003184   0x000000c0   Code   RO        32019    .text.TIM_Base_SetConfig  BUILD/SKRV2/ARMC6/mbed-os/targets/TARGET_STM/TARGET_STM32F4/device/stm32f4xx_hal_tim.o
    0x08003244   0x0000001a   Code   RO        32051    .text.TIM_CCxChannelCmd  BUILD/SKRV2/ARMC6/mbed-os/targets/TARGET_STM/TARGET_STM32F4/device/stm32f4xx_hal_tim.o
    0x0800325e   0x00000064   Code   RO        29521    .text.ThreadFlagsCheck  BUILD/SKRV2/ARMC6/mbed-os/rtos/source/TARGET_CORTEX/rtx5/RTX/Source/rtx_thread.o
    0x080032c2   0x00000002   PAD
    0x080032c4   0x00000048   Code   RO        29607    .text.TimerInsert   BUILD/SKRV2/ARMC6/mbed-os/rtos/source/TARGET_CORTEX/rtx5/RTX/Source/rtx_timer.o
    0x0800330c   0x00000140   Code   RO        32463    .text.UART_SetConfig  BUILD/SKRV2/ARMC6/mbed-os/targets/TARGET_STM/TARGET_STM32F4/device/stm32f4xx_hal_uart.o
    0x0800344c   0x00000010   Code   RO         1657    .text._ZL14singleton_lockv  BUILD/SKRV2/ARMC6/mbed-os/drivers/source/SPI.o
    0x0800345c   0x00000010   Code   RO        28711    .text._ZL14singleton_lockv  BUILD/SKRV2/ARMC6/mbed-os/platform/source/mbed_retarget.o
    0x0800346c   0x0000000c   Code   RO         1659    .text._ZL16singleton_unlockv  BUILD/SKRV2/ARMC6/mbed-os/drivers/source/SPI.o
    0x08003478   0x00000010   Code   RO        28713    .text._ZL16singleton_unlockv  BUILD/SKRV2/ARMC6/mbed-os/platform/source/mbed_retarget.o
    0x08003488   0x0000001a   Code   RO        29037    .text._ZL17default_idle_hookv  BUILD/SKRV2/ARMC6/mbed-os/rtos/source/TARGET_CORTEX/mbed_rtx_idle.o
    0x080034a2   0x00000002   PAD
    0x080034a4   0x00000018   Code   RO        28613    .text._ZL18handle_open_errorsij  BUILD/SKRV2/ARMC6/mbed-os/platform/source/mbed_retarget.o
    0x080034bc   0x00000048   Code   RO        28599    .text._ZL18reserve_filehandlev  BUILD/SKRV2/ARMC6/mbed-os/platform/source/mbed_retarget.o
    0x08003504   0x00000018   Code   RO        28583    .text._ZN12DirectSerial4readEPvj  BUILD/SKRV2/ARMC6/mbed-os/platform/source/mbed_retarget.o
    0x0800351c   0x00000006   Code   RO        28772    .text._ZN12DirectSerial4seekEli  BUILD/SKRV2/ARMC6/mbed-os/platform/source/mbed_retarget.o
    0x08003522   0x00000006   Code   RO        28778    .text._ZN12DirectSerial4sizeEv  BUILD/SKRV2/ARMC6/mbed-os/platform/source/mbed_retarget.o
    0x08003528   0x00000004   Code   RO        28774    .text._ZN12DirectSerial5closeEv  BUILD/SKRV2/ARMC6/mbed-os/platform/source/mbed_retarget.o
    0x0800352c   0x00000020   Code   RO        28581    .text._ZN12DirectSerial5writeEPKvj  BUILD/SKRV2/ARMC6/mbed-os/platform/source/mbed_retarget.o
    0x0800354c   0x00000004   Code   RO        28776    .text._ZN12DirectSerial6isattyEv  BUILD/SKRV2/ARMC6/mbed-os/platform/source/mbed_retarget.o
    0x08003550   0x00000030   Code   RO        28579    .text._ZN12DirectSerialC2ERK15serial_pinmap_ti  BUILD/SKRV2/ARMC6/mbed-os/platform/source/mbed_retarget.o
    0x08003580   0x00000004   Code   RO        28770    .text._ZN12DirectSerialD0Ev  BUILD/SKRV2/ARMC6/mbed-os/platform/source/mbed_retarget.o
    0x08003584   0x00000018   Code   RO           38    .text._ZN4mbed10DigitalOutC2E7PinName  BUILD/SKRV2/ARMC6/main.o
    0x0800359c   0x00000006   Code   RO         1774    .text._ZN4mbed10FileHandle12enable_inputEb  BUILD/SKRV2/ARMC6/mbed-os/drivers/source/Serial.o
    0x080035a2   0x0000000c   Code   RO         1770    .text._ZN4mbed10FileHandle12set_blockingEb  BUILD/SKRV2/ARMC6/mbed-os/drivers/source/Serial.o
    0x080035ae   0x00000006   Code   RO         1776    .text._ZN4mbed10FileHandle13enable_outputEb  BUILD/SKRV2/ARMC6/mbed-os/drivers/source/Serial.o
    0x080035b4   0x00000006   Code   RO         1768    .text._ZN4mbed10FileHandle4flenEv  BUILD/SKRV2/ARMC6/mbed-os/drivers/source/Serial.o
    0x080035ba   0x00000004   Code   RO        27974    .text._ZN4mbed10FileHandle4syncEv  BUILD/SKRV2/ARMC6/mbed-os/platform/source/FileHandle.o
    0x080035be   0x0000000a   Code   RO         2087    .text._ZN4mbed10FileHandle4tellEv  BUILD/SKRV2/ARMC6/mbed-os/drivers/source/UARTSerial.o
    0x080035c8   0x00000006   Code   RO         1766    .text._ZN4mbed10FileHandle5fsyncEv  BUILD/SKRV2/ARMC6/mbed-os/drivers/source/Serial.o
    0x080035ce   0x00000006   Code   RO         1764    .text._ZN4mbed10FileHandle5lseekEli  BUILD/SKRV2/ARMC6/mbed-os/drivers/source/Serial.o
    0x080035d4   0x00000002   Code   RO         1780    .text._ZN4mbed10FileHandle5sigioENS_8CallbackIFvvEEE  BUILD/SKRV2/ARMC6/mbed-os/drivers/source/Serial.o
    0x080035d6   0x0000000a   Code   RO         2089    .text._ZN4mbed10FileHandle6rewindEv  BUILD/SKRV2/ARMC6/mbed-os/drivers/source/UARTSerial.o
    0x080035e0   0x00000006   Code   RO         1762    .text._ZN4mbed10FileHandle8truncateEl  BUILD/SKRV2/ARMC6/mbed-os/drivers/source/Serial.o
    0x080035e6   0x00000002   Code   RO        27970    .text._ZN4mbed10FileHandleD2Ev  BUILD/SKRV2/ARMC6/mbed-os/platform/source/FileHandle.o
    0x080035e8   0x00000070   Code   RO        28595    .text._ZN4mbed16mbed_file_handleEi  BUILD/SKRV2/ARMC6/mbed-os/platform/source/mbed_retarget.o
    0x08003658   0x00000004   Code   RO        28593    .text._ZN4mbed21mbed_override_consoleEi  BUILD/SKRV2/ARMC6/mbed-os/platform/source/mbed_retarget.o
    0x0800365c   0x00000004   Code   RO        28591    .text._ZN4mbed28mbed_target_override_consoleEi  BUILD/SKRV2/ARMC6/mbed-os/platform/source/mbed_retarget.o
    0x08003660   0x00000004   Code   RO        27948    .text._ZN4mbed8FileBase11getPathTypeEv  BUILD/SKRV2/ARMC6/mbed-os/platform/source/FileBase.o
    0x08003664   0x00000084   Code   RO        27954    .text._ZN4mbed8FileBase6lookupEPKcj  BUILD/SKRV2/ARMC6/mbed-os/platform/source/FileBase.o
    0x080036e8   0x00000018   Code   RO        27985    .text._ZN4mbed8FilePath10fileSystemEv  BUILD/SKRV2/ARMC6/mbed-os/platform/source/FilePath.o
    0x08003700   0x00000018   Code   RO        27983    .text._ZN4mbed8FilePath12isFileSystemEv  BUILD/SKRV2/ARMC6/mbed-os/platform/source/FilePath.o
    0x08003718   0x00000018   Code   RO        27989    .text._ZN4mbed8FilePath4fileEv  BUILD/SKRV2/ARMC6/mbed-os/platform/source/FilePath.o
    0x08003730   0x0000000a   Code   RO        27991    .text._ZN4mbed8FilePath6existsEv  BUILD/SKRV2/ARMC6/mbed-os/platform/source/FilePath.o
    0x0800373a   0x00000016   Code   RO        27987    .text._ZN4mbed8FilePath6isFileEv  BUILD/SKRV2/ARMC6/mbed-os/platform/source/FilePath.o
    0x08003750   0x00000004   Code   RO        27981    .text._ZN4mbed8FilePath8fileNameEv  BUILD/SKRV2/ARMC6/mbed-os/platform/source/FilePath.o
    0x08003754   0x0000003c   Code   RO        27979    .text._ZN4mbed8FilePathC2EPKc  BUILD/SKRV2/ARMC6/mbed-os/platform/source/FilePath.o
    0x08003790   0x00000004   Code   RO        29671    .text._ZN4rtos10ThisThread9sleep_forEj  BUILD/SKRV2/ARMC6/mbed-os/rtos/source/ThisThread.o
    0x08003794   0x00000044   Code   RO        28915    .text._ZN4rtos5Mutex11constructorEPKc  BUILD/SKRV2/ARMC6/mbed-os/rtos/source/Mutex.o
    0x080037d8   0x00000034   Code   RO        28919    .text._ZN4rtos5Mutex4lockEv  BUILD/SKRV2/ARMC6/mbed-os/rtos/source/Mutex.o
    0x0800380c   0x00000030   Code   RO        28929    .text._ZN4rtos5Mutex6unlockEv  BUILD/SKRV2/ARMC6/mbed-os/rtos/source/Mutex.o
    0x0800383c   0x0000000e   Code   RO        28913    .text._ZN4rtos5MutexC2Ev  BUILD/SKRV2/ARMC6/mbed-os/rtos/source/Mutex.o
    0x0800384a   0x00000002   PAD
    0x0800384c   0x00000034   Code   RO        28585    .text._ZNK12DirectSerial4pollEs  BUILD/SKRV2/ARMC6/mbed-os/platform/source/mbed_retarget.o
    0x08003880   0x00000022   Code   RO         1693    .text._ZNK12SingletonPtrIN4rtos5MutexEE3getEv  BUILD/SKRV2/ARMC6/mbed-os/drivers/source/SPI.o
    0x080038a2   0x00000004   Code   RO         1772    .text._ZNK4mbed10FileHandle11is_blockingEv  BUILD/SKRV2/ARMC6/mbed-os/drivers/source/Serial.o
    0x080038a6   0x0000002e   Code   RO        28709    .text.__cxa_guard_acquire  BUILD/SKRV2/ARMC6/mbed-os/platform/source/mbed_retarget.o
    0x080038d4   0x0000000e   Code   RO        28715    .text.__cxa_guard_release  BUILD/SKRV2/ARMC6/mbed-os/platform/source/mbed_retarget.o
    0x080038e2   0x00000002   PAD
    0x080038e4   0x00000040   Code   RO        28977    .text.__rt_entry    BUILD/SKRV2/ARMC6/mbed-os/rtos/source/TARGET_CORTEX/TOOLCHAIN_ARM_STD/mbed_boot_arm_std.o
    0x08003924   0x0000004c   Code   RO        28981    .text.__user_perthread_libspace  BUILD/SKRV2/ARMC6/mbed-os/rtos/source/TARGET_CORTEX/TOOLCHAIN_ARM_STD/mbed_boot_arm_std.o
    0x08003970   0x00000030   Code   RO        27645    .text._gpio_init_out  BUILD/SKRV2/ARMC6/mbed-os/hal/mbed_gpio.o
    0x080039a0   0x0000001a   Code   RO        28987    .text._mutex_acquire  BUILD/SKRV2/ARMC6/mbed-os/rtos/source/TARGET_CORTEX/TOOLCHAIN_ARM_STD/mbed_boot_arm_std.o
    0x080039ba   0x00000002   PAD
    0x080039bc   0x00000044   Code   RO        28991    .text._mutex_free   BUILD/SKRV2/ARMC6/mbed-os/rtos/source/TARGET_CORTEX/TOOLCHAIN_ARM_STD/mbed_boot_arm_std.o
    0x08003a00   0x0000009c   Code   RO        28985    .text._mutex_initialize  BUILD/SKRV2/ARMC6/mbed-os/rtos/source/TARGET_CORTEX/TOOLCHAIN_ARM_STD/mbed_boot_arm_std.o
    0x08003a9c   0x00000016   Code   RO        28989    .text._mutex_release  BUILD/SKRV2/ARMC6/mbed-os/rtos/source/TARGET_CORTEX/TOOLCHAIN_ARM_STD/mbed_boot_arm_std.o
    0x08003ab2   0x00000004   Code   RO        29239    .text._platform_post_stackheap_init  BUILD/SKRV2/ARMC6/mbed-os/rtos/source/TARGET_CORTEX/rtx5/RTX/Source/rtx_lib.o
    0x08003ab6   0x00000004   Code   RO        28615    .text._sys_close    BUILD/SKRV2/ARMC6/mbed-os/platform/source/mbed_retarget.o
    0x08003aba   0x00000002   Code   RO        28623    .text._sys_exit     BUILD/SKRV2/ARMC6/mbed-os/platform/source/mbed_retarget.o
    0x08003abc   0x00000024   Code   RO        28643    .text._sys_flen     BUILD/SKRV2/ARMC6/mbed-os/platform/source/mbed_retarget.o
    0x08003ae0   0x00000004   Code   RO        28631    .text._sys_istty    BUILD/SKRV2/ARMC6/mbed-os/platform/source/mbed_retarget.o
    0x08003ae4   0x00000088   Code   RO        28609    .text._sys_open     BUILD/SKRV2/ARMC6/mbed-os/platform/source/mbed_retarget.o
    0x08003b6c   0x00000006   Code   RO        28633    .text._sys_seek     BUILD/SKRV2/ARMC6/mbed-os/platform/source/mbed_retarget.o
    0x08003b72   0x0000002c   Code   RO        28619    .text._sys_write    BUILD/SKRV2/ARMC6/mbed-os/platform/source/mbed_retarget.o
    0x08003b9e   0x00000014   Code   RO        28625    .text._ttywrch      BUILD/SKRV2/ARMC6/mbed-os/platform/source/mbed_retarget.o
    0x08003bb2   0x00000002   PAD
    0x08003bb4   0x00000014   Code   RO        28831    .text._wait_us_ticks  BUILD/SKRV2/ARMC6/mbed-os/platform/source/mbed_wait_api_no_rtos.o
    0x08003bc8   0x00000002   Code   RO        27770    .text.block_us_ticker_free  BUILD/SKRV2/ARMC6/mbed-os/hal/mbed_us_ticker_api.o
    0x08003bca   0x00000002   PAD
    0x08003bcc   0x000000f4   Code   RO        33357    .text.can_irq       BUILD/SKRV2/ARMC6/mbed-os/targets/TARGET_STM/can_api.o
    0x08003cc0   0x00000034   Code   RO        28617    .text.close         BUILD/SKRV2/ARMC6/mbed-os/platform/source/mbed_retarget.o
    0x08003cf4   0x0000000c   Code   RO        28424    .text.core_util_are_interrupts_enabled  BUILD/SKRV2/ARMC6/mbed-os/platform/source/mbed_critical.o
    0x08003d00   0x00000012   Code   RO        28325    .text.core_util_atomic_decr_u16  BUILD/SKRV2/ARMC6/mbed-os/platform/source/mbed_atomic_impl.o
    0x08003d12   0x00000014   Code   RO        28309    .text.core_util_atomic_flag_test_and_set  BUILD/SKRV2/ARMC6/mbed-os/platform/source/mbed_atomic_impl.o
    0x08003d26   0x00000012   Code   RO        28319    .text.core_util_atomic_incr_u16  BUILD/SKRV2/ARMC6/mbed-os/platform/source/mbed_atomic_impl.o
    0x08003d38   0x00000010   Code   RO        28430    .text.core_util_critical_section_enter  BUILD/SKRV2/ARMC6/mbed-os/platform/source/mbed_critical.o
    0x08003d48   0x00000018   Code   RO        28432    .text.core_util_critical_section_exit  BUILD/SKRV2/ARMC6/mbed-os/platform/source/mbed_critical.o
    0x08003d60   0x0000000c   Code   RO        28426    .text.core_util_is_isr_active  BUILD/SKRV2/ARMC6/mbed-os/platform/source/mbed_critical.o
    0x08003d6c   0x00000028   Code   RO        28437    .text.error         BUILD/SKRV2/ARMC6/mbed-os/platform/source/mbed_error.o
    0x08003d94   0x0000002c   Code   RO        28685    .text.exit          BUILD/SKRV2/ARMC6/mbed-os/platform/source/mbed_retarget.o
    0x08003dc0   0x00000026   Code   RO        28641    .text.fsync         BUILD/SKRV2/ARMC6/mbed-os/platform/source/mbed_retarget.o
    0x08003de6   0x00000002   PAD
    0x08003de8   0x0000005c   Code   RO        33668    .text.get_uart_index  BUILD/SKRV2/ARMC6/mbed-os/targets/TARGET_STM/serial_api.o
    0x08003e44   0x00000008   Code   RO        27764    .text.get_us_ticker_data  BUILD/SKRV2/ARMC6/mbed-os/hal/mbed_us_ticker_api.o
    0x08003e4c   0x0000002a   Code   RO        33389    .text.gpio_dir      BUILD/SKRV2/ARMC6/mbed-os/targets/TARGET_STM/gpio_api.o
    0x08003e76   0x00000002   PAD
    0x08003e78   0x00000044   Code   RO        33385    .text.gpio_init     BUILD/SKRV2/ARMC6/mbed-os/targets/TARGET_STM/gpio_api.o
    0x08003ebc   0x00000006   Code   RO        27641    .text.gpio_init_out  BUILD/SKRV2/ARMC6/mbed-os/hal/mbed_gpio.o
    0x08003ec2   0x00000008   Code   RO        27643    .text.gpio_init_out_ex  BUILD/SKRV2/ARMC6/mbed-os/hal/mbed_gpio.o
    0x08003eca   0x00000008   Code   RO        33387    .text.gpio_mode     BUILD/SKRV2/ARMC6/mbed-os/targets/TARGET_STM/gpio_api.o
    0x08003ed2   0x00000018   Code   RO        33383    .text.gpio_set      BUILD/SKRV2/ARMC6/mbed-os/targets/TARGET_STM/gpio_api.o
    0x08003eea   0x00000014   Code   RO        27633    .text.gpio_write    BUILD/SKRV2/ARMC6/mbed-os/hal/mbed_gpio.o
    0x08003efe   0x00000002   PAD
    0x08003f00   0x0000001c   Code   RO        27620    .text.hal_critical_section_enter  BUILD/SKRV2/ARMC6/mbed-os/hal/mbed_critical_section_api.o
    0x08003f1c   0x00000014   Code   RO        27622    .text.hal_critical_section_exit  BUILD/SKRV2/ARMC6/mbed-os/hal/mbed_critical_section_api.o
    0x08003f30   0x00000114   Code   RO        33678    .text.hal_deepsleep  BUILD/SKRV2/ARMC6/mbed-os/targets/TARGET_STM/sleep.o
    0x08004044   0x00000020   Code   RO        33676    .text.hal_sleep     BUILD/SKRV2/ARMC6/mbed-os/targets/TARGET_STM/sleep.o
    0x08004064   0x00000090   Code   RO        28439    .text.handle_error  BUILD/SKRV2/ARMC6/mbed-os/platform/source/mbed_error.o
    0x080040f4   0x000000a8   Code   RO        33753    .text.init_32bit_timer  BUILD/SKRV2/ARMC6/mbed-os/targets/TARGET_STM/us_ticker.o
    0x0800419c   0x00000060   Code   RO        33648    .text.init_uart     BUILD/SKRV2/ARMC6/mbed-os/targets/TARGET_STM/serial_api.o
    0x080041fc   0x000000d4   Code   RO        27734    .text.initialize    BUILD/SKRV2/ARMC6/mbed-os/hal/mbed_ticker_api.o
    0x080042d0   0x00000026   Code   RO        28603    .text.isatty        BUILD/SKRV2/ARMC6/mbed-os/platform/source/mbed_retarget.o
    0x080042f6   0x00000028   Code   RO        28635    .text.lseek         BUILD/SKRV2/ARMC6/mbed-os/platform/source/mbed_retarget.o
    0x0800431e   0x00000002   PAD
    0x08004320   0x00000054   Code   RO           33    .text.main          BUILD/SKRV2/ARMC6/main.o
    0x08004374   0x00000064   Code   RO        28411    .text.mbed_die      BUILD/SKRV2/ARMC6/mbed-os/platform/source/mbed_board.o
    0x080043d8   0x0000001c   Code   RO        28457    .text.mbed_error    BUILD/SKRV2/ARMC6/mbed-os/platform/source/mbed_error.o
    0x080043f4   0x00000004   Code   RO        28445    .text.mbed_error_initialize  BUILD/SKRV2/ARMC6/mbed-os/platform/source/mbed_error.o
    0x080043f8   0x00000018   Code   RO        28413    .text.mbed_error_printf  BUILD/SKRV2/ARMC6/mbed-os/platform/source/mbed_board.o
    0x08004410   0x0000002a   Code   RO        28417    .text.mbed_error_puts  BUILD/SKRV2/ARMC6/mbed-os/platform/source/mbed_board.o
    0x0800443a   0x00000002   PAD
    0x0800443c   0x00000034   Code   RO        28415    .text.mbed_error_vprintf  BUILD/SKRV2/ARMC6/mbed-os/platform/source/mbed_board.o
    0x08004470   0x000000f4   Code   RO        28286    .text.mbed_fault_handler  BUILD/SKRV2/ARMC6/mbed-os/platform/source/TARGET_CORTEX_M/mbed_fault_handler.o
    0x08004564   0x0000000c   Code   RO        28453    .text.mbed_get_error_in_progress  BUILD/SKRV2/ARMC6/mbed-os/platform/source/mbed_error.o
    0x08004570   0x00000030   Code   RO        28441    .text.mbed_halt_system  BUILD/SKRV2/ARMC6/mbed-os/platform/source/mbed_error.o
    0x080045a0   0x0000003c   Code   RO        28999    .text.mbed_init     BUILD/SKRV2/ARMC6/mbed-os/rtos/source/TARGET_CORTEX/mbed_boot.o
    0x080045dc   0x00000002   Code   RO        29005    .text.mbed_main     BUILD/SKRV2/ARMC6/mbed-os/rtos/source/TARGET_CORTEX/mbed_boot.o
    0x080045de   0x00000002   PAD
    0x080045e0   0x0000005c   Code   RO        27778    .text.mbed_mpu_init  BUILD/SKRV2/ARMC6/mbed-os/hal/mpu/mbed_mpu_v7m.o
    0x0800463c   0x00000004   Code   RO        29013    .text.mbed_rtos_init  BUILD/SKRV2/ARMC6/mbed-os/rtos/source/TARGET_CORTEX/mbed_rtos_rtx.o
    0x08004640   0x0000009c   Code   RO        29015    .text.mbed_rtos_start  BUILD/SKRV2/ARMC6/mbed-os/rtos/source/TARGET_CORTEX/mbed_rtos_rtx.o
    0x080046dc   0x00000074   Code   RO        33552    .text.mbed_sdk_init  BUILD/SKRV2/ARMC6/mbed-os/targets/TARGET_STM/mbed_overrides.o
    0x08004750   0x00000016   Code   RO        29003    .text.mbed_start    BUILD/SKRV2/ARMC6/mbed-os/rtos/source/TARGET_CORTEX/mbed_boot.o
    0x08004766   0x00000002   PAD
    0x08004768   0x00000018   Code   RO        28979    .text.mbed_toolchain_init  BUILD/SKRV2/ARMC6/mbed-os/rtos/source/TARGET_CORTEX/TOOLCHAIN_ARM_STD/mbed_boot_arm_std.o
    0x08004780   0x00000074   Code   RO        28611    .text.open          BUILD/SKRV2/ARMC6/mbed-os/platform/source/mbed_retarget.o
    0x080047f4   0x00000030   Code   RO        29097    .text.osDelay       BUILD/SKRV2/ARMC6/mbed-os/rtos/source/TARGET_CORTEX/rtx5/RTX/Source/rtx_delay.o
    0x08004824   0x00000030   Code   RO        29181    .text.osKernelGetState  BUILD/SKRV2/ARMC6/mbed-os/rtos/source/TARGET_CORTEX/rtx5/RTX/Source/rtx_kernel.o
    0x08004854   0x0000002c   Code   RO        29175    .text.osKernelInitialize  BUILD/SKRV2/ARMC6/mbed-os/rtos/source/TARGET_CORTEX/rtx5/RTX/Source/rtx_kernel.o
    0x08004880   0x00000028   Code   RO        29185    .text.osKernelStart  BUILD/SKRV2/ARMC6/mbed-os/rtos/source/TARGET_CORTEX/rtx5/RTX/Source/rtx_kernel.o
    0x080048a8   0x00000070   Code   RO        29317    .text.osMessageQueueGet  BUILD/SKRV2/ARMC6/mbed-os/rtos/source/TARGET_CORTEX/rtx5/RTX/Source/rtx_msgqueue.o
    0x08004918   0x00000034   Code   RO        29311    .text.osMessageQueueNew  BUILD/SKRV2/ARMC6/mbed-os/rtos/source/TARGET_CORTEX/rtx5/RTX/Source/rtx_msgqueue.o
    0x0800494c   0x0000007c   Code   RO        29315    .text.osMessageQueuePut  BUILD/SKRV2/ARMC6/mbed-os/rtos/source/TARGET_CORTEX/rtx5/RTX/Source/rtx_msgqueue.o
    0x080049c8   0x0000002c   Code   RO        29371    .text.osMutexAcquire  BUILD/SKRV2/ARMC6/mbed-os/rtos/source/TARGET_CORTEX/rtx5/RTX/Source/rtx_mutex.o
    0x080049f4   0x0000002c   Code   RO        29377    .text.osMutexDelete  BUILD/SKRV2/ARMC6/mbed-os/rtos/source/TARGET_CORTEX/rtx5/RTX/Source/rtx_mutex.o
    0x08004a20   0x00000034   Code   RO        29367    .text.osMutexNew    BUILD/SKRV2/ARMC6/mbed-os/rtos/source/TARGET_CORTEX/rtx5/RTX/Source/rtx_mutex.o
    0x08004a54   0x0000002c   Code   RO        29373    .text.osMutexRelease  BUILD/SKRV2/ARMC6/mbed-os/rtos/source/TARGET_CORTEX/rtx5/RTX/Source/rtx_mutex.o
    0x08004a80   0x00000050   Code   RO        29026    .text.osRtxErrorNotify  BUILD/SKRV2/ARMC6/mbed-os/rtos/source/TARGET_CORTEX/mbed_rtx_handlers.o
    0x08004ad0   0x00000004   Code   RO        29024    .text.osRtxIdleThread  BUILD/SKRV2/ARMC6/mbed-os/rtos/source/TARGET_CORTEX/mbed_rtx_handlers.o
    0x08004ad4   0x00000002   Code   RO        29173    .text.osRtxKernelPreInit  BUILD/SKRV2/ARMC6/mbed-os/rtos/source/TARGET_CORTEX/rtx5/RTX/Source/rtx_kernel.o
    0x08004ad6   0x00000070   Code   RO        29257    .text.osRtxMemoryAlloc  BUILD/SKRV2/ARMC6/mbed-os/rtos/source/TARGET_CORTEX/rtx5/RTX/Source/rtx_memory.o
    0x08004b46   0x00000042   Code   RO        29259    .text.osRtxMemoryFree  BUILD/SKRV2/ARMC6/mbed-os/rtos/source/TARGET_CORTEX/rtx5/RTX/Source/rtx_memory.o
    0x08004b88   0x00000036   Code   RO        29255    .text.osRtxMemoryInit  BUILD/SKRV2/ARMC6/mbed-os/rtos/source/TARGET_CORTEX/rtx5/RTX/Source/rtx_memory.o
    0x08004bbe   0x0000003a   Code   RO        29265    .text.osRtxMemoryPoolAlloc  BUILD/SKRV2/ARMC6/mbed-os/rtos/source/TARGET_CORTEX/rtx5/RTX/Source/rtx_mempool.o
    0x08004bf8   0x0000004a   Code   RO        29267    .text.osRtxMemoryPoolFree  BUILD/SKRV2/ARMC6/mbed-os/rtos/source/TARGET_CORTEX/rtx5/RTX/Source/rtx_mempool.o
    0x08004c42   0x00000038   Code   RO        29263    .text.osRtxMemoryPoolInit  BUILD/SKRV2/ARMC6/mbed-os/rtos/source/TARGET_CORTEX/rtx5/RTX/Source/rtx_mempool.o
    0x08004c7a   0x000000aa   Code   RO        29341    .text.osRtxMessageQueuePostProcess  BUILD/SKRV2/ARMC6/mbed-os/rtos/source/TARGET_CORTEX/rtx5/RTX/Source/rtx_msgqueue.o
    0x08004d24   0x00000044   Code   RO        29365    .text.osRtxMutexOwnerRelease  BUILD/SKRV2/ARMC6/mbed-os/rtos/source/TARGET_CORTEX/rtx5/RTX/Source/rtx_mutex.o
    0x08004d68   0x00000088   Code   RO        29435    .text.osRtxPendSV_Handler  BUILD/SKRV2/ARMC6/mbed-os/rtos/source/TARGET_CORTEX/rtx5/RTX/Source/rtx_system.o
    0x08004df0   0x00000070   Code   RO        29437    .text.osRtxPostProcess  BUILD/SKRV2/ARMC6/mbed-os/rtos/source/TARGET_CORTEX/rtx5/RTX/Source/rtx_system.o
    0x08004e60   0x00000034   Code   RO        29461    .text.osRtxThreadBlock  BUILD/SKRV2/ARMC6/mbed-os/rtos/source/TARGET_CORTEX/rtx5/RTX/Source/rtx_thread.o
    0x08004e94   0x0000007c   Code   RO        29469    .text.osRtxThreadDelayInsert  BUILD/SKRV2/ARMC6/mbed-os/rtos/source/TARGET_CORTEX/rtx5/RTX/Source/rtx_thread.o
    0x08004f10   0x00000038   Code   RO        29465    .text.osRtxThreadDelayRemove  BUILD/SKRV2/ARMC6/mbed-os/rtos/source/TARGET_CORTEX/rtx5/RTX/Source/rtx_thread.o
    0x08004f48   0x00000030   Code   RO        29451    .text.osRtxThreadDelayTick  BUILD/SKRV2/ARMC6/mbed-os/rtos/source/TARGET_CORTEX/rtx5/RTX/Source/rtx_thread.o
    0x08004f78   0x00000054   Code   RO        29459    .text.osRtxThreadDispatch  BUILD/SKRV2/ARMC6/mbed-os/rtos/source/TARGET_CORTEX/rtx5/RTX/Source/rtx_thread.o
    0x08004fcc   0x00000054   Code   RO        29545    .text.osRtxThreadFree  BUILD/SKRV2/ARMC6/mbed-os/rtos/source/TARGET_CORTEX/rtx5/RTX/Source/rtx_thread.o
    0x08005020   0x00000012   Code   RO        29443    .text.osRtxThreadListGet  BUILD/SKRV2/ARMC6/mbed-os/rtos/source/TARGET_CORTEX/rtx5/RTX/Source/rtx_thread.o
    0x08005032   0x0000002c   Code   RO        29441    .text.osRtxThreadListPut  BUILD/SKRV2/ARMC6/mbed-os/rtos/source/TARGET_CORTEX/rtx5/RTX/Source/rtx_thread.o
    0x0800505e   0x00000014   Code   RO        29447    .text.osRtxThreadListRemove  BUILD/SKRV2/ARMC6/mbed-os/rtos/source/TARGET_CORTEX/rtx5/RTX/Source/rtx_thread.o
    0x08005072   0x00000024   Code   RO        29445    .text.osRtxThreadListSort  BUILD/SKRV2/ARMC6/mbed-os/rtos/source/TARGET_CORTEX/rtx5/RTX/Source/rtx_thread.o
    0x08005096   0x00000020   Code   RO        29519    .text.osRtxThreadPostProcess  BUILD/SKRV2/ARMC6/mbed-os/rtos/source/TARGET_CORTEX/rtx5/RTX/Source/rtx_thread.o
    0x080050b6   0x00000002   PAD
    0x080050b8   0x00000010   Code   RO        29449    .text.osRtxThreadReadyPut  BUILD/SKRV2/ARMC6/mbed-os/rtos/source/TARGET_CORTEX/rtx5/RTX/Source/rtx_thread.o
    0x080050c8   0x00000014   Code   RO        29453    .text.osRtxThreadRegPtr  BUILD/SKRV2/ARMC6/mbed-os/rtos/source/TARGET_CORTEX/rtx5/RTX/Source/rtx_thread.o
    0x080050dc   0x00000024   Code   RO        29457    .text.osRtxThreadStackCheck  BUILD/SKRV2/ARMC6/mbed-os/rtos/source/TARGET_CORTEX/rtx5/RTX/Source/rtx_thread.o
    0x08005100   0x00000038   Code   RO        29471    .text.osRtxThreadStartup  BUILD/SKRV2/ARMC6/mbed-os/rtos/source/TARGET_CORTEX/rtx5/RTX/Source/rtx_thread.o
    0x08005138   0x0000000c   Code   RO        29455    .text.osRtxThreadSwitch  BUILD/SKRV2/ARMC6/mbed-os/rtos/source/TARGET_CORTEX/rtx5/RTX/Source/rtx_thread.o
    0x08005144   0x0000003c   Code   RO        29467    .text.osRtxThreadWaitEnter  BUILD/SKRV2/ARMC6/mbed-os/rtos/source/TARGET_CORTEX/rtx5/RTX/Source/rtx_thread.o
    0x08005180   0x0000002e   Code   RO        29463    .text.osRtxThreadWaitExit  BUILD/SKRV2/ARMC6/mbed-os/rtos/source/TARGET_CORTEX/rtx5/RTX/Source/rtx_thread.o
    0x080051ae   0x00000002   PAD
    0x080051b0   0x00000074   Code   RO        29433    .text.osRtxTick_Handler  BUILD/SKRV2/ARMC6/mbed-os/rtos/source/TARGET_CORTEX/rtx5/RTX/Source/rtx_system.o
    0x08005224   0x0000003c   Code   RO        29591    .text.osRtxTimerThread  BUILD/SKRV2/ARMC6/mbed-os/rtos/source/TARGET_CORTEX/rtx5/RTX/Source/rtx_timer.o
    0x08005260   0x00000050   Code   RO        29593    .text.osRtxTimerTick  BUILD/SKRV2/ARMC6/mbed-os/rtos/source/TARGET_CORTEX/rtx5/RTX/Source/rtx_timer.o
    0x080052b0   0x0000001c   Code   RO        29503    .text.osThreadExit  BUILD/SKRV2/ARMC6/mbed-os/rtos/source/TARGET_CORTEX/rtx5/RTX/Source/rtx_thread.o
    0x080052cc   0x00000028   Code   RO        29479    .text.osThreadGetId  BUILD/SKRV2/ARMC6/mbed-os/rtos/source/TARGET_CORTEX/rtx5/RTX/Source/rtx_thread.o
    0x080052f4   0x00000034   Code   RO        29475    .text.osThreadNew   BUILD/SKRV2/ARMC6/mbed-os/rtos/source/TARGET_CORTEX/rtx5/RTX/Source/rtx_thread.o
    0x08005328   0x00000024   Code   RO        28983    .text.os_kernel_is_active  BUILD/SKRV2/ARMC6/mbed-os/rtos/source/TARGET_CORTEX/TOOLCHAIN_ARM_STD/mbed_boot_arm_std.o
    0x0800534c   0x000000d4   Code   RO        33557    .text.pin_function  BUILD/SKRV2/ARMC6/mbed-os/targets/TARGET_STM/pinmap.o
    0x08005420   0x00000070   Code   RO        33561    .text.pin_mode      BUILD/SKRV2/ARMC6/mbed-os/targets/TARGET_STM/pinmap.o
    0x08005490   0x00000022   Code   RO        27707    .text.pinmap_find_function  BUILD/SKRV2/ARMC6/mbed-os/hal/mbed_pinmap_common.o
    0x080054b2   0x00000022   Code   RO        27703    .text.pinmap_find_peripheral  BUILD/SKRV2/ARMC6/mbed-os/hal/mbed_pinmap_common.o
    0x080054d4   0x00000024   Code   RO        27701    .text.pinmap_merge  BUILD/SKRV2/ARMC6/mbed-os/hal/mbed_pinmap_common.o
    0x080054f8   0x0000002c   Code   RO        27705    .text.pinmap_peripheral  BUILD/SKRV2/ARMC6/mbed-os/hal/mbed_pinmap_common.o
    0x08005524   0x0000015c   Code   RO        28288    .text.print_context_info  BUILD/SKRV2/ARMC6/mbed-os/platform/source/TARGET_CORTEX_M/mbed_fault_handler.o
    0x08005680   0x00000014   Code   RO        33769    .text.restore_timer_ctx  BUILD/SKRV2/ARMC6/mbed-os/targets/TARGET_STM/us_ticker.o
    0x08005694   0x0000000c   Code   RO        29039    .text.rtos_idle_loop  BUILD/SKRV2/ARMC6/mbed-os/rtos/source/TARGET_CORTEX/mbed_rtx_idle.o
    0x080056a0   0x0000001c   Code   RO        33767    .text.save_timer_ctx  BUILD/SKRV2/ARMC6/mbed-os/targets/TARGET_STM/us_ticker.o
    0x080056bc   0x000000d0   Code   RO        27740    .text.schedule_interrupt  BUILD/SKRV2/ARMC6/mbed-os/hal/mbed_ticker_api.o
    0x0800578c   0x00000006   Code   RO        33646    .text.serial_baud   BUILD/SKRV2/ARMC6/mbed-os/targets/TARGET_STM/serial_api.o
    0x08005792   0x00000002   PAD
    0x08005794   0x00000020   Code   RO        33260    .text.serial_getc   BUILD/SKRV2/ARMC6/mbed-os/targets/TARGET_STM/TARGET_STM32F4/serial_device.o
    0x080057b4   0x000001d8   Code   RO        33642    .text.serial_init   BUILD/SKRV2/ARMC6/mbed-os/targets/TARGET_STM/serial_api.o
    0x0800598c   0x0000000e   Code   RO        27801    .text.serial_init_direct  BUILD/SKRV2/ARMC6/mbed-os/hal/static_pinmap.o
    0x0800599a   0x00000002   PAD
    0x0800599c   0x00000088   Code   RO        33670    .text.serial_is_tx_ongoing  BUILD/SKRV2/ARMC6/mbed-os/targets/TARGET_STM/serial_api.o
    0x08005a24   0x00000020   Code   RO        33262    .text.serial_putc   BUILD/SKRV2/ARMC6/mbed-os/targets/TARGET_STM/TARGET_STM32F4/serial_device.o
    0x08005a44   0x00000028   Code   RO        33660    .text.serial_readable  BUILD/SKRV2/ARMC6/mbed-os/targets/TARGET_STM/serial_api.o
    0x08005a6c   0x00000014   Code   RO        33662    .text.serial_writable  BUILD/SKRV2/ARMC6/mbed-os/targets/TARGET_STM/serial_api.o
    0x08005a80   0x00000024   Code   RO        28560    .text.sleep_manager_lock_deep_sleep_internal  BUILD/SKRV2/ARMC6/mbed-os/platform/source/mbed_power_mgmt.o
    0x08005aa4   0x00000020   Code   RO        28568    .text.sleep_manager_sleep_auto  BUILD/SKRV2/ARMC6/mbed-os/platform/source/mbed_power_mgmt.o
    0x08005ac4   0x00000030   Code   RO        28562    .text.sleep_manager_unlock_deep_sleep_internal  BUILD/SKRV2/ARMC6/mbed-os/platform/source/mbed_power_mgmt.o
    0x08005af4   0x0000003a   Code   RO        33559    .text.stm_pin_PullConfig  BUILD/SKRV2/ARMC6/mbed-os/targets/TARGET_STM/pinmap.o
    0x08005b2e   0x00000014   Code   RO        29101    .text.svcRtxDelay   BUILD/SKRV2/ARMC6/mbed-os/rtos/source/TARGET_CORTEX/rtx5/RTX/Source/rtx_delay.o
    0x08005b42   0x00000002   PAD
    0x08005b44   0x00000008   Code   RO        29183    .text.svcRtxKernelGetState  BUILD/SKRV2/ARMC6/mbed-os/rtos/source/TARGET_CORTEX/rtx5/RTX/Source/rtx_kernel.o
    0x08005b4c   0x00000104   Code   RO        29213    .text.svcRtxKernelInitialize  BUILD/SKRV2/ARMC6/mbed-os/rtos/source/TARGET_CORTEX/rtx5/RTX/Source/rtx_kernel.o
    0x08005c50   0x00000098   Code   RO        29215    .text.svcRtxKernelStart  BUILD/SKRV2/ARMC6/mbed-os/rtos/source/TARGET_CORTEX/rtx5/RTX/Source/rtx_kernel.o
    0x08005ce8   0x000000d0   Code   RO        29353    .text.svcRtxMessageQueueGet  BUILD/SKRV2/ARMC6/mbed-os/rtos/source/TARGET_CORTEX/rtx5/RTX/Source/rtx_msgqueue.o
    0x08005db8   0x0000013c   Code   RO        29339    .text.svcRtxMessageQueueNew  BUILD/SKRV2/ARMC6/mbed-os/rtos/source/TARGET_CORTEX/rtx5/RTX/Source/rtx_msgqueue.o
    0x08005ef4   0x000000c0   Code   RO        29349    .text.svcRtxMessageQueuePut  BUILD/SKRV2/ARMC6/mbed-os/rtos/source/TARGET_CORTEX/rtx5/RTX/Source/rtx_msgqueue.o
    0x08005fb4   0x0000009c   Code   RO        29383    .text.svcRtxMutexAcquire  BUILD/SKRV2/ARMC6/mbed-os/rtos/source/TARGET_CORTEX/rtx5/RTX/Source/rtx_mutex.o
    0x08006050   0x000000ac   Code   RO        29389    .text.svcRtxMutexDelete  BUILD/SKRV2/ARMC6/mbed-os/rtos/source/TARGET_CORTEX/rtx5/RTX/Source/rtx_mutex.o
    0x080060fc   0x00000078   Code   RO        29379    .text.svcRtxMutexNew  BUILD/SKRV2/ARMC6/mbed-os/rtos/source/TARGET_CORTEX/rtx5/RTX/Source/rtx_mutex.o
    0x08006174   0x000000c0   Code   RO        29385    .text.svcRtxMutexRelease  BUILD/SKRV2/ARMC6/mbed-os/rtos/source/TARGET_CORTEX/rtx5/RTX/Source/rtx_mutex.o
    0x08006234   0x00000068   Code   RO        29549    .text.svcRtxThreadExit  BUILD/SKRV2/ARMC6/mbed-os/rtos/source/TARGET_CORTEX/rtx5/RTX/Source/rtx_thread.o
    0x0800629c   0x0000000c   Code   RO        29481    .text.svcRtxThreadGetId  BUILD/SKRV2/ARMC6/mbed-os/rtos/source/TARGET_CORTEX/rtx5/RTX/Source/rtx_thread.o
    0x080062a8   0x00000204   Code   RO        29473    .text.svcRtxThreadNew  BUILD/SKRV2/ARMC6/mbed-os/rtos/source/TARGET_CORTEX/rtx5/RTX/Source/rtx_thread.o
    0x080064ac   0x00000004   Code   RO        28821    .text.thread_sleep_for  BUILD/SKRV2/ARMC6/mbed-os/platform/source/mbed_thread.o
    0x080064b0   0x0000005c   Code   RO        27736    .text.ticker_irq_handler  BUILD/SKRV2/ARMC6/mbed-os/hal/mbed_ticker_api.o
    0x0800650c   0x00000020   Code   RO        27750    .text.ticker_read_us  BUILD/SKRV2/ARMC6/mbed-os/hal/mbed_ticker_api.o
    0x0800652c   0x00000024   Code   RO        33751    .text.timer_irq_handler  BUILD/SKRV2/ARMC6/mbed-os/targets/TARGET_STM/us_ticker.o
    0x08006550   0x000000b0   Code   RO        27738    .text.update_present_time  BUILD/SKRV2/ARMC6/mbed-os/hal/mbed_ticker_api.o
    0x08006600   0x0000000c   Code   RO        33765    .text.us_ticker_clear_interrupt  BUILD/SKRV2/ARMC6/mbed-os/targets/TARGET_STM/us_ticker.o
    0x0800660c   0x00000010   Code   RO        33763    .text.us_ticker_disable_interrupt  BUILD/SKRV2/ARMC6/mbed-os/targets/TARGET_STM/us_ticker.o
    0x0800661c   0x0000001c   Code   RO        33761    .text.us_ticker_fire_interrupt  BUILD/SKRV2/ARMC6/mbed-os/targets/TARGET_STM/us_ticker.o
    0x08006638   0x00000008   Code   RO        33749    .text.us_ticker_get_info  BUILD/SKRV2/ARMC6/mbed-os/targets/TARGET_STM/us_ticker.o
    0x08006640   0x00000014   Code   RO        33755    .text.us_ticker_init  BUILD/SKRV2/ARMC6/mbed-os/targets/TARGET_STM/us_ticker.o
    0x08006654   0x00000014   Code   RO        27768    .text.us_ticker_irq_handler  BUILD/SKRV2/ARMC6/mbed-os/hal/mbed_us_ticker_api.o
    0x08006668   0x0000000c   Code   RO        33757    .text.us_ticker_read  BUILD/SKRV2/ARMC6/mbed-os/targets/TARGET_STM/us_ticker.o
    0x08006674   0x0000001c   Code   RO        33759    .text.us_ticker_set_interrupt  BUILD/SKRV2/ARMC6/mbed-os/targets/TARGET_STM/us_ticker.o
    0x08006690   0x00000028   Code   RO        28621    .text.write         BUILD/SKRV2/ARMC6/mbed-os/platform/source/mbed_retarget.o
    0x080066b8   0x0000003e   Code   RO        34470    CL$$btod_d2e        c:\ProgramData\Mbed Studio\mbed-studio-tools\ac6\bin\..\lib\armlib\c_w.l(btod.o)
    0x080066f6   0x00000046   Code   RO        34472    CL$$btod_d2e_denorm_low  c:\ProgramData\Mbed Studio\mbed-studio-tools\ac6\bin\..\lib\armlib\c_w.l(btod.o)
    0x0800673c   0x00000060   Code   RO        34471    CL$$btod_d2e_norm_op1  c:\ProgramData\Mbed Studio\mbed-studio-tools\ac6\bin\..\lib\armlib\c_w.l(btod.o)
    0x0800679c   0x00000338   Code   RO        34480    CL$$btod_div_common  c:\ProgramData\Mbed Studio\mbed-studio-tools\ac6\bin\..\lib\armlib\c_w.l(btod.o)
    0x08006ad4   0x000000dc   Code   RO        34477    CL$$btod_e2e        c:\ProgramData\Mbed Studio\mbed-studio-tools\ac6\bin\..\lib\armlib\c_w.l(btod.o)
    0x08006bb0   0x0000002a   Code   RO        34474    CL$$btod_ediv       c:\ProgramData\Mbed Studio\mbed-studio-tools\ac6\bin\..\lib\armlib\c_w.l(btod.o)
    0x08006bda   0x0000002a   Code   RO        34473    CL$$btod_emul       c:\ProgramData\Mbed Studio\mbed-studio-tools\ac6\bin\..\lib\armlib\c_w.l(btod.o)
    0x08006c04   0x00000244   Code   RO        34479    CL$$btod_mult_common  c:\ProgramData\Mbed Studio\mbed-studio-tools\ac6\bin\..\lib\armlib\c_w.l(btod.o)
    0x08006e48   0x00000030   Code   RO        34572    i.__ARM_fpclassify  c:\ProgramData\Mbed Studio\mbed-studio-tools\ac6\bin\..\lib\armlib\m_wm.l(fpclassify.o)
    0x08006e78   0x0000000e   Code   RO        33946    i._is_digit         c:\ProgramData\Mbed Studio\mbed-studio-tools\ac6\bin\..\lib\armlib\c_w.l(__printf_wp.o)
    0x08006e86   0x0000001a   Code   RO        33993    i.fputc             c:\ProgramData\Mbed Studio\mbed-studio-tools\ac6\bin\..\lib\armlib\c_w.l(fputc.o)
    0x08006ea0   0x0000002c   Code   RO        34330    locale$$code        c:\ProgramData\Mbed Studio\mbed-studio-tools\ac6\bin\..\lib\armlib\c_w.l(lc_ctype_c.o)
    0x08006ecc   0x0000002c   Code   RO        34521    locale$$code        c:\ProgramData\Mbed Studio\mbed-studio-tools\ac6\bin\..\lib\armlib\c_w.l(lc_numeric_c.o)
    0x08006ef8   0x0000001a   Code   RO        34560    x$fpl$fpinit        c:\ProgramData\Mbed Studio\mbed-studio-tools\ac6\bin\..\lib\armlib\fz_wm.l(fpinit.o)
    0x08006f12   0x00000004   Code   RO        34134    x$fpl$printf1       c:\ProgramData\Mbed Studio\mbed-studio-tools\ac6\bin\..\lib\armlib\fz_wm.l(printf1.o)
    0x08006f16   0x00000004   Code   RO        34402    x$fpl$printf2       c:\ProgramData\Mbed Studio\mbed-studio-tools\ac6\bin\..\lib\armlib\fz_wm.l(printf2.o)
    0x08006f1a   0x00000000   Code   RO        34410    x$fpl$usenofp       c:\ProgramData\Mbed Studio\mbed-studio-tools\ac6\bin\..\lib\armlib\fz_wm.l(usenofp.o)
    0x08006f1a   0x00000002   PAD
    0x08006f1c   0x00000008   Data   RO        33907    .constdata          c:\ProgramData\Mbed Studio\mbed-studio-tools\ac6\bin\..\lib\armlib\c_w.l(_printf_wctomb.o)
    0x08006f24   0x00000028   Data   RO        33934    .constdata          c:\ProgramData\Mbed Studio\mbed-studio-tools\ac6\bin\..\lib\armlib\c_w.l(_printf_hex_int_ll_ptr.o)
    0x08006f4c   0x00000011   Data   RO        33954    .constdata          c:\ProgramData\Mbed Studio\mbed-studio-tools\ac6\bin\..\lib\armlib\c_w.l(__printf_flags_ss_wp.o)
    0x08006f5d   0x00000026   Data   RO        34447    .constdata          c:\ProgramData\Mbed Studio\mbed-studio-tools\ac6\bin\..\lib\armlib\c_w.l(_printf_fp_hex.o)
    0x08006f83   0x00000001   PAD
    0x08006f84   0x00000094   Data   RO        34468    .constdata          c:\ProgramData\Mbed Studio\mbed-studio-tools\ac6\bin\..\lib\armlib\c_w.l(bigflt0.o)
    0x08007018   0x000000a0   Data   RO        29245    .rodata             BUILD/SKRV2/ARMC6/mbed-os/rtos/source/TARGET_CORTEX/rtx5/RTX/Source/rtx_lib.o
    0x080070b8   0x00000010   Data   RO        33211    .rodata.AHBPrescTable  BUILD/SKRV2/ARMC6/mbed-os/targets/TARGET_STM/TARGET_STM32F4/device/system_stm32f4xx.o
    0x080070c8   0x00000008   Data   RO        33212    .rodata.APBPrescTable  BUILD/SKRV2/ARMC6/mbed-os/targets/TARGET_STM/TARGET_STM32F4/device/system_stm32f4xx.o
    0x080070d0   0x00000090   Data   RO           11    .rodata.PinMap_UART_RX  BUILD/SKRV2/ARMC6/TARGET_SKRV2/PeripheralPins.o
    0x08007160   0x00000090   Data   RO           10    .rodata.PinMap_UART_TX  BUILD/SKRV2/ARMC6/TARGET_SKRV2/PeripheralPins.o
    0x080071f0   0x0000005c   Data   RO        28759    .rodata._ZTV12DirectSerial  BUILD/SKRV2/ARMC6/mbed-os/platform/source/mbed_retarget.o
    0x0800724c   0x00000018   Data   RO        28767    .rodata._ZZL15default_consolevE14console_pinmap  BUILD/SKRV2/ARMC6/mbed-os/platform/source/mbed_retarget.o
    0x08007264   0x00000008   Data   RO        28755    .rodata.__stderr_name  BUILD/SKRV2/ARMC6/mbed-os/platform/source/mbed_retarget.o
    0x0800726c   0x00000007   Data   RO        28753    .rodata.__stdin_name  BUILD/SKRV2/ARMC6/mbed-os/platform/source/mbed_retarget.o
    0x08007273   0x00000008   Data   RO        28754    .rodata.__stdout_name  BUILD/SKRV2/ARMC6/mbed-os/platform/source/mbed_retarget.o
    0x0800727b   0x00000001   PAD
    0x0800727c   0x00000040   Data   RO        33565    .rodata.ll_pin_defines  BUILD/SKRV2/ARMC6/mbed-os/targets/TARGET_STM/pinmap.o
    0x080072bc   0x00000004   Data   RO        28293    .rodata.mbed_fault_context  BUILD/SKRV2/ARMC6/mbed-os/platform/source/TARGET_CORTEX_M/mbed_fault_handler.o
    0x080072c0   0x00000004   Data   RO        29247    .rodata.osRtxUserSVC  BUILD/SKRV2/ARMC6/mbed-os/rtos/source/TARGET_CORTEX/rtx5/RTX/Source/rtx_lib.o
    0x080072c4   0x00000024   Data   RO        29242    .rodata.os_idle_thread_attr  BUILD/SKRV2/ARMC6/mbed-os/rtos/source/TARGET_CORTEX/rtx5/RTX/Source/rtx_lib.o
    0x080072e8   0x00000018   Data   RO        29244    .rodata.os_timer_mq_attr  BUILD/SKRV2/ARMC6/mbed-os/rtos/source/TARGET_CORTEX/rtx5/RTX/Source/rtx_lib.o
    0x08007300   0x00000024   Data   RO        29243    .rodata.os_timer_thread_attr  BUILD/SKRV2/ARMC6/mbed-os/rtos/source/TARGET_CORTEX/rtx5/RTX/Source/rtx_lib.o
    0x08007324   0x000000c8   Data   RO        28294    .rodata.str1.1      BUILD/SKRV2/ARMC6/mbed-os/platform/source/TARGET_CORTEX_M/mbed_fault_handler.o
    0x080073ec   0x00000013   Data   RO        29248    .rodata.str1.1      BUILD/SKRV2/ARMC6/mbed-os/rtos/source/TARGET_CORTEX/rtx5/RTX/Source/rtx_lib.o
    0x080073ff   0x00000001   PAD
    0x08007400   0x0000000b   Data   RO        29235    .rodata.str1.4      BUILD/SKRV2/ARMC6/mbed-os/rtos/source/TARGET_CORTEX/rtx5/RTX/Source/rtx_kernel.o
    0x0800740b   0x00000001   PAD
    0x0800740c   0x00000008   Data   RO        27772    .rodata.us_data     BUILD/SKRV2/ARMC6/mbed-os/hal/mbed_us_ticker_api.o
    0x08007414   0x00000024   Data   RO        27774    .rodata.us_interface  BUILD/SKRV2/ARMC6/mbed-os/hal/mbed_us_ticker_api.o
    0x08007438   0x00000008   Data   RO        33773    .rodata.us_ticker_get_info.info  BUILD/SKRV2/ARMC6/mbed-os/targets/TARGET_STM/us_ticker.o
    0x08007440   0x00000020   Data   RO        34689    Region$$Table       anon$$obj.o
    0x08007460   0x00000110   Data   RO        34329    locale$$data        c:\ProgramData\Mbed Studio\mbed-studio-tools\ac6\bin\..\lib\armlib\c_w.l(lc_ctype_c.o)
    0x08007570   0x0000001c   Data   RO        34520    locale$$data        c:\ProgramData\Mbed Studio\mbed-studio-tools\ac6\bin\..\lib\armlib\c_w.l(lc_numeric_c.o)


    Execution Region RW_IRAM2 (Base: 0x10000000, Size: 0x00000000, Max: 0x00010000, ABSOLUTE)

    **** No section assigned to this execution region ****


    Execution Region RW_m_crash_data (Base: 0x200001b0, Size: 0x00000100, Max: 0x00000100, ABSOLUTE)

    Base Addr    Size         Type   Attr      Idx    E Section Name        Object

    0x200001b0   0x00000100   Zero   RW            1    RW_m_crash_data.bss  anon$$obj.o


    Execution Region RW_IRAM1 (Base: 0x200002b0, Size: 0x00001ff0, Max: 0x0002f950, ABSOLUTE)

    Base Addr    Size         Type   Attr      Idx    E Section Name        Object

    0x200002b0   0x00000004   Data   RW        34019    .data               c:\ProgramData\Mbed Studio\mbed-studio-tools\ac6\bin\..\lib\armlib\c_w.l(stdio_streams.o)
    0x200002b4   0x00000004   Data   RW        34020    .data               c:\ProgramData\Mbed Studio\mbed-studio-tools\ac6\bin\..\lib\armlib\c_w.l(stdio_streams.o)
    0x200002b8   0x00000004   Data   RW        34021    .data               c:\ProgramData\Mbed Studio\mbed-studio-tools\ac6\bin\..\lib\armlib\c_w.l(stdio_streams.o)
    0x200002bc   0x00000004   Data   RW        34316    .data               c:\ProgramData\Mbed Studio\mbed-studio-tools\ac6\bin\..\lib\armlib\c_w.l(streamlock.o)
    0x200002c0   0x00000004   Data   RW        33210    .data.SystemCoreClock  BUILD/SKRV2/ARMC6/mbed-os/targets/TARGET_STM/TARGET_STM32F4/device/system_stm32f4xx.o
    0x200002c4   0x00000040   Data   RW        28766    .data._ZL11filehandles  BUILD/SKRV2/ARMC6/mbed-os/platform/source/mbed_retarget.o
    0x20000304   0x00000004   Data   RW        29041    .data._ZL14idle_hook_fptr  BUILD/SKRV2/ARMC6/mbed-os/rtos/source/TARGET_CORTEX/mbed_rtx_idle.o
    0x20000308   0x00000004   Data   RW        27773    .data.irq_handler   BUILD/SKRV2/ARMC6/mbed-os/hal/mbed_us_ticker_api.o
    0x2000030c   0x000000a4   Data   RW        29236    .data.os            BUILD/SKRV2/ARMC6/mbed-os/rtos/source/TARGET_CORTEX/rtx5/RTX/Source/rtx_kernel.o
    0x200003b0   0x00000054   Zero   RW        34016    .bss                c:\ProgramData\Mbed Studio\mbed-studio-tools\ac6\bin\..\lib\armlib\c_w.l(stdio_streams.o)
    0x20000404   0x00000054   Zero   RW        34017    .bss                c:\ProgramData\Mbed Studio\mbed-studio-tools\ac6\bin\..\lib\armlib\c_w.l(stdio_streams.o)
    0x20000458   0x00000054   Zero   RW        34018    .bss                c:\ProgramData\Mbed Studio\mbed-studio-tools\ac6\bin\..\lib\armlib\c_w.l(stdio_streams.o)
    0x200004ac   0x00000060   Zero   RW        34208    .bss                c:\ProgramData\Mbed Studio\mbed-studio-tools\ac6\bin\..\lib\armlib\c_w.l(libspace.o)
    0x2000050c   0x00000002   Zero   RW        27626    .bss..L_MergedGlobals  BUILD/SKRV2/ARMC6/mbed-os/hal/mbed_critical_section_api.o
    0x2000050e   0x00000002   PAD
    0x20000510   0x00000030   Zero   RW        27963    .bss..L_MergedGlobals  BUILD/SKRV2/ARMC6/mbed-os/platform/source/FileBase.o
    0x20000540   0x00000070   Zero   RW        28477    .bss..L_MergedGlobals  BUILD/SKRV2/ARMC6/mbed-os/platform/source/mbed_error.o
    0x200005b0   0x00000008   Zero   RW        28768    .bss..L_MergedGlobals  BUILD/SKRV2/ARMC6/mbed-os/platform/source/mbed_retarget.o
    0x200005b8   0x00000054   Zero   RW        29019    .bss..L_MergedGlobals  BUILD/SKRV2/ARMC6/mbed-os/rtos/source/TARGET_CORTEX/mbed_rtos_rtx.o
    0x2000060c   0x0000000c   Zero   RW        33378    .bss..L_MergedGlobals  BUILD/SKRV2/ARMC6/mbed-os/targets/TARGET_STM/can_api.o
    0x20000618   0x00000050   Zero   RW        33673    .bss..L_MergedGlobals  BUILD/SKRV2/ARMC6/mbed-os/targets/TARGET_STM/serial_api.o
    0x20000668   0x00000048   Zero   RW        33774    .bss..L_MergedGlobals  BUILD/SKRV2/ARMC6/mbed-os/targets/TARGET_STM/us_ticker.o
    0x200006b0   0x00000001   Zero   RW        29645    .bss.PendST         BUILD/SKRV2/ARMC6/mbed-os/rtos/source/TARGET_CORTEX/rtx5/Source/os_systick.o
    0x200006b1   0x00000003   PAD
    0x200006b4   0x00000028   Zero   RW        28758    .bss._ZL16filehandle_mutex  BUILD/SKRV2/ARMC6/mbed-os/platform/source/mbed_retarget.o
    0x200006dc   0x00000004   PAD
    0x200006e0   0x00001000   Zero   RW        29017    .bss._main_stack    BUILD/SKRV2/ARMC6/mbed-os/rtos/source/TARGET_CORTEX/mbed_rtos_rtx.o
    0x200016e0   0x00000020   Zero   RW        28994    .bss._static_mutexes  BUILD/SKRV2/ARMC6/mbed-os/rtos/source/TARGET_CORTEX/TOOLCHAIN_ARM_STD/mbed_boot_arm_std.o
    0x20001700   0x000000e0   Zero   RW        28995    .bss._static_mutexes_mem  BUILD/SKRV2/ARMC6/mbed-os/rtos/source/TARGET_CORTEX/TOOLCHAIN_ARM_STD/mbed_boot_arm_std.o
    0x200017e0   0x00000004   Zero   RW        28434    .bss.critical_section_reentrancy_counter  BUILD/SKRV2/ARMC6/mbed-os/platform/source/mbed_critical.o
    0x200017e4   0x00000002   Zero   RW        28572    .bss.deep_sleep_lock  BUILD/SKRV2/ARMC6/mbed-os/platform/source/mbed_power_mgmt.o
    0x200017e6   0x00000002   PAD
    0x200017e8   0x00000040   Zero   RW        27775    .bss.events         BUILD/SKRV2/ARMC6/mbed-os/hal/mbed_us_ticker_api.o
    0x20001828   0x00000054   Zero   RW        28292    .bss.fault_context  BUILD/SKRV2/ARMC6/mbed-os/platform/source/TARGET_CORTEX_M/mbed_fault_handler.o
    0x2000187c   0x00000001   Zero   RW        28476    .bss.halt_in_progress  BUILD/SKRV2/ARMC6/mbed-os/platform/source/mbed_error.o
    0x2000187d   0x00000001   Zero   RW        28475    .bss.mbed_error_in_progress  BUILD/SKRV2/ARMC6/mbed-os/platform/source/mbed_error.o
    0x2000187e   0x00000002   PAD
    0x20001880   0x00000004   Zero   RW        28757    .bss.mbed_heap_size  BUILD/SKRV2/ARMC6/mbed-os/platform/source/mbed_retarget.o
    0x20001884   0x00000004   Zero   RW        28756    .bss.mbed_heap_start  BUILD/SKRV2/ARMC6/mbed-os/platform/source/mbed_retarget.o
    0x20001888   0x00000004   Zero   RW        33554    .bss.mbed_sdk_inited  BUILD/SKRV2/ARMC6/mbed-os/targets/TARGET_STM/mbed_overrides.o
    0x2000188c   0x00000004   Zero   RW        29010    .bss.mbed_stack_isr_size  BUILD/SKRV2/ARMC6/mbed-os/rtos/source/TARGET_CORTEX/mbed_boot.o
    0x20001890   0x00000004   Zero   RW        29009    .bss.mbed_stack_isr_start  BUILD/SKRV2/ARMC6/mbed-os/rtos/source/TARGET_CORTEX/mbed_boot.o
    0x20001894   0x00000040   Zero   RW        29241    .bss.os             BUILD/SKRV2/ARMC6/mbed-os/rtos/source/TARGET_CORTEX/rtx5/RTX/Source/rtx_lib.o
    0x200018d4   0x000001f0   Zero   RW        28993    .bss.os.libspace    BUILD/SKRV2/ARMC6/mbed-os/rtos/source/TARGET_CORTEX/TOOLCHAIN_ARM_STD/mbed_boot_arm_std.o
    0x20001ac4   0x00000034   Zero   RW        29251    .bss.os.msgqueue.cb  BUILD/SKRV2/ARMC6/mbed-os/rtos/source/TARGET_CORTEX/rtx5/RTX/Source/rtx_lib.o
    0x20001af8   0x00000050   Zero   RW        29252    .bss.os.msgqueue.mem  BUILD/SKRV2/ARMC6/mbed-os/rtos/source/TARGET_CORTEX/rtx5/RTX/Source/rtx_lib.o
    0x20001b48   0x00000044   Zero   RW        29018    .bss.os.thread.cb   BUILD/SKRV2/ARMC6/mbed-os/rtos/source/TARGET_CORTEX/mbed_rtos_rtx.o
    0x20001b8c   0x00000088   Zero   RW        29249    .bss.os.thread.cb   BUILD/SKRV2/ARMC6/mbed-os/rtos/source/TARGET_CORTEX/rtx5/RTX/Source/rtx_lib.o
    0x20001c14   0x00000004   PAD
    0x20001c18   0x00000500   Zero   RW        29250    .bss.os.thread.stack  BUILD/SKRV2/ARMC6/mbed-os/rtos/source/TARGET_CORTEX/rtx5/RTX/Source/rtx_lib.o
    0x20002118   0x00000001   Zero   RW        28996    .bss.os_kernel_is_active.os_kernel_active  BUILD/SKRV2/ARMC6/mbed-os/rtos/source/TARGET_CORTEX/TOOLCHAIN_ARM_STD/mbed_boot_arm_std.o
    0x20002119   0x00000003   PAD
    0x2000211c   0x00000004   Zero   RW        29032    .bss.terminate_hook  BUILD/SKRV2/ARMC6/mbed-os/rtos/source/TARGET_CORTEX/mbed_rtx_handlers.o
    0x20002120   0x00000180   Zero   RW        33292    .bss.uart_handlers  BUILD/SKRV2/ARMC6/mbed-os/targets/TARGET_STM/TARGET_STM32F4/serial_device.o


    Execution Region ARM_LIB_STACK (Base: 0x2001fc00, Size: 0x00000400, Max: 0x00000400, ABSOLUTE)

    Base Addr    Size         Type   Attr      Idx    E Section Name        Object

    0x2001fc00   0x00000400   Zero   RW            2    ARM_LIB_STACK.bss   anon$$obj.o


==============================================================================

Image component sizes


      Code (inc. data)   RO Data    RW Data    ZI Data      Debug   

     17428       1530       1488        240       8852      25716   Object Totals
         0          0         32          0       1280          0   (incl. Generated)
        48          0          3          0         20          0   (incl. Padding)
     10624        442        552         16        348       7728   Library Totals
        22          0          1          0          0          0   (incl. Padding)

==============================================================================


      Code (inc. data)   RO Data    RW Data    ZI Data      Debug   

     28052       1972       2040        256       9200      27880   Grand Totals
     28052       1972       2040        256       9200      27880   ELF Image Totals
     28052       1972       2040        256          0          0   ROM Totals

==============================================================================

    Total RO  Size (Code + RO Data)                30092 (  29.39kB)
    Total RW  Size (RW Data + ZI Data)              9456 (   9.23kB)
    Total ROM Size (Code + RO Data + RW Data)      30348 (  29.64kB)

==============================================================================

